[0.118s] Invoking command in '/mnt/nas/projects/robot/pika_ros/build/realsense2_description': CMAKE_PREFIX_PATH=/mnt/nas/projects/robot/pika_ros/install/realsense2_camera_msgs:/mnt/nas/projects/robot/pika_ros/install/sensor_tools:/mnt/nas/projects/robot/pika_ros/install/realsense2_description:/mnt/nas/projects/robot/pika_ros/install/realsense2_camera:/mnt/nas/projects/robot/pika_ros/install/piper_msgs:/mnt/nas/projects/robot/pika_ros/install/piper_description:/mnt/nas/projects/robot/pika_ros/install/pika_remote_piper:/mnt/nas/projects/robot/pika_ros/install/pika_locator:/mnt/nas/projects/robot/pika_ros/install/data_tools:/mnt/nas/projects/robot/pika_ros/install/data_msgs:/mnt/nas/projects/robot/pika_ros/install/pika_remote_diana:/mnt/nas/projects/robot/pika_ros/install/piper:/opt/ros/humble LD_LIBRARY_PATH=/mnt/nas/projects/robot/pika_ros/install/realsense2_camera_msgs/lib:/mnt/nas/projects/robot/pika_ros/install/realsense2_camera/lib:/mnt/nas/projects/robot/pika_ros/install/piper_msgs/lib:/mnt/nas/projects/robot/pika_ros/install/pika_locator/lib:/mnt/nas/projects/robot/pika_ros/install/libsurvive/lib:/mnt/nas/projects/robot/pika_ros/install/data_msgs/lib:/opt/ros/humble/opt/rviz_ogre_vendor/lib:/opt/ros/humble/lib/x86_64-linux-gnu:/opt/ros/humble/lib /usr/bin/cmake /mnt/nas/projects/robot/pika_ros/src/realsense-ros/realsense2_description -DCMAKE_INSTALL_PREFIX=/mnt/nas/projects/robot/pika_ros/install/realsense2_description
[0.223s] -- The C compiler identification is GNU 11.4.0
[0.296s] -- The CXX compiler identification is GNU 11.4.0
[0.308s] -- Detecting C compiler ABI info
[0.449s] -- Detecting C compiler ABI info - done
[0.459s] -- Check for working C compiler: /usr/bin/cc - skipped
[0.459s] -- Detecting C compile features
[0.459s] -- Detecting C compile features - done
[0.465s] -- Detecting CXX compiler ABI info
[0.613s] -- Detecting CXX compiler ABI info - done
[0.625s] -- Check for working CXX compiler: /usr/bin/c++ - skipped
[0.625s] -- Detecting CXX compile features
[0.626s] -- Detecting CXX compile features - done
[0.653s] -- Found ament_cmake: 1.3.12 (/opt/ros/humble/share/ament_cmake/cmake)
[0.894s] -- Found Python3: /usr/bin/python3 (found version "3.10.12") found components: Interpreter 
[1.306s] -- Configuring done
[1.333s] -- Generating done
[1.346s] -- Build files have been written to: /mnt/nas/projects/robot/pika_ros/build/realsense2_description
[1.351s] Invoked command in '/mnt/nas/projects/robot/pika_ros/build/realsense2_description' returned '0': CMAKE_PREFIX_PATH=/mnt/nas/projects/robot/pika_ros/install/realsense2_camera_msgs:/mnt/nas/projects/robot/pika_ros/install/sensor_tools:/mnt/nas/projects/robot/pika_ros/install/realsense2_description:/mnt/nas/projects/robot/pika_ros/install/realsense2_camera:/mnt/nas/projects/robot/pika_ros/install/piper_msgs:/mnt/nas/projects/robot/pika_ros/install/piper_description:/mnt/nas/projects/robot/pika_ros/install/pika_remote_piper:/mnt/nas/projects/robot/pika_ros/install/pika_locator:/mnt/nas/projects/robot/pika_ros/install/data_tools:/mnt/nas/projects/robot/pika_ros/install/data_msgs:/mnt/nas/projects/robot/pika_ros/install/pika_remote_diana:/mnt/nas/projects/robot/pika_ros/install/piper:/opt/ros/humble LD_LIBRARY_PATH=/mnt/nas/projects/robot/pika_ros/install/realsense2_camera_msgs/lib:/mnt/nas/projects/robot/pika_ros/install/realsense2_camera/lib:/mnt/nas/projects/robot/pika_ros/install/piper_msgs/lib:/mnt/nas/projects/robot/pika_ros/install/pika_locator/lib:/mnt/nas/projects/robot/pika_ros/install/libsurvive/lib:/mnt/nas/projects/robot/pika_ros/install/data_msgs/lib:/opt/ros/humble/opt/rviz_ogre_vendor/lib:/opt/ros/humble/lib/x86_64-linux-gnu:/opt/ros/humble/lib /usr/bin/cmake /mnt/nas/projects/robot/pika_ros/src/realsense-ros/realsense2_description -DCMAKE_INSTALL_PREFIX=/mnt/nas/projects/robot/pika_ros/install/realsense2_description
[1.356s] Invoking command in '/mnt/nas/projects/robot/pika_ros/build/realsense2_description': CMAKE_PREFIX_PATH=/mnt/nas/projects/robot/pika_ros/install/realsense2_camera_msgs:/mnt/nas/projects/robot/pika_ros/install/sensor_tools:/mnt/nas/projects/robot/pika_ros/install/realsense2_description:/mnt/nas/projects/robot/pika_ros/install/realsense2_camera:/mnt/nas/projects/robot/pika_ros/install/piper_msgs:/mnt/nas/projects/robot/pika_ros/install/piper_description:/mnt/nas/projects/robot/pika_ros/install/pika_remote_piper:/mnt/nas/projects/robot/pika_ros/install/pika_locator:/mnt/nas/projects/robot/pika_ros/install/data_tools:/mnt/nas/projects/robot/pika_ros/install/data_msgs:/mnt/nas/projects/robot/pika_ros/install/pika_remote_diana:/mnt/nas/projects/robot/pika_ros/install/piper:/opt/ros/humble LD_LIBRARY_PATH=/mnt/nas/projects/robot/pika_ros/install/realsense2_camera_msgs/lib:/mnt/nas/projects/robot/pika_ros/install/realsense2_camera/lib:/mnt/nas/projects/robot/pika_ros/install/piper_msgs/lib:/mnt/nas/projects/robot/pika_ros/install/pika_locator/lib:/mnt/nas/projects/robot/pika_ros/install/libsurvive/lib:/mnt/nas/projects/robot/pika_ros/install/data_msgs/lib:/opt/ros/humble/opt/rviz_ogre_vendor/lib:/opt/ros/humble/lib/x86_64-linux-gnu:/opt/ros/humble/lib /usr/bin/cmake --build /mnt/nas/projects/robot/pika_ros/build/realsense2_description -- -j128 -l128
[1.368s] gmake: 警告：文件“Makefile”的修改时间在未来 168 秒后
[1.398s] gmake[1]: 警告：文件“CMakeFiles/Makefile2”的修改时间在未来 168 秒后
[1.398s] gmake[1]: 警告：检测到时钟错误。您的构建版本可能是不完整的。
[1.410s] gmake: 警告：检测到时钟错误。您的构建版本可能是不完整的。
[1.414s] Invoked command in '/mnt/nas/projects/robot/pika_ros/build/realsense2_description' returned '0': CMAKE_PREFIX_PATH=/mnt/nas/projects/robot/pika_ros/install/realsense2_camera_msgs:/mnt/nas/projects/robot/pika_ros/install/sensor_tools:/mnt/nas/projects/robot/pika_ros/install/realsense2_description:/mnt/nas/projects/robot/pika_ros/install/realsense2_camera:/mnt/nas/projects/robot/pika_ros/install/piper_msgs:/mnt/nas/projects/robot/pika_ros/install/piper_description:/mnt/nas/projects/robot/pika_ros/install/pika_remote_piper:/mnt/nas/projects/robot/pika_ros/install/pika_locator:/mnt/nas/projects/robot/pika_ros/install/data_tools:/mnt/nas/projects/robot/pika_ros/install/data_msgs:/mnt/nas/projects/robot/pika_ros/install/pika_remote_diana:/mnt/nas/projects/robot/pika_ros/install/piper:/opt/ros/humble LD_LIBRARY_PATH=/mnt/nas/projects/robot/pika_ros/install/realsense2_camera_msgs/lib:/mnt/nas/projects/robot/pika_ros/install/realsense2_camera/lib:/mnt/nas/projects/robot/pika_ros/install/piper_msgs/lib:/mnt/nas/projects/robot/pika_ros/install/pika_locator/lib:/mnt/nas/projects/robot/pika_ros/install/libsurvive/lib:/mnt/nas/projects/robot/pika_ros/install/data_msgs/lib:/opt/ros/humble/opt/rviz_ogre_vendor/lib:/opt/ros/humble/lib/x86_64-linux-gnu:/opt/ros/humble/lib /usr/bin/cmake --build /mnt/nas/projects/robot/pika_ros/build/realsense2_description -- -j128 -l128
[1.421s] Invoking command in '/mnt/nas/projects/robot/pika_ros/build/realsense2_description': CMAKE_PREFIX_PATH=/mnt/nas/projects/robot/pika_ros/install/realsense2_camera_msgs:/mnt/nas/projects/robot/pika_ros/install/sensor_tools:/mnt/nas/projects/robot/pika_ros/install/realsense2_description:/mnt/nas/projects/robot/pika_ros/install/realsense2_camera:/mnt/nas/projects/robot/pika_ros/install/piper_msgs:/mnt/nas/projects/robot/pika_ros/install/piper_description:/mnt/nas/projects/robot/pika_ros/install/pika_remote_piper:/mnt/nas/projects/robot/pika_ros/install/pika_locator:/mnt/nas/projects/robot/pika_ros/install/data_tools:/mnt/nas/projects/robot/pika_ros/install/data_msgs:/mnt/nas/projects/robot/pika_ros/install/pika_remote_diana:/mnt/nas/projects/robot/pika_ros/install/piper:/opt/ros/humble LD_LIBRARY_PATH=/mnt/nas/projects/robot/pika_ros/install/realsense2_camera_msgs/lib:/mnt/nas/projects/robot/pika_ros/install/realsense2_camera/lib:/mnt/nas/projects/robot/pika_ros/install/piper_msgs/lib:/mnt/nas/projects/robot/pika_ros/install/pika_locator/lib:/mnt/nas/projects/robot/pika_ros/install/libsurvive/lib:/mnt/nas/projects/robot/pika_ros/install/data_msgs/lib:/opt/ros/humble/opt/rviz_ogre_vendor/lib:/opt/ros/humble/lib/x86_64-linux-gnu:/opt/ros/humble/lib /usr/bin/cmake --install /mnt/nas/projects/robot/pika_ros/build/realsense2_description
[1.427s] -- Install configuration: ""
[1.427s] -- Up-to-date: /mnt/nas/projects/robot/pika_ros/install/realsense2_description/share/realsense2_description/launch
[1.428s] -- Installing: /mnt/nas/projects/robot/pika_ros/install/realsense2_description/share/realsense2_description/launch/launch_utils.py
[1.429s] -- Installing: /mnt/nas/projects/robot/pika_ros/install/realsense2_description/share/realsense2_description/launch/view_model.launch.py
[1.431s] -- Up-to-date: /mnt/nas/projects/robot/pika_ros/install/realsense2_description/share/realsense2_description/meshes
[1.431s] -- Installing: /mnt/nas/projects/robot/pika_ros/install/realsense2_description/share/realsense2_description/meshes/d415.stl
[1.636s] -- Installing: /mnt/nas/projects/robot/pika_ros/install/realsense2_description/share/realsense2_description/meshes/d435.dae
[1.790s] -- Installing: /mnt/nas/projects/robot/pika_ros/install/realsense2_description/share/realsense2_description/meshes/d455.stl
[1.817s] -- Installing: /mnt/nas/projects/robot/pika_ros/install/realsense2_description/share/realsense2_description/meshes/l515.dae
[2.135s] -- Installing: /mnt/nas/projects/robot/pika_ros/install/realsense2_description/share/realsense2_description/meshes/plug.stl
[2.140s] -- Installing: /mnt/nas/projects/robot/pika_ros/install/realsense2_description/share/realsense2_description/meshes/plug_collision.stl
[2.142s] -- Installing: /mnt/nas/projects/robot/pika_ros/install/realsense2_description/share/realsense2_description/meshes/d405.stl
[2.145s] -- Up-to-date: /mnt/nas/projects/robot/pika_ros/install/realsense2_description/share/realsense2_description/rviz
[2.146s] -- Installing: /mnt/nas/projects/robot/pika_ros/install/realsense2_description/share/realsense2_description/rviz/urdf.rviz
[2.147s] -- Up-to-date: /mnt/nas/projects/robot/pika_ros/install/realsense2_description/share/realsense2_description/urdf
[2.148s] -- Installing: /mnt/nas/projects/robot/pika_ros/install/realsense2_description/share/realsense2_description/urdf/_d415.urdf.xacro
[2.150s] -- Installing: /mnt/nas/projects/robot/pika_ros/install/realsense2_description/share/realsense2_description/urdf/_d435.urdf.xacro
[2.152s] -- Installing: /mnt/nas/projects/robot/pika_ros/install/realsense2_description/share/realsense2_description/urdf/_d435i.urdf.xacro
[2.153s] -- Installing: /mnt/nas/projects/robot/pika_ros/install/realsense2_description/share/realsense2_description/urdf/_d435i_imu_modules.urdf.xacro
[2.155s] -- Installing: /mnt/nas/projects/robot/pika_ros/install/realsense2_description/share/realsense2_description/urdf/_d455.urdf.xacro
[2.157s] -- Installing: /mnt/nas/projects/robot/pika_ros/install/realsense2_description/share/realsense2_description/urdf/_d405.urdf.xacro
[2.159s] -- Installing: /mnt/nas/projects/robot/pika_ros/install/realsense2_description/share/realsense2_description/urdf/_materials.urdf.xacro
[2.161s] -- Installing: /mnt/nas/projects/robot/pika_ros/install/realsense2_description/share/realsense2_description/urdf/_r410.urdf.xacro
[2.163s] -- Installing: /mnt/nas/projects/robot/pika_ros/install/realsense2_description/share/realsense2_description/urdf/_r430.urdf.xacro
[2.165s] -- Installing: /mnt/nas/projects/robot/pika_ros/install/realsense2_description/share/realsense2_description/urdf/_usb_plug.urdf.xacro
[2.167s] -- Installing: /mnt/nas/projects/robot/pika_ros/install/realsense2_description/share/realsense2_description/urdf/test_d415_camera.urdf.xacro
[2.169s] -- Installing: /mnt/nas/projects/robot/pika_ros/install/realsense2_description/share/realsense2_description/urdf/test_d435_camera.urdf.xacro
[2.171s] -- Installing: /mnt/nas/projects/robot/pika_ros/install/realsense2_description/share/realsense2_description/urdf/test_d435_multiple_cameras.urdf.xacro
[2.173s] -- Installing: /mnt/nas/projects/robot/pika_ros/install/realsense2_description/share/realsense2_description/urdf/test_d435i_camera.urdf.xacro
[2.174s] -- Installing: /mnt/nas/projects/robot/pika_ros/install/realsense2_description/share/realsense2_description/urdf/test_d455_camera.urdf.xacro
[2.177s] -- Installing: /mnt/nas/projects/robot/pika_ros/install/realsense2_description/share/realsense2_description/urdf/test_d405_camera.urdf.xacro
[2.179s] -- Installing: /mnt/nas/projects/robot/pika_ros/install/realsense2_description/share/realsense2_description/urdf/test_r410_camera.urdf.xacro
[2.181s] -- Installing: /mnt/nas/projects/robot/pika_ros/install/realsense2_description/share/realsense2_description/urdf/test_r430_camera.urdf.xacro
[2.183s] -- Installing: /mnt/nas/projects/robot/pika_ros/install/realsense2_description/share/ament_index/resource_index/package_run_dependencies/realsense2_description
[2.185s] -- Installing: /mnt/nas/projects/robot/pika_ros/install/realsense2_description/share/ament_index/resource_index/parent_prefix_path/realsense2_description
[2.186s] -- Installing: /mnt/nas/projects/robot/pika_ros/install/realsense2_description/share/realsense2_description/environment/ament_prefix_path.sh
[2.188s] -- Installing: /mnt/nas/projects/robot/pika_ros/install/realsense2_description/share/realsense2_description/environment/ament_prefix_path.dsv
[2.189s] -- Installing: /mnt/nas/projects/robot/pika_ros/install/realsense2_description/share/realsense2_description/environment/path.sh
[2.191s] -- Installing: /mnt/nas/projects/robot/pika_ros/install/realsense2_description/share/realsense2_description/environment/path.dsv
[2.192s] -- Installing: /mnt/nas/projects/robot/pika_ros/install/realsense2_description/share/realsense2_description/local_setup.bash
[2.194s] -- Installing: /mnt/nas/projects/robot/pika_ros/install/realsense2_description/share/realsense2_description/local_setup.sh
[2.196s] -- Installing: /mnt/nas/projects/robot/pika_ros/install/realsense2_description/share/realsense2_description/local_setup.zsh
[2.198s] -- Installing: /mnt/nas/projects/robot/pika_ros/install/realsense2_description/share/realsense2_description/local_setup.dsv
[2.199s] -- Installing: /mnt/nas/projects/robot/pika_ros/install/realsense2_description/share/realsense2_description/package.dsv
[2.201s] -- Installing: /mnt/nas/projects/robot/pika_ros/install/realsense2_description/share/ament_index/resource_index/packages/realsense2_description
[2.203s] -- Installing: /mnt/nas/projects/robot/pika_ros/install/realsense2_description/share/realsense2_description/cmake/realsense2_descriptionConfig.cmake
[2.204s] -- Installing: /mnt/nas/projects/robot/pika_ros/install/realsense2_description/share/realsense2_description/cmake/realsense2_descriptionConfig-version.cmake
[2.205s] -- Installing: /mnt/nas/projects/robot/pika_ros/install/realsense2_description/share/realsense2_description/package.xml
[2.211s] Invoked command in '/mnt/nas/projects/robot/pika_ros/build/realsense2_description' returned '0': CMAKE_PREFIX_PATH=/mnt/nas/projects/robot/pika_ros/install/realsense2_camera_msgs:/mnt/nas/projects/robot/pika_ros/install/sensor_tools:/mnt/nas/projects/robot/pika_ros/install/realsense2_description:/mnt/nas/projects/robot/pika_ros/install/realsense2_camera:/mnt/nas/projects/robot/pika_ros/install/piper_msgs:/mnt/nas/projects/robot/pika_ros/install/piper_description:/mnt/nas/projects/robot/pika_ros/install/pika_remote_piper:/mnt/nas/projects/robot/pika_ros/install/pika_locator:/mnt/nas/projects/robot/pika_ros/install/data_tools:/mnt/nas/projects/robot/pika_ros/install/data_msgs:/mnt/nas/projects/robot/pika_ros/install/pika_remote_diana:/mnt/nas/projects/robot/pika_ros/install/piper:/opt/ros/humble LD_LIBRARY_PATH=/mnt/nas/projects/robot/pika_ros/install/realsense2_camera_msgs/lib:/mnt/nas/projects/robot/pika_ros/install/realsense2_camera/lib:/mnt/nas/projects/robot/pika_ros/install/piper_msgs/lib:/mnt/nas/projects/robot/pika_ros/install/pika_locator/lib:/mnt/nas/projects/robot/pika_ros/install/libsurvive/lib:/mnt/nas/projects/robot/pika_ros/install/data_msgs/lib:/opt/ros/humble/opt/rviz_ogre_vendor/lib:/opt/ros/humble/lib/x86_64-linux-gnu:/opt/ros/humble/lib /usr/bin/cmake --install /mnt/nas/projects/robot/pika_ros/build/realsense2_description
