[0.063s] Invoking command in '/mnt/nas/projects/robot/pika_ros/build/data_tools': CMAKE_PREFIX_PATH=${CMAKE_PREFIX_PATH}:/mnt/nas/projects/robot/pika_ros/install/piper:/mnt/nas/projects/robot/pika_ros/install/pika_remote_diana:/opt/ros/humble CONDA_PROMPT_MODIFIER=(base) /usr/bin/cmake --build /mnt/nas/projects/robot/pika_ros/build/data_tools -- -j128 -l128
[0.143s] [35m[1mConsolidate compiler generated dependencies of target data_tools_dataCapture[0m
[0.147s] [35m[1mConsolidate compiler generated dependencies of target data_tools_dataPublish[0m
[0.147s] [35m[1mConsolidate compiler generated dependencies of target data_tools_dataSync[0m
[0.175s] gmake[2]: 警告：文件“CMakeFiles/data_tools_dataCapture.dir/compiler_depend.make”的修改时间在未来 263 秒后
[0.180s] gmake[2]: 警告：文件“CMakeFiles/data_tools_dataPublish.dir/compiler_depend.make”的修改时间在未来 263 秒后
[0.187s] gmake[2]: 警告：文件“CMakeFiles/data_tools_dataSync.dir/compiler_depend.make”的修改时间在未来 263 秒后
[0.235s] [ 16%] [32m[1mLinking CXX executable data_tools_dataCapture[0m
[0.236s] [ 33%] [32m[1mLinking CXX executable data_tools_dataSync[0m
[0.240s] [ 50%] [32m[1mLinking CXX executable data_tools_dataPublish[0m
[0.700s] gmake[2]: 警告：检测到时钟错误。您的构建版本可能是不完整的。
[0.717s] [ 66%] Built target data_tools_dataSync
[1.025s] gmake[2]: 警告：检测到时钟错误。您的构建版本可能是不完整的。
[1.040s] [ 83%] Built target data_tools_dataPublish
[2.114s] gmake[2]: 警告：检测到时钟错误。您的构建版本可能是不完整的。
[2.128s] [100%] Built target data_tools_dataCapture
[2.146s] Invoked command in '/mnt/nas/projects/robot/pika_ros/build/data_tools' returned '0': CMAKE_PREFIX_PATH=${CMAKE_PREFIX_PATH}:/mnt/nas/projects/robot/pika_ros/install/piper:/mnt/nas/projects/robot/pika_ros/install/pika_remote_diana:/opt/ros/humble CONDA_PROMPT_MODIFIER=(base) /usr/bin/cmake --build /mnt/nas/projects/robot/pika_ros/build/data_tools -- -j128 -l128
[2.163s] Invoking command in '/mnt/nas/projects/robot/pika_ros/build/data_tools': CMAKE_PREFIX_PATH=${CMAKE_PREFIX_PATH}:/mnt/nas/projects/robot/pika_ros/install/piper:/mnt/nas/projects/robot/pika_ros/install/pika_remote_diana:/opt/ros/humble CONDA_PROMPT_MODIFIER=(base) /usr/bin/cmake --install /mnt/nas/projects/robot/pika_ros/build/data_tools
[2.171s] -- Install configuration: "Release"
[2.171s] -- Up-to-date: /mnt/nas/projects/robot/pika_ros/install/data_tools/share/data_tools//launch
[2.172s] -- Up-to-date: /mnt/nas/projects/robot/pika_ros/install/data_tools/share/data_tools//launch/run_aloha_data_capture_to_mcap.launch.py
[2.173s] -- Up-to-date: /mnt/nas/projects/robot/pika_ros/install/data_tools/share/data_tools//launch/run_compress_camera.launch.py
[2.174s] -- Up-to-date: /mnt/nas/projects/robot/pika_ros/install/data_tools/share/data_tools//launch/run_data_capture.launch.py
[2.174s] -- Up-to-date: /mnt/nas/projects/robot/pika_ros/install/data_tools/share/data_tools//launch/run_data_capture_to_mcap.launch.py
[2.175s] -- Up-to-date: /mnt/nas/projects/robot/pika_ros/install/data_tools/share/data_tools//launch/run_data_publish.launch.py
[2.175s] -- Up-to-date: /mnt/nas/projects/robot/pika_ros/install/data_tools/share/data_tools//launch/run_data_sync.launch.py
[2.176s] -- Up-to-date: /mnt/nas/projects/robot/pika_ros/install/data_tools/share/data_tools//launch/run_lift_data_capture_to_mcap.launch.py
[2.176s] -- Up-to-date: /mnt/nas/projects/robot/pika_ros/install/data_tools/share/data_tools//launch/run_multi_data_capture_to_mcap.launch.py
[2.176s] -- Up-to-date: /mnt/nas/projects/robot/pika_ros/install/data_tools/share/data_tools//config
[2.177s] -- Up-to-date: /mnt/nas/projects/robot/pika_ros/install/data_tools/share/data_tools//config/aloha_data_params.yaml
[2.177s] -- Up-to-date: /mnt/nas/projects/robot/pika_ros/install/data_tools/share/data_tools//config/lift_data_params.yaml
[2.178s] -- Up-to-date: /mnt/nas/projects/robot/pika_ros/install/data_tools/share/data_tools//config/multi_pika_data_params.yaml
[2.178s] -- Up-to-date: /mnt/nas/projects/robot/pika_ros/install/data_tools/share/data_tools//config/multi_pika_teleop_data_params.yaml
[2.178s] -- Up-to-date: /mnt/nas/projects/robot/pika_ros/install/data_tools/share/data_tools//config/single_pika_data_params.yaml
[2.179s] -- Installing: /mnt/nas/projects/robot/pika_ros/install/data_tools/share/data_tools//config/single_pika_teleop_data_params.yaml
[2.190s] -- Installing: /mnt/nas/projects/robot/pika_ros/install/data_tools/lib/data_tools/data_tools_dataCapture
[2.252s] -- Set runtime path of "/mnt/nas/projects/robot/pika_ros/install/data_tools/lib/data_tools/data_tools_dataCapture" to ""
[2.272s] -- Installing: /mnt/nas/projects/robot/pika_ros/install/data_tools/lib/data_tools/data_tools_dataSync
[2.283s] -- Set runtime path of "/mnt/nas/projects/robot/pika_ros/install/data_tools/lib/data_tools/data_tools_dataSync" to ""
[2.284s] -- Installing: /mnt/nas/projects/robot/pika_ros/install/data_tools/lib/data_tools/data_tools_dataPublish
[2.303s] -- Set runtime path of "/mnt/nas/projects/robot/pika_ros/install/data_tools/lib/data_tools/data_tools_dataPublish" to ""
[2.304s] -- Up-to-date: /mnt/nas/projects/robot/pika_ros/install/data_tools/include
[2.305s] -- Up-to-date: /mnt/nas/projects/robot/pika_ros/install/data_tools/include/blockingDeque.h
[2.305s] -- Up-to-date: /mnt/nas/projects/robot/pika_ros/install/data_tools/include/dataUtility.h
[2.306s] -- Up-to-date: /mnt/nas/projects/robot/pika_ros/install/data_tools/lib/data_tools/aloha_data_to_mcap.py
[2.306s] -- Up-to-date: /mnt/nas/projects/robot/pika_ros/install/data_tools/lib/data_tools/camera_point_cloud_filter.py
[2.307s] -- Up-to-date: /mnt/nas/projects/robot/pika_ros/install/data_tools/lib/data_tools/compress_camera.py
[2.307s] -- Up-to-date: /mnt/nas/projects/robot/pika_ros/install/data_tools/lib/data_tools/data_publish.py
[2.308s] -- Up-to-date: /mnt/nas/projects/robot/pika_ros/install/data_tools/lib/data_tools/data_refacctoring_tar.py
[2.308s] -- Up-to-date: /mnt/nas/projects/robot/pika_ros/install/data_tools/lib/data_tools/data_sync.py
[2.309s] -- Up-to-date: /mnt/nas/projects/robot/pika_ros/install/data_tools/lib/data_tools/data_to_hdf5.py
[2.309s] -- Up-to-date: /mnt/nas/projects/robot/pika_ros/install/data_tools/lib/data_tools/hdf5_to_lerobot.py
[2.309s] -- Up-to-date: /mnt/nas/projects/robot/pika_ros/install/data_tools/lib/data_tools/hdf5_to_mcap.py
[2.310s] -- Up-to-date: /mnt/nas/projects/robot/pika_ros/install/data_tools/lib/data_tools/load_data_example.py
[2.310s] -- Up-to-date: /mnt/nas/projects/robot/pika_ros/install/data_tools/lib/data_tools/mcap_to_aloha_data.py
[2.311s] -- Up-to-date: /mnt/nas/projects/robot/pika_ros/install/data_tools/lib/data_tools/record_mcap.py
[2.311s] -- Up-to-date: /mnt/nas/projects/robot/pika_ros/install/data_tools/share/ament_index/resource_index/package_run_dependencies/data_tools
[2.311s] -- Up-to-date: /mnt/nas/projects/robot/pika_ros/install/data_tools/share/ament_index/resource_index/parent_prefix_path/data_tools
[2.312s] -- Up-to-date: /mnt/nas/projects/robot/pika_ros/install/data_tools/share/data_tools/environment/ament_prefix_path.sh
[2.312s] -- Up-to-date: /mnt/nas/projects/robot/pika_ros/install/data_tools/share/data_tools/environment/ament_prefix_path.dsv
[2.312s] -- Up-to-date: /mnt/nas/projects/robot/pika_ros/install/data_tools/share/data_tools/environment/path.sh
[2.313s] -- Up-to-date: /mnt/nas/projects/robot/pika_ros/install/data_tools/share/data_tools/environment/path.dsv
[2.313s] -- Up-to-date: /mnt/nas/projects/robot/pika_ros/install/data_tools/share/data_tools/local_setup.bash
[2.314s] -- Up-to-date: /mnt/nas/projects/robot/pika_ros/install/data_tools/share/data_tools/local_setup.sh
[2.314s] -- Up-to-date: /mnt/nas/projects/robot/pika_ros/install/data_tools/share/data_tools/local_setup.zsh
[2.314s] -- Up-to-date: /mnt/nas/projects/robot/pika_ros/install/data_tools/share/data_tools/local_setup.dsv
[2.315s] -- Installing: /mnt/nas/projects/robot/pika_ros/install/data_tools/share/data_tools/package.dsv
[2.317s] -- Up-to-date: /mnt/nas/projects/robot/pika_ros/install/data_tools/share/ament_index/resource_index/packages/data_tools
[2.318s] -- Up-to-date: /mnt/nas/projects/robot/pika_ros/install/data_tools/share/data_tools/cmake/ament_cmake_export_include_directories-extras.cmake
[2.318s] -- Up-to-date: /mnt/nas/projects/robot/pika_ros/install/data_tools/share/data_tools/cmake/data_toolsConfig.cmake
[2.318s] -- Up-to-date: /mnt/nas/projects/robot/pika_ros/install/data_tools/share/data_tools/cmake/data_toolsConfig-version.cmake
[2.319s] -- Up-to-date: /mnt/nas/projects/robot/pika_ros/install/data_tools/share/data_tools/package.xml
[2.323s] Invoked command in '/mnt/nas/projects/robot/pika_ros/build/data_tools' returned '0': CMAKE_PREFIX_PATH=${CMAKE_PREFIX_PATH}:/mnt/nas/projects/robot/pika_ros/install/piper:/mnt/nas/projects/robot/pika_ros/install/pika_remote_diana:/opt/ros/humble CONDA_PROMPT_MODIFIER=(base) /usr/bin/cmake --install /mnt/nas/projects/robot/pika_ros/build/data_tools
