[0.118s] DEBUG:colcon:Command line arguments: ['/usr/bin/colcon', 'build', '--packages-select', 'diana_robot']
[0.118s] DEBUG:colcon:Parsed command line arguments: Namespace(log_base=None, log_level=None, verb_name='build', build_base='build', install_base='install', merge_install=False, symlink_install=False, test_result_base=None, continue_on_error=False, executor='parallel', parallel_workers=128, event_handlers=None, ignore_user_meta=False, metas=['./colcon.meta'], base_paths=['.'], packages_ignore=None, packages_ignore_regex=None, paths=None, packages_up_to=None, packages_up_to_regex=None, packages_above=None, packages_above_and_dependencies=None, packages_above_depth=None, packages_select_by_dep=None, packages_skip_by_dep=None, packages_skip_up_to=None, packages_select_build_failed=False, packages_skip_build_finished=False, packages_select_test_failures=False, packages_skip_test_passed=False, packages_select=['diana_robot'], packages_skip=None, packages_select_regex=None, packages_skip_regex=None, packages_start=None, packages_end=None, allow_overriding=[], cmake_args=None, cmake_target=None, cmake_target_skip_unavailable=False, cmake_clean_cache=False, cmake_clean_first=False, cmake_force_configure=False, ament_cmake_args=None, catkin_cmake_args=None, catkin_skip_building_tests=False, verb_parser=<colcon_defaults.argument_parser.defaults.DefaultArgumentsDecorator object at 0x720d78154c10>, verb_extension=<colcon_core.verb.build.BuildVerb object at 0x720d7825e050>, main=<bound method BuildVerb.main of <colcon_core.verb.build.BuildVerb object at 0x720d7825e050>>)
[0.290s] Level 1:colcon.colcon_core.package_discovery:discover_packages(colcon_meta) check parameters
[0.290s] Level 1:colcon.colcon_core.package_discovery:discover_packages(recursive) check parameters
[0.290s] Level 1:colcon.colcon_core.package_discovery:discover_packages(ignore) check parameters
[0.290s] Level 1:colcon.colcon_core.package_discovery:discover_packages(path) check parameters
[0.290s] Level 1:colcon.colcon_core.package_discovery:discover_packages(colcon_meta) discover
[0.290s] Level 1:colcon.colcon_core.package_discovery:discover_packages(recursive) discover
[0.290s] INFO:colcon.colcon_core.package_discovery:Crawling recursively for packages in '/mnt/nas/projects/robot/pika_ros'
[0.291s] Level 1:colcon.colcon_core.package_identification:_identify(.) by extensions ['ignore', 'ignore_ament_install']
[0.291s] Level 1:colcon.colcon_core.package_identification:_identify(.) by extension 'ignore'
[0.291s] Level 1:colcon.colcon_core.package_identification:_identify(.) by extension 'ignore_ament_install'
[0.291s] Level 1:colcon.colcon_core.package_identification:_identify(.) by extensions ['colcon_pkg']
[0.291s] Level 1:colcon.colcon_core.package_identification:_identify(.) by extension 'colcon_pkg'
[0.291s] Level 1:colcon.colcon_core.package_identification:_identify(.) by extensions ['colcon_meta']
[0.292s] Level 1:colcon.colcon_core.package_identification:_identify(.) by extension 'colcon_meta'
[0.292s] Level 1:colcon.colcon_core.package_identification:_identify(.) by extensions ['ros']
[0.292s] Level 1:colcon.colcon_core.package_identification:_identify(.) by extension 'ros'
[0.303s] Level 1:colcon.colcon_core.package_identification:_identify(.) by extensions ['cmake', 'python']
[0.303s] Level 1:colcon.colcon_core.package_identification:_identify(.) by extension 'cmake'
[0.303s] Level 1:colcon.colcon_core.package_identification:_identify(.) by extension 'python'
[0.303s] Level 1:colcon.colcon_core.package_identification:_identify(.) by extensions ['python_setup_py']
[0.304s] Level 1:colcon.colcon_core.package_identification:_identify(.) by extension 'python_setup_py'
[0.304s] Level 1:colcon.colcon_core.package_identification:_identify(build) by extensions ['ignore', 'ignore_ament_install']
[0.304s] Level 1:colcon.colcon_core.package_identification:_identify(build) by extension 'ignore'
[0.304s] Level 1:colcon.colcon_core.package_identification:_identify(build) ignored
[0.305s] Level 1:colcon.colcon_core.package_identification:_identify(install) by extensions ['ignore', 'ignore_ament_install']
[0.305s] Level 1:colcon.colcon_core.package_identification:_identify(install) by extension 'ignore'
[0.306s] Level 1:colcon.colcon_core.package_identification:_identify(install) ignored
[0.306s] Level 1:colcon.colcon_core.package_identification:_identify(log) by extensions ['ignore', 'ignore_ament_install']
[0.306s] Level 1:colcon.colcon_core.package_identification:_identify(log) by extension 'ignore'
[0.307s] Level 1:colcon.colcon_core.package_identification:_identify(log) ignored
[0.307s] Level 1:colcon.colcon_core.package_identification:_identify(scripts) by extensions ['ignore', 'ignore_ament_install']
[0.307s] Level 1:colcon.colcon_core.package_identification:_identify(scripts) by extension 'ignore'
[0.307s] Level 1:colcon.colcon_core.package_identification:_identify(scripts) by extension 'ignore_ament_install'
[0.307s] Level 1:colcon.colcon_core.package_identification:_identify(scripts) by extensions ['colcon_pkg']
[0.307s] Level 1:colcon.colcon_core.package_identification:_identify(scripts) by extension 'colcon_pkg'
[0.307s] Level 1:colcon.colcon_core.package_identification:_identify(scripts) by extensions ['colcon_meta']
[0.307s] Level 1:colcon.colcon_core.package_identification:_identify(scripts) by extension 'colcon_meta'
[0.308s] Level 1:colcon.colcon_core.package_identification:_identify(scripts) by extensions ['ros']
[0.308s] Level 1:colcon.colcon_core.package_identification:_identify(scripts) by extension 'ros'
[0.308s] Level 1:colcon.colcon_core.package_identification:_identify(scripts) by extensions ['cmake', 'python']
[0.308s] Level 1:colcon.colcon_core.package_identification:_identify(scripts) by extension 'cmake'
[0.308s] Level 1:colcon.colcon_core.package_identification:_identify(scripts) by extension 'python'
[0.308s] Level 1:colcon.colcon_core.package_identification:_identify(scripts) by extensions ['python_setup_py']
[0.308s] Level 1:colcon.colcon_core.package_identification:_identify(scripts) by extension 'python_setup_py'
[0.309s] Level 1:colcon.colcon_core.package_identification:_identify(source) by extensions ['ignore', 'ignore_ament_install']
[0.309s] Level 1:colcon.colcon_core.package_identification:_identify(source) by extension 'ignore'
[0.309s] Level 1:colcon.colcon_core.package_identification:_identify(source) by extension 'ignore_ament_install'
[0.309s] Level 1:colcon.colcon_core.package_identification:_identify(source) by extensions ['colcon_pkg']
[0.310s] Level 1:colcon.colcon_core.package_identification:_identify(source) by extension 'colcon_pkg'
[0.310s] Level 1:colcon.colcon_core.package_identification:_identify(source) by extensions ['colcon_meta']
[0.310s] Level 1:colcon.colcon_core.package_identification:_identify(source) by extension 'colcon_meta'
[0.310s] Level 1:colcon.colcon_core.package_identification:_identify(source) by extensions ['ros']
[0.310s] Level 1:colcon.colcon_core.package_identification:_identify(source) by extension 'ros'
[0.310s] Level 1:colcon.colcon_core.package_identification:_identify(source) by extensions ['cmake', 'python']
[0.311s] Level 1:colcon.colcon_core.package_identification:_identify(source) by extension 'cmake'
[0.311s] Level 1:colcon.colcon_core.package_identification:_identify(source) by extension 'python'
[0.311s] Level 1:colcon.colcon_core.package_identification:_identify(source) by extensions ['python_setup_py']
[0.311s] Level 1:colcon.colcon_core.package_identification:_identify(source) by extension 'python_setup_py'
[0.311s] Level 1:colcon.colcon_core.package_identification:_identify(src) by extensions ['ignore', 'ignore_ament_install']
[0.311s] Level 1:colcon.colcon_core.package_identification:_identify(src) by extension 'ignore'
[0.312s] Level 1:colcon.colcon_core.package_identification:_identify(src) by extension 'ignore_ament_install'
[0.312s] Level 1:colcon.colcon_core.package_identification:_identify(src) by extensions ['colcon_pkg']
[0.312s] Level 1:colcon.colcon_core.package_identification:_identify(src) by extension 'colcon_pkg'
[0.312s] Level 1:colcon.colcon_core.package_identification:_identify(src) by extensions ['colcon_meta']
[0.312s] Level 1:colcon.colcon_core.package_identification:_identify(src) by extension 'colcon_meta'
[0.312s] Level 1:colcon.colcon_core.package_identification:_identify(src) by extensions ['ros']
[0.313s] Level 1:colcon.colcon_core.package_identification:_identify(src) by extension 'ros'
[0.313s] Level 1:colcon.colcon_core.package_identification:_identify(src) by extensions ['cmake', 'python']
[0.313s] Level 1:colcon.colcon_core.package_identification:_identify(src) by extension 'cmake'
[0.313s] Level 1:colcon.colcon_core.package_identification:_identify(src) by extension 'python'
[0.313s] Level 1:colcon.colcon_core.package_identification:_identify(src) by extensions ['python_setup_py']
[0.313s] Level 1:colcon.colcon_core.package_identification:_identify(src) by extension 'python_setup_py'
[0.314s] Level 1:colcon.colcon_core.package_identification:_identify(src/PikaAnyArm) by extensions ['ignore', 'ignore_ament_install']
[0.314s] Level 1:colcon.colcon_core.package_identification:_identify(src/PikaAnyArm) by extension 'ignore'
[0.314s] Level 1:colcon.colcon_core.package_identification:_identify(src/PikaAnyArm) by extension 'ignore_ament_install'
[0.314s] Level 1:colcon.colcon_core.package_identification:_identify(src/PikaAnyArm) by extensions ['colcon_pkg']
[0.314s] Level 1:colcon.colcon_core.package_identification:_identify(src/PikaAnyArm) by extension 'colcon_pkg'
[0.314s] Level 1:colcon.colcon_core.package_identification:_identify(src/PikaAnyArm) by extensions ['colcon_meta']
[0.314s] Level 1:colcon.colcon_core.package_identification:_identify(src/PikaAnyArm) by extension 'colcon_meta'
[0.314s] Level 1:colcon.colcon_core.package_identification:_identify(src/PikaAnyArm) by extensions ['ros']
[0.315s] Level 1:colcon.colcon_core.package_identification:_identify(src/PikaAnyArm) by extension 'ros'
[0.315s] Level 1:colcon.colcon_core.package_identification:_identify(src/PikaAnyArm) by extensions ['cmake', 'python']
[0.315s] Level 1:colcon.colcon_core.package_identification:_identify(src/PikaAnyArm) by extension 'cmake'
[0.315s] Level 1:colcon.colcon_core.package_identification:_identify(src/PikaAnyArm) by extension 'python'
[0.315s] Level 1:colcon.colcon_core.package_identification:_identify(src/PikaAnyArm) by extensions ['python_setup_py']
[0.315s] Level 1:colcon.colcon_core.package_identification:_identify(src/PikaAnyArm) by extension 'python_setup_py'
[0.316s] Level 1:colcon.colcon_core.package_identification:_identify(src/PikaAnyArm/diana) by extensions ['ignore', 'ignore_ament_install']
[0.316s] Level 1:colcon.colcon_core.package_identification:_identify(src/PikaAnyArm/diana) by extension 'ignore'
[0.316s] Level 1:colcon.colcon_core.package_identification:_identify(src/PikaAnyArm/diana) by extension 'ignore_ament_install'
[0.316s] Level 1:colcon.colcon_core.package_identification:_identify(src/PikaAnyArm/diana) by extensions ['colcon_pkg']
[0.316s] Level 1:colcon.colcon_core.package_identification:_identify(src/PikaAnyArm/diana) by extension 'colcon_pkg'
[0.316s] Level 1:colcon.colcon_core.package_identification:_identify(src/PikaAnyArm/diana) by extensions ['colcon_meta']
[0.317s] Level 1:colcon.colcon_core.package_identification:_identify(src/PikaAnyArm/diana) by extension 'colcon_meta'
[0.317s] Level 1:colcon.colcon_core.package_identification:_identify(src/PikaAnyArm/diana) by extensions ['ros']
[0.317s] Level 1:colcon.colcon_core.package_identification:_identify(src/PikaAnyArm/diana) by extension 'ros'
[0.317s] Level 1:colcon.colcon_core.package_identification:_identify(src/PikaAnyArm/diana) by extensions ['cmake', 'python']
[0.317s] Level 1:colcon.colcon_core.package_identification:_identify(src/PikaAnyArm/diana) by extension 'cmake'
[0.317s] Level 1:colcon.colcon_core.package_identification:_identify(src/PikaAnyArm/diana) by extension 'python'
[0.317s] Level 1:colcon.colcon_core.package_identification:_identify(src/PikaAnyArm/diana) by extensions ['python_setup_py']
[0.317s] Level 1:colcon.colcon_core.package_identification:_identify(src/PikaAnyArm/diana) by extension 'python_setup_py'
[0.318s] Level 1:colcon.colcon_core.package_identification:_identify(src/PikaAnyArm/diana/diana_sdk) by extensions ['ignore', 'ignore_ament_install']
[0.318s] Level 1:colcon.colcon_core.package_identification:_identify(src/PikaAnyArm/diana/diana_sdk) by extension 'ignore'
[0.318s] Level 1:colcon.colcon_core.package_identification:_identify(src/PikaAnyArm/diana/diana_sdk) by extension 'ignore_ament_install'
[0.319s] Level 1:colcon.colcon_core.package_identification:_identify(src/PikaAnyArm/diana/diana_sdk) by extensions ['colcon_pkg']
[0.319s] Level 1:colcon.colcon_core.package_identification:_identify(src/PikaAnyArm/diana/diana_sdk) by extension 'colcon_pkg'
[0.319s] Level 1:colcon.colcon_core.package_identification:_identify(src/PikaAnyArm/diana/diana_sdk) by extensions ['colcon_meta']
[0.319s] Level 1:colcon.colcon_core.package_identification:_identify(src/PikaAnyArm/diana/diana_sdk) by extension 'colcon_meta'
[0.319s] Level 1:colcon.colcon_core.package_identification:_identify(src/PikaAnyArm/diana/diana_sdk) by extensions ['ros']
[0.319s] Level 1:colcon.colcon_core.package_identification:_identify(src/PikaAnyArm/diana/diana_sdk) by extension 'ros'
[0.319s] Level 1:colcon.colcon_core.package_identification:_identify(src/PikaAnyArm/diana/diana_sdk) by extensions ['cmake', 'python']
[0.319s] Level 1:colcon.colcon_core.package_identification:_identify(src/PikaAnyArm/diana/diana_sdk) by extension 'cmake'
[0.319s] Level 1:colcon.colcon_core.package_identification:_identify(src/PikaAnyArm/diana/diana_sdk) by extension 'python'
[0.320s] Level 1:colcon.colcon_core.package_identification:_identify(src/PikaAnyArm/diana/diana_sdk) by extensions ['python_setup_py']
[0.320s] Level 1:colcon.colcon_core.package_identification:_identify(src/PikaAnyArm/diana/diana_sdk) by extension 'python_setup_py'
[0.587s] DEBUG:colcon.colcon_core.package_identification:Package 'src/PikaAnyArm/diana/diana_sdk' with type 'python' and name 'diana_robot'
[0.588s] Level 1:colcon.colcon_core.package_identification:_identify(src/PikaAnyArm/diana/pika_remote_diana) by extensions ['ignore', 'ignore_ament_install']
[0.588s] Level 1:colcon.colcon_core.package_identification:_identify(src/PikaAnyArm/diana/pika_remote_diana) by extension 'ignore'
[0.588s] Level 1:colcon.colcon_core.package_identification:_identify(src/PikaAnyArm/diana/pika_remote_diana) by extension 'ignore_ament_install'
[0.588s] Level 1:colcon.colcon_core.package_identification:_identify(src/PikaAnyArm/diana/pika_remote_diana) by extensions ['colcon_pkg']
[0.588s] Level 1:colcon.colcon_core.package_identification:_identify(src/PikaAnyArm/diana/pika_remote_diana) by extension 'colcon_pkg'
[0.589s] Level 1:colcon.colcon_core.package_identification:_identify(src/PikaAnyArm/diana/pika_remote_diana) by extensions ['colcon_meta']
[0.589s] Level 1:colcon.colcon_core.package_identification:_identify(src/PikaAnyArm/diana/pika_remote_diana) by extension 'colcon_meta'
[0.589s] Level 1:colcon.colcon_core.package_identification:_identify(src/PikaAnyArm/diana/pika_remote_diana) by extensions ['ros']
[0.589s] Level 1:colcon.colcon_core.package_identification:_identify(src/PikaAnyArm/diana/pika_remote_diana) by extension 'ros'
[0.592s] DEBUG:colcon.colcon_core.package_identification:Package 'src/PikaAnyArm/diana/pika_remote_diana' with type 'ros.ament_python' and name 'pika_remote_diana'
[0.592s] Level 1:colcon.colcon_core.package_identification:_identify(src/data_msgs) by extensions ['ignore', 'ignore_ament_install']
[0.592s] Level 1:colcon.colcon_core.package_identification:_identify(src/data_msgs) by extension 'ignore'
[0.593s] Level 1:colcon.colcon_core.package_identification:_identify(src/data_msgs) by extension 'ignore_ament_install'
[0.593s] Level 1:colcon.colcon_core.package_identification:_identify(src/data_msgs) by extensions ['colcon_pkg']
[0.593s] Level 1:colcon.colcon_core.package_identification:_identify(src/data_msgs) by extension 'colcon_pkg'
[0.593s] Level 1:colcon.colcon_core.package_identification:_identify(src/data_msgs) by extensions ['colcon_meta']
[0.594s] Level 1:colcon.colcon_core.package_identification:_identify(src/data_msgs) by extension 'colcon_meta'
[0.594s] Level 1:colcon.colcon_core.package_identification:_identify(src/data_msgs) by extensions ['ros']
[0.594s] Level 1:colcon.colcon_core.package_identification:_identify(src/data_msgs) by extension 'ros'
[0.595s] DEBUG:colcon.colcon_core.package_identification:Package 'src/data_msgs' with type 'ros.ament_cmake' and name 'data_msgs'
[0.596s] Level 1:colcon.colcon_core.package_identification:_identify(src/data_tools) by extensions ['ignore', 'ignore_ament_install']
[0.596s] Level 1:colcon.colcon_core.package_identification:_identify(src/data_tools) by extension 'ignore'
[0.596s] Level 1:colcon.colcon_core.package_identification:_identify(src/data_tools) by extension 'ignore_ament_install'
[0.596s] Level 1:colcon.colcon_core.package_identification:_identify(src/data_tools) by extensions ['colcon_pkg']
[0.596s] Level 1:colcon.colcon_core.package_identification:_identify(src/data_tools) by extension 'colcon_pkg'
[0.596s] Level 1:colcon.colcon_core.package_identification:_identify(src/data_tools) by extensions ['colcon_meta']
[0.596s] Level 1:colcon.colcon_core.package_identification:_identify(src/data_tools) by extension 'colcon_meta'
[0.596s] Level 1:colcon.colcon_core.package_identification:_identify(src/data_tools) by extensions ['ros']
[0.597s] Level 1:colcon.colcon_core.package_identification:_identify(src/data_tools) by extension 'ros'
[0.598s] DEBUG:colcon.colcon_core.package_identification:Package 'src/data_tools' with type 'ros.ament_cmake' and name 'data_tools'
[0.598s] Level 1:colcon.colcon_core.package_identification:_identify(src/realsense-ros) by extensions ['ignore', 'ignore_ament_install']
[0.599s] Level 1:colcon.colcon_core.package_identification:_identify(src/realsense-ros) by extension 'ignore'
[0.599s] Level 1:colcon.colcon_core.package_identification:_identify(src/realsense-ros) by extension 'ignore_ament_install'
[0.599s] Level 1:colcon.colcon_core.package_identification:_identify(src/realsense-ros) by extensions ['colcon_pkg']
[0.599s] Level 1:colcon.colcon_core.package_identification:_identify(src/realsense-ros) by extension 'colcon_pkg'
[0.599s] Level 1:colcon.colcon_core.package_identification:_identify(src/realsense-ros) by extensions ['colcon_meta']
[0.600s] Level 1:colcon.colcon_core.package_identification:_identify(src/realsense-ros) by extension 'colcon_meta'
[0.600s] Level 1:colcon.colcon_core.package_identification:_identify(src/realsense-ros) by extensions ['ros']
[0.600s] Level 1:colcon.colcon_core.package_identification:_identify(src/realsense-ros) by extension 'ros'
[0.600s] Level 1:colcon.colcon_core.package_identification:_identify(src/realsense-ros) by extensions ['cmake', 'python']
[0.600s] Level 1:colcon.colcon_core.package_identification:_identify(src/realsense-ros) by extension 'cmake'
[0.600s] Level 1:colcon.colcon_core.package_identification:_identify(src/realsense-ros) by extension 'python'
[0.601s] Level 1:colcon.colcon_core.package_identification:_identify(src/realsense-ros) by extensions ['python_setup_py']
[0.601s] Level 1:colcon.colcon_core.package_identification:_identify(src/realsense-ros) by extension 'python_setup_py'
[0.601s] Level 1:colcon.colcon_core.package_identification:_identify(src/realsense-ros/realsense2_camera) by extensions ['ignore', 'ignore_ament_install']
[0.601s] Level 1:colcon.colcon_core.package_identification:_identify(src/realsense-ros/realsense2_camera) by extension 'ignore'
[0.602s] Level 1:colcon.colcon_core.package_identification:_identify(src/realsense-ros/realsense2_camera) by extension 'ignore_ament_install'
[0.602s] Level 1:colcon.colcon_core.package_identification:_identify(src/realsense-ros/realsense2_camera) by extensions ['colcon_pkg']
[0.602s] Level 1:colcon.colcon_core.package_identification:_identify(src/realsense-ros/realsense2_camera) by extension 'colcon_pkg'
[0.602s] Level 1:colcon.colcon_core.package_identification:_identify(src/realsense-ros/realsense2_camera) by extensions ['colcon_meta']
[0.603s] Level 1:colcon.colcon_core.package_identification:_identify(src/realsense-ros/realsense2_camera) by extension 'colcon_meta'
[0.603s] Level 1:colcon.colcon_core.package_identification:_identify(src/realsense-ros/realsense2_camera) by extensions ['ros']
[0.603s] Level 1:colcon.colcon_core.package_identification:_identify(src/realsense-ros/realsense2_camera) by extension 'ros'
[0.608s] DEBUG:colcon.colcon_core.package_identification:Package 'src/realsense-ros/realsense2_camera' with type 'ros.ament_cmake' and name 'realsense2_camera'
[0.608s] Level 1:colcon.colcon_core.package_identification:_identify(src/realsense-ros/realsense2_camera_msgs) by extensions ['ignore', 'ignore_ament_install']
[0.608s] Level 1:colcon.colcon_core.package_identification:_identify(src/realsense-ros/realsense2_camera_msgs) by extension 'ignore'
[0.609s] Level 1:colcon.colcon_core.package_identification:_identify(src/realsense-ros/realsense2_camera_msgs) by extension 'ignore_ament_install'
[0.609s] Level 1:colcon.colcon_core.package_identification:_identify(src/realsense-ros/realsense2_camera_msgs) by extensions ['colcon_pkg']
[0.609s] Level 1:colcon.colcon_core.package_identification:_identify(src/realsense-ros/realsense2_camera_msgs) by extension 'colcon_pkg'
[0.609s] Level 1:colcon.colcon_core.package_identification:_identify(src/realsense-ros/realsense2_camera_msgs) by extensions ['colcon_meta']
[0.609s] Level 1:colcon.colcon_core.package_identification:_identify(src/realsense-ros/realsense2_camera_msgs) by extension 'colcon_meta'
[0.609s] Level 1:colcon.colcon_core.package_identification:_identify(src/realsense-ros/realsense2_camera_msgs) by extensions ['ros']
[0.610s] Level 1:colcon.colcon_core.package_identification:_identify(src/realsense-ros/realsense2_camera_msgs) by extension 'ros'
[0.611s] DEBUG:colcon.colcon_core.package_identification:Package 'src/realsense-ros/realsense2_camera_msgs' with type 'ros.ament_cmake' and name 'realsense2_camera_msgs'
[0.611s] Level 1:colcon.colcon_core.package_identification:_identify(src/realsense-ros/realsense2_description) by extensions ['ignore', 'ignore_ament_install']
[0.611s] Level 1:colcon.colcon_core.package_identification:_identify(src/realsense-ros/realsense2_description) by extension 'ignore'
[0.611s] Level 1:colcon.colcon_core.package_identification:_identify(src/realsense-ros/realsense2_description) by extension 'ignore_ament_install'
[0.612s] Level 1:colcon.colcon_core.package_identification:_identify(src/realsense-ros/realsense2_description) by extensions ['colcon_pkg']
[0.612s] Level 1:colcon.colcon_core.package_identification:_identify(src/realsense-ros/realsense2_description) by extension 'colcon_pkg'
[0.612s] Level 1:colcon.colcon_core.package_identification:_identify(src/realsense-ros/realsense2_description) by extensions ['colcon_meta']
[0.612s] Level 1:colcon.colcon_core.package_identification:_identify(src/realsense-ros/realsense2_description) by extension 'colcon_meta'
[0.612s] Level 1:colcon.colcon_core.package_identification:_identify(src/realsense-ros/realsense2_description) by extensions ['ros']
[0.613s] Level 1:colcon.colcon_core.package_identification:_identify(src/realsense-ros/realsense2_description) by extension 'ros'
[0.614s] DEBUG:colcon.colcon_core.package_identification:Package 'src/realsense-ros/realsense2_description' with type 'ros.ament_cmake' and name 'realsense2_description'
[0.614s] Level 1:colcon.colcon_core.package_identification:_identify(src/realsense-ros/scripts) by extensions ['ignore', 'ignore_ament_install']
[0.614s] Level 1:colcon.colcon_core.package_identification:_identify(src/realsense-ros/scripts) by extension 'ignore'
[0.614s] Level 1:colcon.colcon_core.package_identification:_identify(src/realsense-ros/scripts) by extension 'ignore_ament_install'
[0.615s] Level 1:colcon.colcon_core.package_identification:_identify(src/realsense-ros/scripts) by extensions ['colcon_pkg']
[0.615s] Level 1:colcon.colcon_core.package_identification:_identify(src/realsense-ros/scripts) by extension 'colcon_pkg'
[0.615s] Level 1:colcon.colcon_core.package_identification:_identify(src/realsense-ros/scripts) by extensions ['colcon_meta']
[0.616s] Level 1:colcon.colcon_core.package_identification:_identify(src/realsense-ros/scripts) by extension 'colcon_meta'
[0.616s] Level 1:colcon.colcon_core.package_identification:_identify(src/realsense-ros/scripts) by extensions ['ros']
[0.616s] Level 1:colcon.colcon_core.package_identification:_identify(src/realsense-ros/scripts) by extension 'ros'
[0.616s] Level 1:colcon.colcon_core.package_identification:_identify(src/realsense-ros/scripts) by extensions ['cmake', 'python']
[0.616s] Level 1:colcon.colcon_core.package_identification:_identify(src/realsense-ros/scripts) by extension 'cmake'
[0.616s] Level 1:colcon.colcon_core.package_identification:_identify(src/realsense-ros/scripts) by extension 'python'
[0.616s] Level 1:colcon.colcon_core.package_identification:_identify(src/realsense-ros/scripts) by extensions ['python_setup_py']
[0.616s] Level 1:colcon.colcon_core.package_identification:_identify(src/realsense-ros/scripts) by extension 'python_setup_py'
[0.617s] Level 1:colcon.colcon_core.package_identification:_identify(src/sensor_tools) by extensions ['ignore', 'ignore_ament_install']
[0.617s] Level 1:colcon.colcon_core.package_identification:_identify(src/sensor_tools) by extension 'ignore'
[0.617s] Level 1:colcon.colcon_core.package_identification:_identify(src/sensor_tools) by extension 'ignore_ament_install'
[0.617s] Level 1:colcon.colcon_core.package_identification:_identify(src/sensor_tools) by extensions ['colcon_pkg']
[0.618s] Level 1:colcon.colcon_core.package_identification:_identify(src/sensor_tools) by extension 'colcon_pkg'
[0.618s] Level 1:colcon.colcon_core.package_identification:_identify(src/sensor_tools) by extensions ['colcon_meta']
[0.618s] Level 1:colcon.colcon_core.package_identification:_identify(src/sensor_tools) by extension 'colcon_meta'
[0.618s] Level 1:colcon.colcon_core.package_identification:_identify(src/sensor_tools) by extensions ['ros']
[0.618s] Level 1:colcon.colcon_core.package_identification:_identify(src/sensor_tools) by extension 'ros'
[0.619s] DEBUG:colcon.colcon_core.package_identification:Package 'src/sensor_tools' with type 'ros.ament_cmake' and name 'sensor_tools'
[0.619s] Level 1:colcon.colcon_core.package_discovery:discover_packages(recursive) using defaults
[0.619s] Level 1:colcon.colcon_core.package_discovery:discover_packages(ignore) discover
[0.620s] Level 1:colcon.colcon_core.package_discovery:discover_packages(ignore) using defaults
[0.620s] Level 1:colcon.colcon_core.package_discovery:discover_packages(path) discover
[0.620s] Level 1:colcon.colcon_core.package_discovery:discover_packages(path) using defaults
[0.647s] INFO:colcon.colcon_core.package_selection:Skipping not selected package 'data_msgs' in 'src/data_msgs'
[0.647s] INFO:colcon.colcon_core.package_selection:Skipping not selected package 'data_tools' in 'src/data_tools'
[0.647s] INFO:colcon.colcon_core.package_selection:Skipping not selected package 'pika_remote_diana' in 'src/PikaAnyArm/diana/pika_remote_diana'
[0.647s] INFO:colcon.colcon_core.package_selection:Skipping not selected package 'realsense2_camera_msgs' in 'src/realsense-ros/realsense2_camera_msgs'
[0.647s] INFO:colcon.colcon_core.package_selection:Skipping not selected package 'sensor_tools' in 'src/sensor_tools'
[0.647s] INFO:colcon.colcon_core.package_selection:Skipping not selected package 'realsense2_camera' in 'src/realsense-ros/realsense2_camera'
[0.648s] INFO:colcon.colcon_core.package_selection:Skipping not selected package 'realsense2_description' in 'src/realsense-ros/realsense2_description'
[0.648s] Level 1:colcon.colcon_core.package_discovery:discover_packages(prefix_path) check parameters
[0.648s] Level 1:colcon.colcon_core.package_discovery:discover_packages(prefix_path) discover
[0.655s] DEBUG:colcon.colcon_installed_package_information.package_discovery:Found 14 installed packages in /mnt/nas/projects/robot/pika_ros/install
[0.656s] DEBUG:colcon.colcon_installed_package_information.package_discovery:Found 272 installed packages in /opt/ros/humble
[0.657s] Level 1:colcon.colcon_core.package_discovery:discover_packages(prefix_path) using defaults
[0.691s] Level 5:colcon.colcon_core.verb:set package 'diana_robot' build argument 'cmake_args' from command line to 'None'
[0.691s] Level 5:colcon.colcon_core.verb:set package 'diana_robot' build argument 'cmake_target' from command line to 'None'
[0.691s] Level 5:colcon.colcon_core.verb:set package 'diana_robot' build argument 'cmake_target_skip_unavailable' from command line to 'False'
[0.691s] Level 5:colcon.colcon_core.verb:set package 'diana_robot' build argument 'cmake_clean_cache' from command line to 'False'
[0.691s] Level 5:colcon.colcon_core.verb:set package 'diana_robot' build argument 'cmake_clean_first' from command line to 'False'
[0.691s] Level 5:colcon.colcon_core.verb:set package 'diana_robot' build argument 'cmake_force_configure' from command line to 'False'
[0.691s] Level 5:colcon.colcon_core.verb:set package 'diana_robot' build argument 'ament_cmake_args' from command line to 'None'
[0.691s] Level 5:colcon.colcon_core.verb:set package 'diana_robot' build argument 'catkin_cmake_args' from command line to 'None'
[0.691s] Level 5:colcon.colcon_core.verb:set package 'diana_robot' build argument 'catkin_skip_building_tests' from command line to 'False'
[0.691s] DEBUG:colcon.colcon_core.verb:Building package 'diana_robot' with the following arguments: {'ament_cmake_args': None, 'build_base': '/mnt/nas/projects/robot/pika_ros/build/diana_robot', 'catkin_cmake_args': None, 'catkin_skip_building_tests': False, 'cmake_args': None, 'cmake_clean_cache': False, 'cmake_clean_first': False, 'cmake_force_configure': False, 'cmake_target': None, 'cmake_target_skip_unavailable': False, 'install_base': '/mnt/nas/projects/robot/pika_ros/install/diana_robot', 'merge_install': False, 'path': '/mnt/nas/projects/robot/pika_ros/src/PikaAnyArm/diana/diana_sdk', 'symlink_install': False, 'test_result_base': None}
[0.692s] INFO:colcon.colcon_core.executor:Executing jobs using 'parallel' executor
[0.693s] DEBUG:colcon.colcon_parallel_executor.executor.parallel:run_until_complete
[0.693s] INFO:colcon.colcon_core.task.python.build:Building Python package in '/mnt/nas/projects/robot/pika_ros/src/PikaAnyArm/diana/diana_sdk'
[0.695s] INFO:colcon.colcon_core.plugin_system:Skipping extension 'colcon_core.shell.bat': Not used on non-Windows systems
[0.696s] INFO:colcon.colcon_core.shell:Skip shell extension 'powershell' for command environment: Not usable outside of PowerShell
[0.696s] DEBUG:colcon.colcon_core.shell:Skip shell extension 'dsv' for command environment
[1.331s] DEBUG:colcon.colcon_core.event_handler.log_command:Invoking command in '/mnt/nas/projects/robot/pika_ros/src/PikaAnyArm/diana/diana_sdk': CONDA_PROMPT_MODIFIER=(base) PYTHONPATH=/mnt/nas/projects/robot/pika_ros/build/diana_robot/prefix_override:/usr/lib/python3/dist-packages/colcon_core/task/python/colcon_distutils_commands:/mnt/nas/projects/robot/pika_ros/install/diana_robot/lib/python3.10/site-packages:${PYTHONPATH} /usr/bin/python3 -W ignore:setup.py install is deprecated -W ignore:easy_install command is deprecated setup.py egg_info --egg-base ../../../../build/diana_robot build --build-base /mnt/nas/projects/robot/pika_ros/build/diana_robot/build install --record /mnt/nas/projects/robot/pika_ros/build/diana_robot/install.log --single-version-externally-managed
[1.712s] DEBUG:colcon.colcon_core.event_handler.log_command:Invoked command in '/mnt/nas/projects/robot/pika_ros/src/PikaAnyArm/diana/diana_sdk' returned '0': CONDA_PROMPT_MODIFIER=(base) PYTHONPATH=/mnt/nas/projects/robot/pika_ros/build/diana_robot/prefix_override:/usr/lib/python3/dist-packages/colcon_core/task/python/colcon_distutils_commands:/mnt/nas/projects/robot/pika_ros/install/diana_robot/lib/python3.10/site-packages:${PYTHONPATH} /usr/bin/python3 -W ignore:setup.py install is deprecated -W ignore:easy_install command is deprecated setup.py egg_info --egg-base ../../../../build/diana_robot build --build-base /mnt/nas/projects/robot/pika_ros/build/diana_robot/build install --record /mnt/nas/projects/robot/pika_ros/build/diana_robot/install.log --single-version-externally-managed
[1.714s] Level 1:colcon.colcon_core.environment:checking '/mnt/nas/projects/robot/pika_ros/install/diana_robot' for CMake module files
[1.716s] Level 1:colcon.colcon_core.environment:checking '/mnt/nas/projects/robot/pika_ros/install/diana_robot' for CMake config files
[1.718s] Level 1:colcon.colcon_core.environment:checking '/mnt/nas/projects/robot/pika_ros/install/diana_robot/lib'
[1.718s] Level 1:colcon.colcon_core.environment:checking '/mnt/nas/projects/robot/pika_ros/install/diana_robot/bin'
[1.718s] Level 1:colcon.colcon_core.environment:checking '/mnt/nas/projects/robot/pika_ros/install/diana_robot/lib/pkgconfig/diana_robot.pc'
[1.719s] Level 1:colcon.colcon_core.environment:checking '/mnt/nas/projects/robot/pika_ros/install/diana_robot/lib/python3.10/site-packages'
[1.719s] Level 1:colcon.colcon_core.shell:create_environment_hook('diana_robot', 'pythonpath')
[1.719s] INFO:colcon.colcon_core.shell:Creating environment hook '/mnt/nas/projects/robot/pika_ros/install/diana_robot/share/diana_robot/hook/pythonpath.ps1'
[1.721s] INFO:colcon.colcon_core.shell:Creating environment descriptor '/mnt/nas/projects/robot/pika_ros/install/diana_robot/share/diana_robot/hook/pythonpath.dsv'
[1.722s] INFO:colcon.colcon_core.shell:Creating environment hook '/mnt/nas/projects/robot/pika_ros/install/diana_robot/share/diana_robot/hook/pythonpath.sh'
[1.723s] Level 1:colcon.colcon_core.environment:checking '/mnt/nas/projects/robot/pika_ros/install/diana_robot/bin'
[1.723s] Level 1:colcon.colcon_core.environment:create_environment_scripts_only(diana_robot)
[1.724s] INFO:colcon.colcon_core.shell:Creating package script '/mnt/nas/projects/robot/pika_ros/install/diana_robot/share/diana_robot/package.ps1'
[1.725s] INFO:colcon.colcon_core.shell:Creating package descriptor '/mnt/nas/projects/robot/pika_ros/install/diana_robot/share/diana_robot/package.dsv'
[1.726s] INFO:colcon.colcon_core.shell:Creating package script '/mnt/nas/projects/robot/pika_ros/install/diana_robot/share/diana_robot/package.sh'
[1.727s] INFO:colcon.colcon_core.shell:Creating package script '/mnt/nas/projects/robot/pika_ros/install/diana_robot/share/diana_robot/package.bash'
[1.729s] INFO:colcon.colcon_core.shell:Creating package script '/mnt/nas/projects/robot/pika_ros/install/diana_robot/share/diana_robot/package.zsh'
[1.730s] Level 1:colcon.colcon_core.environment:create_file_with_runtime_dependencies(/mnt/nas/projects/robot/pika_ros/install/diana_robot/share/colcon-core/packages/diana_robot)
[1.731s] DEBUG:colcon.colcon_parallel_executor.executor.parallel:closing loop
[1.731s] DEBUG:colcon.colcon_parallel_executor.executor.parallel:loop closed
[1.731s] DEBUG:colcon.colcon_parallel_executor.executor.parallel:run_until_complete finished with '0'
[1.732s] DEBUG:colcon.colcon_core.event_reactor:joining thread
[1.738s] INFO:colcon.colcon_core.plugin_system:Skipping extension 'colcon_notification.desktop_notification.terminal_notifier': Not used on non-Darwin systems
[1.739s] INFO:colcon.colcon_core.plugin_system:Skipping extension 'colcon_notification.desktop_notification.win32': Not used on non-Windows systems
[1.739s] INFO:colcon.colcon_notification.desktop_notification:Sending desktop notification using 'notify2'
[26.299s] DEBUG:colcon.colcon_notification.desktop_notification.notify2:Failed to initialize notify2: org.freedesktop.DBus.Error.TimedOut: Failed to activate service 'org.freedesktop.Notifications': timed out (service_start_timeout=120000ms)
[26.300s] DEBUG:colcon.colcon_core.event_reactor:joined thread
[26.334s] INFO:colcon.colcon_core.shell:Creating prefix script '/mnt/nas/projects/robot/pika_ros/install/local_setup.ps1'
[26.337s] INFO:colcon.colcon_core.shell:Creating prefix util module '/mnt/nas/projects/robot/pika_ros/install/_local_setup_util_ps1.py'
[26.340s] INFO:colcon.colcon_core.shell:Creating prefix chain script '/mnt/nas/projects/robot/pika_ros/install/setup.ps1'
[26.345s] INFO:colcon.colcon_core.shell:Creating prefix script '/mnt/nas/projects/robot/pika_ros/install/local_setup.sh'
[26.346s] INFO:colcon.colcon_core.shell:Creating prefix util module '/mnt/nas/projects/robot/pika_ros/install/_local_setup_util_sh.py'
[26.348s] INFO:colcon.colcon_core.shell:Creating prefix chain script '/mnt/nas/projects/robot/pika_ros/install/setup.sh'
[26.353s] INFO:colcon.colcon_core.shell:Creating prefix script '/mnt/nas/projects/robot/pika_ros/install/local_setup.bash'
[26.354s] INFO:colcon.colcon_core.shell:Creating prefix chain script '/mnt/nas/projects/robot/pika_ros/install/setup.bash'
[26.359s] INFO:colcon.colcon_core.shell:Creating prefix script '/mnt/nas/projects/robot/pika_ros/install/local_setup.zsh'
[26.360s] INFO:colcon.colcon_core.shell:Creating prefix chain script '/mnt/nas/projects/robot/pika_ros/install/setup.zsh'
