[0.133s] DEBUG:colcon:Command line arguments: ['/usr/bin/colcon', 'build', '--packages-select', 'data_tools']
[0.133s] DEBUG:colcon:Parsed command line arguments: Namespace(log_base=None, log_level=None, verb_name='build', build_base='build', install_base='install', merge_install=False, symlink_install=False, test_result_base=None, continue_on_error=False, executor='parallel', parallel_workers=128, event_handlers=None, ignore_user_meta=False, metas=['./colcon.meta'], base_paths=['.'], packages_ignore=None, packages_ignore_regex=None, paths=None, packages_up_to=None, packages_up_to_regex=None, packages_above=None, packages_above_and_dependencies=None, packages_above_depth=None, packages_select_by_dep=None, packages_skip_by_dep=None, packages_skip_up_to=None, packages_select_build_failed=False, packages_skip_build_finished=False, packages_select_test_failures=False, packages_skip_test_passed=False, packages_select=['data_tools'], packages_skip=None, packages_select_regex=None, packages_skip_regex=None, packages_start=None, packages_end=None, allow_overriding=[], cmake_args=None, cmake_target=None, cmake_target_skip_unavailable=False, cmake_clean_cache=False, cmake_clean_first=False, cmake_force_configure=False, ament_cmake_args=None, catkin_cmake_args=None, catkin_skip_building_tests=False, verb_parser=<colcon_defaults.argument_parser.defaults.DefaultArgumentsDecorator object at 0x78ff8b515420>, verb_extension=<colcon_core.verb.build.BuildVerb object at 0x78ff8b6568c0>, main=<bound method BuildVerb.main of <colcon_core.verb.build.BuildVerb object at 0x78ff8b6568c0>>)
[0.362s] Level 1:colcon.colcon_core.package_discovery:discover_packages(colcon_meta) check parameters
[0.363s] Level 1:colcon.colcon_core.package_discovery:discover_packages(recursive) check parameters
[0.363s] Level 1:colcon.colcon_core.package_discovery:discover_packages(ignore) check parameters
[0.363s] Level 1:colcon.colcon_core.package_discovery:discover_packages(path) check parameters
[0.363s] Level 1:colcon.colcon_core.package_discovery:discover_packages(colcon_meta) discover
[0.363s] Level 1:colcon.colcon_core.package_discovery:discover_packages(recursive) discover
[0.363s] INFO:colcon.colcon_core.package_discovery:Crawling recursively for packages in '/mnt/nas/projects/robot/pika_ros'
[0.363s] Level 1:colcon.colcon_core.package_identification:_identify(.) by extensions ['ignore', 'ignore_ament_install']
[0.364s] Level 1:colcon.colcon_core.package_identification:_identify(.) by extension 'ignore'
[0.364s] Level 1:colcon.colcon_core.package_identification:_identify(.) by extension 'ignore_ament_install'
[0.365s] Level 1:colcon.colcon_core.package_identification:_identify(.) by extensions ['colcon_pkg']
[0.365s] Level 1:colcon.colcon_core.package_identification:_identify(.) by extension 'colcon_pkg'
[0.365s] Level 1:colcon.colcon_core.package_identification:_identify(.) by extensions ['colcon_meta']
[0.365s] Level 1:colcon.colcon_core.package_identification:_identify(.) by extension 'colcon_meta'
[0.365s] Level 1:colcon.colcon_core.package_identification:_identify(.) by extensions ['ros']
[0.365s] Level 1:colcon.colcon_core.package_identification:_identify(.) by extension 'ros'
[0.377s] Level 1:colcon.colcon_core.package_identification:_identify(.) by extensions ['cmake', 'python']
[0.377s] Level 1:colcon.colcon_core.package_identification:_identify(.) by extension 'cmake'
[0.377s] Level 1:colcon.colcon_core.package_identification:_identify(.) by extension 'python'
[0.377s] Level 1:colcon.colcon_core.package_identification:_identify(.) by extensions ['python_setup_py']
[0.377s] Level 1:colcon.colcon_core.package_identification:_identify(.) by extension 'python_setup_py'
[0.378s] Level 1:colcon.colcon_core.package_identification:_identify(build) by extensions ['ignore', 'ignore_ament_install']
[0.378s] Level 1:colcon.colcon_core.package_identification:_identify(build) by extension 'ignore'
[0.378s] Level 1:colcon.colcon_core.package_identification:_identify(build) ignored
[0.378s] Level 1:colcon.colcon_core.package_identification:_identify(install) by extensions ['ignore', 'ignore_ament_install']
[0.379s] Level 1:colcon.colcon_core.package_identification:_identify(install) by extension 'ignore'
[0.379s] Level 1:colcon.colcon_core.package_identification:_identify(install) ignored
[0.380s] Level 1:colcon.colcon_core.package_identification:_identify(log) by extensions ['ignore', 'ignore_ament_install']
[0.380s] Level 1:colcon.colcon_core.package_identification:_identify(log) by extension 'ignore'
[0.380s] Level 1:colcon.colcon_core.package_identification:_identify(log) ignored
[0.380s] Level 1:colcon.colcon_core.package_identification:_identify(scripts) by extensions ['ignore', 'ignore_ament_install']
[0.380s] Level 1:colcon.colcon_core.package_identification:_identify(scripts) by extension 'ignore'
[0.381s] Level 1:colcon.colcon_core.package_identification:_identify(scripts) by extension 'ignore_ament_install'
[0.381s] Level 1:colcon.colcon_core.package_identification:_identify(scripts) by extensions ['colcon_pkg']
[0.381s] Level 1:colcon.colcon_core.package_identification:_identify(scripts) by extension 'colcon_pkg'
[0.381s] Level 1:colcon.colcon_core.package_identification:_identify(scripts) by extensions ['colcon_meta']
[0.381s] Level 1:colcon.colcon_core.package_identification:_identify(scripts) by extension 'colcon_meta'
[0.381s] Level 1:colcon.colcon_core.package_identification:_identify(scripts) by extensions ['ros']
[0.381s] Level 1:colcon.colcon_core.package_identification:_identify(scripts) by extension 'ros'
[0.382s] Level 1:colcon.colcon_core.package_identification:_identify(scripts) by extensions ['cmake', 'python']
[0.382s] Level 1:colcon.colcon_core.package_identification:_identify(scripts) by extension 'cmake'
[0.382s] Level 1:colcon.colcon_core.package_identification:_identify(scripts) by extension 'python'
[0.382s] Level 1:colcon.colcon_core.package_identification:_identify(scripts) by extensions ['python_setup_py']
[0.383s] Level 1:colcon.colcon_core.package_identification:_identify(scripts) by extension 'python_setup_py'
[0.383s] Level 1:colcon.colcon_core.package_identification:_identify(source) by extensions ['ignore', 'ignore_ament_install']
[0.383s] Level 1:colcon.colcon_core.package_identification:_identify(source) by extension 'ignore'
[0.383s] Level 1:colcon.colcon_core.package_identification:_identify(source) by extension 'ignore_ament_install'
[0.384s] Level 1:colcon.colcon_core.package_identification:_identify(source) by extensions ['colcon_pkg']
[0.384s] Level 1:colcon.colcon_core.package_identification:_identify(source) by extension 'colcon_pkg'
[0.384s] Level 1:colcon.colcon_core.package_identification:_identify(source) by extensions ['colcon_meta']
[0.384s] Level 1:colcon.colcon_core.package_identification:_identify(source) by extension 'colcon_meta'
[0.384s] Level 1:colcon.colcon_core.package_identification:_identify(source) by extensions ['ros']
[0.384s] Level 1:colcon.colcon_core.package_identification:_identify(source) by extension 'ros'
[0.385s] Level 1:colcon.colcon_core.package_identification:_identify(source) by extensions ['cmake', 'python']
[0.385s] Level 1:colcon.colcon_core.package_identification:_identify(source) by extension 'cmake'
[0.385s] Level 1:colcon.colcon_core.package_identification:_identify(source) by extension 'python'
[0.386s] Level 1:colcon.colcon_core.package_identification:_identify(source) by extensions ['python_setup_py']
[0.386s] Level 1:colcon.colcon_core.package_identification:_identify(source) by extension 'python_setup_py'
[0.386s] Level 1:colcon.colcon_core.package_identification:_identify(src) by extensions ['ignore', 'ignore_ament_install']
[0.386s] Level 1:colcon.colcon_core.package_identification:_identify(src) by extension 'ignore'
[0.386s] Level 1:colcon.colcon_core.package_identification:_identify(src) by extension 'ignore_ament_install'
[0.387s] Level 1:colcon.colcon_core.package_identification:_identify(src) by extensions ['colcon_pkg']
[0.387s] Level 1:colcon.colcon_core.package_identification:_identify(src) by extension 'colcon_pkg'
[0.387s] Level 1:colcon.colcon_core.package_identification:_identify(src) by extensions ['colcon_meta']
[0.387s] Level 1:colcon.colcon_core.package_identification:_identify(src) by extension 'colcon_meta'
[0.387s] Level 1:colcon.colcon_core.package_identification:_identify(src) by extensions ['ros']
[0.388s] Level 1:colcon.colcon_core.package_identification:_identify(src) by extension 'ros'
[0.388s] Level 1:colcon.colcon_core.package_identification:_identify(src) by extensions ['cmake', 'python']
[0.388s] Level 1:colcon.colcon_core.package_identification:_identify(src) by extension 'cmake'
[0.388s] Level 1:colcon.colcon_core.package_identification:_identify(src) by extension 'python'
[0.389s] Level 1:colcon.colcon_core.package_identification:_identify(src) by extensions ['python_setup_py']
[0.389s] Level 1:colcon.colcon_core.package_identification:_identify(src) by extension 'python_setup_py'
[0.389s] Level 1:colcon.colcon_core.package_identification:_identify(src/PikaAnyArm) by extensions ['ignore', 'ignore_ament_install']
[0.389s] Level 1:colcon.colcon_core.package_identification:_identify(src/PikaAnyArm) by extension 'ignore'
[0.389s] Level 1:colcon.colcon_core.package_identification:_identify(src/PikaAnyArm) by extension 'ignore_ament_install'
[0.390s] Level 1:colcon.colcon_core.package_identification:_identify(src/PikaAnyArm) by extensions ['colcon_pkg']
[0.390s] Level 1:colcon.colcon_core.package_identification:_identify(src/PikaAnyArm) by extension 'colcon_pkg'
[0.390s] Level 1:colcon.colcon_core.package_identification:_identify(src/PikaAnyArm) by extensions ['colcon_meta']
[0.390s] Level 1:colcon.colcon_core.package_identification:_identify(src/PikaAnyArm) by extension 'colcon_meta'
[0.390s] Level 1:colcon.colcon_core.package_identification:_identify(src/PikaAnyArm) by extensions ['ros']
[0.390s] Level 1:colcon.colcon_core.package_identification:_identify(src/PikaAnyArm) by extension 'ros'
[0.391s] Level 1:colcon.colcon_core.package_identification:_identify(src/PikaAnyArm) by extensions ['cmake', 'python']
[0.391s] Level 1:colcon.colcon_core.package_identification:_identify(src/PikaAnyArm) by extension 'cmake'
[0.391s] Level 1:colcon.colcon_core.package_identification:_identify(src/PikaAnyArm) by extension 'python'
[0.391s] Level 1:colcon.colcon_core.package_identification:_identify(src/PikaAnyArm) by extensions ['python_setup_py']
[0.391s] Level 1:colcon.colcon_core.package_identification:_identify(src/PikaAnyArm) by extension 'python_setup_py'
[0.392s] Level 1:colcon.colcon_core.package_identification:_identify(src/PikaAnyArm/diana) by extensions ['ignore', 'ignore_ament_install']
[0.392s] Level 1:colcon.colcon_core.package_identification:_identify(src/PikaAnyArm/diana) by extension 'ignore'
[0.392s] Level 1:colcon.colcon_core.package_identification:_identify(src/PikaAnyArm/diana) by extension 'ignore_ament_install'
[0.393s] Level 1:colcon.colcon_core.package_identification:_identify(src/PikaAnyArm/diana) by extensions ['colcon_pkg']
[0.393s] Level 1:colcon.colcon_core.package_identification:_identify(src/PikaAnyArm/diana) by extension 'colcon_pkg'
[0.393s] Level 1:colcon.colcon_core.package_identification:_identify(src/PikaAnyArm/diana) by extensions ['colcon_meta']
[0.393s] Level 1:colcon.colcon_core.package_identification:_identify(src/PikaAnyArm/diana) by extension 'colcon_meta'
[0.393s] Level 1:colcon.colcon_core.package_identification:_identify(src/PikaAnyArm/diana) by extensions ['ros']
[0.394s] Level 1:colcon.colcon_core.package_identification:_identify(src/PikaAnyArm/diana) by extension 'ros'
[0.394s] Level 1:colcon.colcon_core.package_identification:_identify(src/PikaAnyArm/diana) by extensions ['cmake', 'python']
[0.394s] Level 1:colcon.colcon_core.package_identification:_identify(src/PikaAnyArm/diana) by extension 'cmake'
[0.394s] Level 1:colcon.colcon_core.package_identification:_identify(src/PikaAnyArm/diana) by extension 'python'
[0.395s] Level 1:colcon.colcon_core.package_identification:_identify(src/PikaAnyArm/diana) by extensions ['python_setup_py']
[0.395s] Level 1:colcon.colcon_core.package_identification:_identify(src/PikaAnyArm/diana) by extension 'python_setup_py'
[0.395s] Level 1:colcon.colcon_core.package_identification:_identify(src/PikaAnyArm/diana/diana_sdk) by extensions ['ignore', 'ignore_ament_install']
[0.396s] Level 1:colcon.colcon_core.package_identification:_identify(src/PikaAnyArm/diana/diana_sdk) by extension 'ignore'
[0.396s] Level 1:colcon.colcon_core.package_identification:_identify(src/PikaAnyArm/diana/diana_sdk) by extension 'ignore_ament_install'
[0.396s] Level 1:colcon.colcon_core.package_identification:_identify(src/PikaAnyArm/diana/diana_sdk) by extensions ['colcon_pkg']
[0.396s] Level 1:colcon.colcon_core.package_identification:_identify(src/PikaAnyArm/diana/diana_sdk) by extension 'colcon_pkg'
[0.396s] Level 1:colcon.colcon_core.package_identification:_identify(src/PikaAnyArm/diana/diana_sdk) by extensions ['colcon_meta']
[0.396s] Level 1:colcon.colcon_core.package_identification:_identify(src/PikaAnyArm/diana/diana_sdk) by extension 'colcon_meta'
[0.396s] Level 1:colcon.colcon_core.package_identification:_identify(src/PikaAnyArm/diana/diana_sdk) by extensions ['ros']
[0.397s] Level 1:colcon.colcon_core.package_identification:_identify(src/PikaAnyArm/diana/diana_sdk) by extension 'ros'
[0.397s] Level 1:colcon.colcon_core.package_identification:_identify(src/PikaAnyArm/diana/diana_sdk) by extensions ['cmake', 'python']
[0.397s] Level 1:colcon.colcon_core.package_identification:_identify(src/PikaAnyArm/diana/diana_sdk) by extension 'cmake'
[0.397s] Level 1:colcon.colcon_core.package_identification:_identify(src/PikaAnyArm/diana/diana_sdk) by extension 'python'
[0.397s] Level 1:colcon.colcon_core.package_identification:_identify(src/PikaAnyArm/diana/diana_sdk) by extensions ['python_setup_py']
[0.398s] Level 1:colcon.colcon_core.package_identification:_identify(src/PikaAnyArm/diana/diana_sdk) by extension 'python_setup_py'
[0.690s] DEBUG:colcon.colcon_core.package_identification:Package 'src/PikaAnyArm/diana/diana_sdk' with type 'python' and name 'diana_robot'
[0.691s] Level 1:colcon.colcon_core.package_identification:_identify(src/PikaAnyArm/diana/pika_remote_diana) by extensions ['ignore', 'ignore_ament_install']
[0.723s] Level 1:colcon.colcon_core.package_identification:_identify(src/PikaAnyArm/diana/pika_remote_diana) by extension 'ignore'
[0.723s] Level 1:colcon.colcon_core.package_identification:_identify(src/PikaAnyArm/diana/pika_remote_diana) by extension 'ignore_ament_install'
[0.724s] Level 1:colcon.colcon_core.package_identification:_identify(src/PikaAnyArm/diana/pika_remote_diana) by extensions ['colcon_pkg']
[0.724s] Level 1:colcon.colcon_core.package_identification:_identify(src/PikaAnyArm/diana/pika_remote_diana) by extension 'colcon_pkg'
[0.724s] Level 1:colcon.colcon_core.package_identification:_identify(src/PikaAnyArm/diana/pika_remote_diana) by extensions ['colcon_meta']
[0.724s] Level 1:colcon.colcon_core.package_identification:_identify(src/PikaAnyArm/diana/pika_remote_diana) by extension 'colcon_meta'
[0.725s] Level 1:colcon.colcon_core.package_identification:_identify(src/PikaAnyArm/diana/pika_remote_diana) by extensions ['ros']
[0.725s] Level 1:colcon.colcon_core.package_identification:_identify(src/PikaAnyArm/diana/pika_remote_diana) by extension 'ros'
[0.731s] DEBUG:colcon.colcon_core.package_identification:Package 'src/PikaAnyArm/diana/pika_remote_diana' with type 'ros.ament_python' and name 'pika_remote_diana'
[0.732s] Level 1:colcon.colcon_core.package_identification:_identify(src/data_msgs) by extensions ['ignore', 'ignore_ament_install']
[0.732s] Level 1:colcon.colcon_core.package_identification:_identify(src/data_msgs) by extension 'ignore'
[0.732s] Level 1:colcon.colcon_core.package_identification:_identify(src/data_msgs) by extension 'ignore_ament_install'
[0.733s] Level 1:colcon.colcon_core.package_identification:_identify(src/data_msgs) by extensions ['colcon_pkg']
[0.733s] Level 1:colcon.colcon_core.package_identification:_identify(src/data_msgs) by extension 'colcon_pkg'
[0.733s] Level 1:colcon.colcon_core.package_identification:_identify(src/data_msgs) by extensions ['colcon_meta']
[0.733s] Level 1:colcon.colcon_core.package_identification:_identify(src/data_msgs) by extension 'colcon_meta'
[0.733s] Level 1:colcon.colcon_core.package_identification:_identify(src/data_msgs) by extensions ['ros']
[0.733s] Level 1:colcon.colcon_core.package_identification:_identify(src/data_msgs) by extension 'ros'
[0.735s] DEBUG:colcon.colcon_core.package_identification:Package 'src/data_msgs' with type 'ros.ament_cmake' and name 'data_msgs'
[0.736s] Level 1:colcon.colcon_core.package_identification:_identify(src/data_tools) by extensions ['ignore', 'ignore_ament_install']
[0.736s] Level 1:colcon.colcon_core.package_identification:_identify(src/data_tools) by extension 'ignore'
[0.736s] Level 1:colcon.colcon_core.package_identification:_identify(src/data_tools) by extension 'ignore_ament_install'
[0.736s] Level 1:colcon.colcon_core.package_identification:_identify(src/data_tools) by extensions ['colcon_pkg']
[0.736s] Level 1:colcon.colcon_core.package_identification:_identify(src/data_tools) by extension 'colcon_pkg'
[0.736s] Level 1:colcon.colcon_core.package_identification:_identify(src/data_tools) by extensions ['colcon_meta']
[0.736s] Level 1:colcon.colcon_core.package_identification:_identify(src/data_tools) by extension 'colcon_meta'
[0.737s] Level 1:colcon.colcon_core.package_identification:_identify(src/data_tools) by extensions ['ros']
[0.737s] Level 1:colcon.colcon_core.package_identification:_identify(src/data_tools) by extension 'ros'
[0.738s] DEBUG:colcon.colcon_core.package_identification:Package 'src/data_tools' with type 'ros.ament_cmake' and name 'data_tools'
[0.738s] Level 1:colcon.colcon_core.package_identification:_identify(src/realsense-ros) by extensions ['ignore', 'ignore_ament_install']
[0.738s] Level 1:colcon.colcon_core.package_identification:_identify(src/realsense-ros) by extension 'ignore'
[0.739s] Level 1:colcon.colcon_core.package_identification:_identify(src/realsense-ros) by extension 'ignore_ament_install'
[0.739s] Level 1:colcon.colcon_core.package_identification:_identify(src/realsense-ros) by extensions ['colcon_pkg']
[0.739s] Level 1:colcon.colcon_core.package_identification:_identify(src/realsense-ros) by extension 'colcon_pkg'
[0.739s] Level 1:colcon.colcon_core.package_identification:_identify(src/realsense-ros) by extensions ['colcon_meta']
[0.740s] Level 1:colcon.colcon_core.package_identification:_identify(src/realsense-ros) by extension 'colcon_meta'
[0.740s] Level 1:colcon.colcon_core.package_identification:_identify(src/realsense-ros) by extensions ['ros']
[0.740s] Level 1:colcon.colcon_core.package_identification:_identify(src/realsense-ros) by extension 'ros'
[0.740s] Level 1:colcon.colcon_core.package_identification:_identify(src/realsense-ros) by extensions ['cmake', 'python']
[0.740s] Level 1:colcon.colcon_core.package_identification:_identify(src/realsense-ros) by extension 'cmake'
[0.741s] Level 1:colcon.colcon_core.package_identification:_identify(src/realsense-ros) by extension 'python'
[0.741s] Level 1:colcon.colcon_core.package_identification:_identify(src/realsense-ros) by extensions ['python_setup_py']
[0.741s] Level 1:colcon.colcon_core.package_identification:_identify(src/realsense-ros) by extension 'python_setup_py'
[0.741s] Level 1:colcon.colcon_core.package_identification:_identify(src/realsense-ros/realsense2_camera) by extensions ['ignore', 'ignore_ament_install']
[0.741s] Level 1:colcon.colcon_core.package_identification:_identify(src/realsense-ros/realsense2_camera) by extension 'ignore'
[0.742s] Level 1:colcon.colcon_core.package_identification:_identify(src/realsense-ros/realsense2_camera) by extension 'ignore_ament_install'
[0.742s] Level 1:colcon.colcon_core.package_identification:_identify(src/realsense-ros/realsense2_camera) by extensions ['colcon_pkg']
[0.742s] Level 1:colcon.colcon_core.package_identification:_identify(src/realsense-ros/realsense2_camera) by extension 'colcon_pkg'
[0.743s] Level 1:colcon.colcon_core.package_identification:_identify(src/realsense-ros/realsense2_camera) by extensions ['colcon_meta']
[0.743s] Level 1:colcon.colcon_core.package_identification:_identify(src/realsense-ros/realsense2_camera) by extension 'colcon_meta'
[0.743s] Level 1:colcon.colcon_core.package_identification:_identify(src/realsense-ros/realsense2_camera) by extensions ['ros']
[0.743s] Level 1:colcon.colcon_core.package_identification:_identify(src/realsense-ros/realsense2_camera) by extension 'ros'
[0.749s] DEBUG:colcon.colcon_core.package_identification:Package 'src/realsense-ros/realsense2_camera' with type 'ros.ament_cmake' and name 'realsense2_camera'
[0.750s] Level 1:colcon.colcon_core.package_identification:_identify(src/realsense-ros/realsense2_camera_msgs) by extensions ['ignore', 'ignore_ament_install']
[0.750s] Level 1:colcon.colcon_core.package_identification:_identify(src/realsense-ros/realsense2_camera_msgs) by extension 'ignore'
[0.750s] Level 1:colcon.colcon_core.package_identification:_identify(src/realsense-ros/realsense2_camera_msgs) by extension 'ignore_ament_install'
[0.750s] Level 1:colcon.colcon_core.package_identification:_identify(src/realsense-ros/realsense2_camera_msgs) by extensions ['colcon_pkg']
[0.750s] Level 1:colcon.colcon_core.package_identification:_identify(src/realsense-ros/realsense2_camera_msgs) by extension 'colcon_pkg'
[0.751s] Level 1:colcon.colcon_core.package_identification:_identify(src/realsense-ros/realsense2_camera_msgs) by extensions ['colcon_meta']
[0.751s] Level 1:colcon.colcon_core.package_identification:_identify(src/realsense-ros/realsense2_camera_msgs) by extension 'colcon_meta'
[0.751s] Level 1:colcon.colcon_core.package_identification:_identify(src/realsense-ros/realsense2_camera_msgs) by extensions ['ros']
[0.751s] Level 1:colcon.colcon_core.package_identification:_identify(src/realsense-ros/realsense2_camera_msgs) by extension 'ros'
[0.752s] DEBUG:colcon.colcon_core.package_identification:Package 'src/realsense-ros/realsense2_camera_msgs' with type 'ros.ament_cmake' and name 'realsense2_camera_msgs'
[0.752s] Level 1:colcon.colcon_core.package_identification:_identify(src/realsense-ros/realsense2_description) by extensions ['ignore', 'ignore_ament_install']
[0.752s] Level 1:colcon.colcon_core.package_identification:_identify(src/realsense-ros/realsense2_description) by extension 'ignore'
[0.753s] Level 1:colcon.colcon_core.package_identification:_identify(src/realsense-ros/realsense2_description) by extension 'ignore_ament_install'
[0.753s] Level 1:colcon.colcon_core.package_identification:_identify(src/realsense-ros/realsense2_description) by extensions ['colcon_pkg']
[0.753s] Level 1:colcon.colcon_core.package_identification:_identify(src/realsense-ros/realsense2_description) by extension 'colcon_pkg'
[0.753s] Level 1:colcon.colcon_core.package_identification:_identify(src/realsense-ros/realsense2_description) by extensions ['colcon_meta']
[0.754s] Level 1:colcon.colcon_core.package_identification:_identify(src/realsense-ros/realsense2_description) by extension 'colcon_meta'
[0.754s] Level 1:colcon.colcon_core.package_identification:_identify(src/realsense-ros/realsense2_description) by extensions ['ros']
[0.754s] Level 1:colcon.colcon_core.package_identification:_identify(src/realsense-ros/realsense2_description) by extension 'ros'
[0.755s] DEBUG:colcon.colcon_core.package_identification:Package 'src/realsense-ros/realsense2_description' with type 'ros.ament_cmake' and name 'realsense2_description'
[0.755s] Level 1:colcon.colcon_core.package_identification:_identify(src/realsense-ros/scripts) by extensions ['ignore', 'ignore_ament_install']
[0.755s] Level 1:colcon.colcon_core.package_identification:_identify(src/realsense-ros/scripts) by extension 'ignore'
[0.756s] Level 1:colcon.colcon_core.package_identification:_identify(src/realsense-ros/scripts) by extension 'ignore_ament_install'
[0.756s] Level 1:colcon.colcon_core.package_identification:_identify(src/realsense-ros/scripts) by extensions ['colcon_pkg']
[0.756s] Level 1:colcon.colcon_core.package_identification:_identify(src/realsense-ros/scripts) by extension 'colcon_pkg'
[0.757s] Level 1:colcon.colcon_core.package_identification:_identify(src/realsense-ros/scripts) by extensions ['colcon_meta']
[0.757s] Level 1:colcon.colcon_core.package_identification:_identify(src/realsense-ros/scripts) by extension 'colcon_meta'
[0.757s] Level 1:colcon.colcon_core.package_identification:_identify(src/realsense-ros/scripts) by extensions ['ros']
[0.757s] Level 1:colcon.colcon_core.package_identification:_identify(src/realsense-ros/scripts) by extension 'ros'
[0.758s] Level 1:colcon.colcon_core.package_identification:_identify(src/realsense-ros/scripts) by extensions ['cmake', 'python']
[0.758s] Level 1:colcon.colcon_core.package_identification:_identify(src/realsense-ros/scripts) by extension 'cmake'
[0.758s] Level 1:colcon.colcon_core.package_identification:_identify(src/realsense-ros/scripts) by extension 'python'
[0.758s] Level 1:colcon.colcon_core.package_identification:_identify(src/realsense-ros/scripts) by extensions ['python_setup_py']
[0.758s] Level 1:colcon.colcon_core.package_identification:_identify(src/realsense-ros/scripts) by extension 'python_setup_py'
[0.758s] Level 1:colcon.colcon_core.package_identification:_identify(src/sensor_tools) by extensions ['ignore', 'ignore_ament_install']
[0.758s] Level 1:colcon.colcon_core.package_identification:_identify(src/sensor_tools) by extension 'ignore'
[0.759s] Level 1:colcon.colcon_core.package_identification:_identify(src/sensor_tools) by extension 'ignore_ament_install'
[0.759s] Level 1:colcon.colcon_core.package_identification:_identify(src/sensor_tools) by extensions ['colcon_pkg']
[0.759s] Level 1:colcon.colcon_core.package_identification:_identify(src/sensor_tools) by extension 'colcon_pkg'
[0.759s] Level 1:colcon.colcon_core.package_identification:_identify(src/sensor_tools) by extensions ['colcon_meta']
[0.759s] Level 1:colcon.colcon_core.package_identification:_identify(src/sensor_tools) by extension 'colcon_meta'
[0.759s] Level 1:colcon.colcon_core.package_identification:_identify(src/sensor_tools) by extensions ['ros']
[0.760s] Level 1:colcon.colcon_core.package_identification:_identify(src/sensor_tools) by extension 'ros'
[0.761s] DEBUG:colcon.colcon_core.package_identification:Package 'src/sensor_tools' with type 'ros.ament_cmake' and name 'sensor_tools'
[0.761s] Level 1:colcon.colcon_core.package_discovery:discover_packages(recursive) using defaults
[0.770s] Level 1:colcon.colcon_core.package_discovery:discover_packages(ignore) discover
[0.770s] Level 1:colcon.colcon_core.package_discovery:discover_packages(ignore) using defaults
[0.770s] Level 1:colcon.colcon_core.package_discovery:discover_packages(path) discover
[0.771s] Level 1:colcon.colcon_core.package_discovery:discover_packages(path) using defaults
[0.794s] INFO:colcon.colcon_core.package_selection:Skipping not selected package 'data_msgs' in 'src/data_msgs'
[0.794s] INFO:colcon.colcon_core.package_selection:Skipping not selected package 'diana_robot' in 'src/PikaAnyArm/diana/diana_sdk'
[0.794s] INFO:colcon.colcon_core.package_selection:Skipping not selected package 'pika_remote_diana' in 'src/PikaAnyArm/diana/pika_remote_diana'
[0.794s] INFO:colcon.colcon_core.package_selection:Skipping not selected package 'realsense2_camera_msgs' in 'src/realsense-ros/realsense2_camera_msgs'
[0.794s] INFO:colcon.colcon_core.package_selection:Skipping not selected package 'sensor_tools' in 'src/sensor_tools'
[0.795s] INFO:colcon.colcon_core.package_selection:Skipping not selected package 'realsense2_camera' in 'src/realsense-ros/realsense2_camera'
[0.795s] INFO:colcon.colcon_core.package_selection:Skipping not selected package 'realsense2_description' in 'src/realsense-ros/realsense2_description'
[0.795s] Level 1:colcon.colcon_core.package_discovery:discover_packages(prefix_path) check parameters
[0.795s] Level 1:colcon.colcon_core.package_discovery:discover_packages(prefix_path) discover
[0.802s] DEBUG:colcon.colcon_installed_package_information.package_discovery:Found 14 installed packages in /mnt/nas/projects/robot/pika_ros/install
[0.803s] DEBUG:colcon.colcon_installed_package_information.package_discovery:Found 272 installed packages in /opt/ros/humble
[0.804s] Level 1:colcon.colcon_core.package_discovery:discover_packages(prefix_path) using defaults
[0.840s] Level 5:colcon.colcon_core.verb:set package 'data_tools' build argument 'cmake_args' from command line to 'None'
[0.840s] Level 5:colcon.colcon_core.verb:set package 'data_tools' build argument 'cmake_target' from command line to 'None'
[0.841s] Level 5:colcon.colcon_core.verb:set package 'data_tools' build argument 'cmake_target_skip_unavailable' from command line to 'False'
[0.841s] Level 5:colcon.colcon_core.verb:set package 'data_tools' build argument 'cmake_clean_cache' from command line to 'False'
[0.841s] Level 5:colcon.colcon_core.verb:set package 'data_tools' build argument 'cmake_clean_first' from command line to 'False'
[0.841s] Level 5:colcon.colcon_core.verb:set package 'data_tools' build argument 'cmake_force_configure' from command line to 'False'
[0.841s] Level 5:colcon.colcon_core.verb:set package 'data_tools' build argument 'ament_cmake_args' from command line to 'None'
[0.841s] Level 5:colcon.colcon_core.verb:set package 'data_tools' build argument 'catkin_cmake_args' from command line to 'None'
[0.841s] Level 5:colcon.colcon_core.verb:set package 'data_tools' build argument 'catkin_skip_building_tests' from command line to 'False'
[0.841s] DEBUG:colcon.colcon_core.verb:Building package 'data_tools' with the following arguments: {'ament_cmake_args': None, 'build_base': '/mnt/nas/projects/robot/pika_ros/build/data_tools', 'catkin_cmake_args': None, 'catkin_skip_building_tests': False, 'cmake_args': None, 'cmake_clean_cache': False, 'cmake_clean_first': False, 'cmake_force_configure': False, 'cmake_target': None, 'cmake_target_skip_unavailable': False, 'install_base': '/mnt/nas/projects/robot/pika_ros/install/data_tools', 'merge_install': False, 'path': '/mnt/nas/projects/robot/pika_ros/src/data_tools', 'symlink_install': False, 'test_result_base': None}
[0.841s] INFO:colcon.colcon_core.executor:Executing jobs using 'parallel' executor
[0.843s] DEBUG:colcon.colcon_parallel_executor.executor.parallel:run_until_complete
[0.843s] INFO:colcon.colcon_ros.task.ament_cmake.build:Building ROS package in '/mnt/nas/projects/robot/pika_ros/src/data_tools' with build type 'ament_cmake'
[0.843s] INFO:colcon.colcon_cmake.task.cmake.build:Building CMake package in '/mnt/nas/projects/robot/pika_ros/src/data_tools'
[0.847s] INFO:colcon.colcon_core.plugin_system:Skipping extension 'colcon_core.shell.bat': Not used on non-Windows systems
[0.847s] INFO:colcon.colcon_core.shell:Skip shell extension 'powershell' for command environment: Not usable outside of PowerShell
[0.847s] DEBUG:colcon.colcon_core.shell:Skip shell extension 'dsv' for command environment
[0.894s] DEBUG:colcon.colcon_core.event_handler.log_command:Invoking command in '/mnt/nas/projects/robot/pika_ros/build/data_tools': CMAKE_PREFIX_PATH=${CMAKE_PREFIX_PATH}:/mnt/nas/projects/robot/pika_ros/install/piper:/mnt/nas/projects/robot/pika_ros/install/pika_remote_diana:/opt/ros/humble CONDA_PROMPT_MODIFIER=(base) /usr/bin/cmake --build /mnt/nas/projects/robot/pika_ros/build/data_tools -- -j128 -l128
[59.495s] DEBUG:colcon.colcon_core.event_handler.log_command:Invoked command in '/mnt/nas/projects/robot/pika_ros/build/data_tools' returned '0': CMAKE_PREFIX_PATH=${CMAKE_PREFIX_PATH}:/mnt/nas/projects/robot/pika_ros/install/piper:/mnt/nas/projects/robot/pika_ros/install/pika_remote_diana:/opt/ros/humble CONDA_PROMPT_MODIFIER=(base) /usr/bin/cmake --build /mnt/nas/projects/robot/pika_ros/build/data_tools -- -j128 -l128
[59.510s] DEBUG:colcon.colcon_core.event_handler.log_command:Invoking command in '/mnt/nas/projects/robot/pika_ros/build/data_tools': CMAKE_PREFIX_PATH=${CMAKE_PREFIX_PATH}:/mnt/nas/projects/robot/pika_ros/install/piper:/mnt/nas/projects/robot/pika_ros/install/pika_remote_diana:/opt/ros/humble CONDA_PROMPT_MODIFIER=(base) /usr/bin/cmake --install /mnt/nas/projects/robot/pika_ros/build/data_tools
[59.684s] Level 1:colcon.colcon_core.environment:create_environment_scripts_only(data_tools)
[59.685s] DEBUG:colcon.colcon_core.event_handler.log_command:Invoked command in '/mnt/nas/projects/robot/pika_ros/build/data_tools' returned '0': CMAKE_PREFIX_PATH=${CMAKE_PREFIX_PATH}:/mnt/nas/projects/robot/pika_ros/install/piper:/mnt/nas/projects/robot/pika_ros/install/pika_remote_diana:/opt/ros/humble CONDA_PROMPT_MODIFIER=(base) /usr/bin/cmake --install /mnt/nas/projects/robot/pika_ros/build/data_tools
[59.693s] Level 1:colcon.colcon_core.environment:checking '/mnt/nas/projects/robot/pika_ros/install/data_tools' for CMake module files
[59.695s] Level 1:colcon.colcon_core.environment:checking '/mnt/nas/projects/robot/pika_ros/install/data_tools' for CMake config files
[59.697s] Level 1:colcon.colcon_core.shell:create_environment_hook('data_tools', 'cmake_prefix_path')
[59.697s] INFO:colcon.colcon_core.shell:Creating environment hook '/mnt/nas/projects/robot/pika_ros/install/data_tools/share/data_tools/hook/cmake_prefix_path.ps1'
[59.698s] INFO:colcon.colcon_core.shell:Creating environment descriptor '/mnt/nas/projects/robot/pika_ros/install/data_tools/share/data_tools/hook/cmake_prefix_path.dsv'
[59.699s] INFO:colcon.colcon_core.shell:Creating environment hook '/mnt/nas/projects/robot/pika_ros/install/data_tools/share/data_tools/hook/cmake_prefix_path.sh'
[59.701s] Level 1:colcon.colcon_core.environment:checking '/mnt/nas/projects/robot/pika_ros/install/data_tools/lib'
[59.701s] Level 1:colcon.colcon_core.environment:checking '/mnt/nas/projects/robot/pika_ros/install/data_tools/bin'
[59.701s] Level 1:colcon.colcon_core.environment:checking '/mnt/nas/projects/robot/pika_ros/install/data_tools/lib/pkgconfig/data_tools.pc'
[59.702s] Level 1:colcon.colcon_core.environment:checking '/mnt/nas/projects/robot/pika_ros/install/data_tools/lib/python3.10/site-packages'
[59.702s] Level 1:colcon.colcon_core.environment:checking '/mnt/nas/projects/robot/pika_ros/install/data_tools/bin'
[59.702s] INFO:colcon.colcon_core.shell:Creating package script '/mnt/nas/projects/robot/pika_ros/install/data_tools/share/data_tools/package.ps1'
[59.703s] INFO:colcon.colcon_core.shell:Creating package descriptor '/mnt/nas/projects/robot/pika_ros/install/data_tools/share/data_tools/package.dsv'
[59.705s] INFO:colcon.colcon_core.shell:Creating package script '/mnt/nas/projects/robot/pika_ros/install/data_tools/share/data_tools/package.sh'
[59.706s] INFO:colcon.colcon_core.shell:Creating package script '/mnt/nas/projects/robot/pika_ros/install/data_tools/share/data_tools/package.bash'
[59.707s] INFO:colcon.colcon_core.shell:Creating package script '/mnt/nas/projects/robot/pika_ros/install/data_tools/share/data_tools/package.zsh'
[59.708s] Level 1:colcon.colcon_core.environment:create_file_with_runtime_dependencies(/mnt/nas/projects/robot/pika_ros/install/data_tools/share/colcon-core/packages/data_tools)
[59.710s] Level 1:colcon.colcon_core.environment:create_environment_scripts_only(data_tools)
[59.710s] Level 1:colcon.colcon_core.environment:checking '/mnt/nas/projects/robot/pika_ros/install/data_tools' for CMake module files
[59.711s] Level 1:colcon.colcon_core.environment:checking '/mnt/nas/projects/robot/pika_ros/install/data_tools' for CMake config files
[59.712s] Level 1:colcon.colcon_core.shell:create_environment_hook('data_tools', 'cmake_prefix_path')
[59.712s] INFO:colcon.colcon_core.shell:Creating environment hook '/mnt/nas/projects/robot/pika_ros/install/data_tools/share/data_tools/hook/cmake_prefix_path.ps1'
[59.713s] INFO:colcon.colcon_core.shell:Creating environment descriptor '/mnt/nas/projects/robot/pika_ros/install/data_tools/share/data_tools/hook/cmake_prefix_path.dsv'
[59.714s] INFO:colcon.colcon_core.shell:Creating environment hook '/mnt/nas/projects/robot/pika_ros/install/data_tools/share/data_tools/hook/cmake_prefix_path.sh'
[59.715s] Level 1:colcon.colcon_core.environment:checking '/mnt/nas/projects/robot/pika_ros/install/data_tools/lib'
[59.715s] Level 1:colcon.colcon_core.environment:checking '/mnt/nas/projects/robot/pika_ros/install/data_tools/bin'
[59.715s] Level 1:colcon.colcon_core.environment:checking '/mnt/nas/projects/robot/pika_ros/install/data_tools/lib/pkgconfig/data_tools.pc'
[59.716s] Level 1:colcon.colcon_core.environment:checking '/mnt/nas/projects/robot/pika_ros/install/data_tools/lib/python3.10/site-packages'
[59.716s] Level 1:colcon.colcon_core.environment:checking '/mnt/nas/projects/robot/pika_ros/install/data_tools/bin'
[59.716s] INFO:colcon.colcon_core.shell:Creating package script '/mnt/nas/projects/robot/pika_ros/install/data_tools/share/data_tools/package.ps1'
[59.717s] INFO:colcon.colcon_core.shell:Creating package descriptor '/mnt/nas/projects/robot/pika_ros/install/data_tools/share/data_tools/package.dsv'
[59.718s] INFO:colcon.colcon_core.shell:Creating package script '/mnt/nas/projects/robot/pika_ros/install/data_tools/share/data_tools/package.sh'
[59.719s] INFO:colcon.colcon_core.shell:Creating package script '/mnt/nas/projects/robot/pika_ros/install/data_tools/share/data_tools/package.bash'
[59.720s] INFO:colcon.colcon_core.shell:Creating package script '/mnt/nas/projects/robot/pika_ros/install/data_tools/share/data_tools/package.zsh'
[59.721s] Level 1:colcon.colcon_core.environment:create_file_with_runtime_dependencies(/mnt/nas/projects/robot/pika_ros/install/data_tools/share/colcon-core/packages/data_tools)
[59.721s] DEBUG:colcon.colcon_parallel_executor.executor.parallel:closing loop
[59.722s] DEBUG:colcon.colcon_parallel_executor.executor.parallel:loop closed
[59.722s] DEBUG:colcon.colcon_parallel_executor.executor.parallel:run_until_complete finished with '0'
[59.722s] DEBUG:colcon.colcon_core.event_reactor:joining thread
[59.730s] INFO:colcon.colcon_core.plugin_system:Skipping extension 'colcon_notification.desktop_notification.terminal_notifier': Not used on non-Darwin systems
[59.730s] INFO:colcon.colcon_core.plugin_system:Skipping extension 'colcon_notification.desktop_notification.win32': Not used on non-Windows systems
[59.730s] INFO:colcon.colcon_notification.desktop_notification:Sending desktop notification using 'notify2'
[84.757s] DEBUG:colcon.colcon_notification.desktop_notification.notify2:Failed to initialize notify2: org.freedesktop.DBus.Error.NoReply: Did not receive a reply. Possible causes include: the remote application did not send a reply, the message bus security policy blocked the reply, the reply timeout expired, or the network connection was broken.
[84.757s] DEBUG:colcon.colcon_core.event_reactor:joined thread
[84.779s] INFO:colcon.colcon_core.shell:Creating prefix script '/mnt/nas/projects/robot/pika_ros/install/local_setup.ps1'
[84.805s] INFO:colcon.colcon_core.shell:Creating prefix util module '/mnt/nas/projects/robot/pika_ros/install/_local_setup_util_ps1.py'
[84.808s] INFO:colcon.colcon_core.shell:Creating prefix chain script '/mnt/nas/projects/robot/pika_ros/install/setup.ps1'
[84.814s] INFO:colcon.colcon_core.shell:Creating prefix script '/mnt/nas/projects/robot/pika_ros/install/local_setup.sh'
[84.815s] INFO:colcon.colcon_core.shell:Creating prefix util module '/mnt/nas/projects/robot/pika_ros/install/_local_setup_util_sh.py'
[84.816s] INFO:colcon.colcon_core.shell:Creating prefix chain script '/mnt/nas/projects/robot/pika_ros/install/setup.sh'
[84.820s] INFO:colcon.colcon_core.shell:Creating prefix script '/mnt/nas/projects/robot/pika_ros/install/local_setup.bash'
[84.821s] INFO:colcon.colcon_core.shell:Creating prefix chain script '/mnt/nas/projects/robot/pika_ros/install/setup.bash'
[84.825s] INFO:colcon.colcon_core.shell:Creating prefix script '/mnt/nas/projects/robot/pika_ros/install/local_setup.zsh'
[84.827s] INFO:colcon.colcon_core.shell:Creating prefix chain script '/mnt/nas/projects/robot/pika_ros/install/setup.zsh'
