[0.047s] Invoking command in '/mnt/nas/projects/robot/pika_ros/build/sensor_tools': CMAKE_PREFIX_PATH=${CMAKE_PREFIX_PATH}:/mnt/nas/projects/robot/pika_ros/install/piper:/mnt/nas/projects/robot/pika_ros/install/pika_remote_diana:/opt/ros/humble CONDA_PROMPT_MODIFIER=(base) /usr/bin/cmake --build /mnt/nas/projects/robot/pika_ros/build/sensor_tools -- -j128 -l128
[0.246s] [35m[1mConsolidate compiler generated dependencies of target serial_gripper_imu[0m
[0.341s] gmake[2]: 警告：文件“CMakeFiles/serial_gripper_imu.dir/compiler_depend.make”的修改时间在未来 223 秒后
[0.389s] gmake[2]: 警告：检测到时钟错误。您的构建版本可能是不完整的。
[0.414s] [100%] Built target serial_gripper_imu
[0.432s] Invoked command in '/mnt/nas/projects/robot/pika_ros/build/sensor_tools' returned '0': CMAKE_PREFIX_PATH=${CMAKE_PREFIX_PATH}:/mnt/nas/projects/robot/pika_ros/install/piper:/mnt/nas/projects/robot/pika_ros/install/pika_remote_diana:/opt/ros/humble CONDA_PROMPT_MODIFIER=(base) /usr/bin/cmake --build /mnt/nas/projects/robot/pika_ros/build/sensor_tools -- -j128 -l128
[0.449s] Invoking command in '/mnt/nas/projects/robot/pika_ros/build/sensor_tools': CMAKE_PREFIX_PATH=${CMAKE_PREFIX_PATH}:/mnt/nas/projects/robot/pika_ros/install/piper:/mnt/nas/projects/robot/pika_ros/install/pika_remote_diana:/opt/ros/humble CONDA_PROMPT_MODIFIER=(base) /usr/bin/cmake --install /mnt/nas/projects/robot/pika_ros/build/sensor_tools
[0.457s] -- Install configuration: ""
[0.457s] -- Up-to-date: /mnt/nas/projects/robot/pika_ros/install/sensor_tools/share/sensor_tools//launch
[0.458s] -- Up-to-date: /mnt/nas/projects/robot/pika_ros/install/sensor_tools/share/sensor_tools//launch/open_fisheye.launch.py
[0.458s] -- Up-to-date: /mnt/nas/projects/robot/pika_ros/install/sensor_tools/share/sensor_tools//launch/open_multi_gripper.launch.py
[0.459s] -- Installing: /mnt/nas/projects/robot/pika_ros/install/sensor_tools/share/sensor_tools//launch/open_multi_sensor.launch.py
[0.467s] -- Up-to-date: /mnt/nas/projects/robot/pika_ros/install/sensor_tools/share/sensor_tools//launch/open_sensor_gripper.launch.py
[0.468s] -- Up-to-date: /mnt/nas/projects/robot/pika_ros/install/sensor_tools/share/sensor_tools//launch/open_single_gripper.launch.py
[0.468s] -- Up-to-date: /mnt/nas/projects/robot/pika_ros/install/sensor_tools/share/sensor_tools//launch/open_single_sensor.launch.py
[0.469s] -- Up-to-date: /mnt/nas/projects/robot/pika_ros/install/sensor_tools/share/sensor_tools//scripts
[0.470s] -- Up-to-date: /mnt/nas/projects/robot/pika_ros/install/sensor_tools/share/sensor_tools//scripts/find_usb_camera.py
[0.470s] -- Up-to-date: /mnt/nas/projects/robot/pika_ros/install/sensor_tools/share/sensor_tools//scripts/multi_transmit_topics.py
[0.471s] -- Up-to-date: /mnt/nas/projects/robot/pika_ros/install/sensor_tools/share/sensor_tools//scripts/pika_localization_setup.bash
[0.471s] -- Up-to-date: /mnt/nas/projects/robot/pika_ros/install/sensor_tools/share/sensor_tools//scripts/setup_device.py
[0.472s] -- Up-to-date: /mnt/nas/projects/robot/pika_ros/install/sensor_tools/share/sensor_tools//scripts/setup_multi_gripper.bash
[0.472s] -- Up-to-date: /mnt/nas/projects/robot/pika_ros/install/sensor_tools/share/sensor_tools//scripts/setup_multi_sensor.bash
[0.473s] -- Up-to-date: /mnt/nas/projects/robot/pika_ros/install/sensor_tools/share/sensor_tools//scripts/setup_sensor_gripper.bash
[0.473s] -- Up-to-date: /mnt/nas/projects/robot/pika_ros/install/sensor_tools/share/sensor_tools//scripts/single_transmit_topics.py
[0.474s] -- Up-to-date: /mnt/nas/projects/robot/pika_ros/install/sensor_tools/share/sensor_tools//scripts/start_multi_gripper.bash
[0.474s] -- Up-to-date: /mnt/nas/projects/robot/pika_ros/install/sensor_tools/share/sensor_tools//scripts/start_multi_sensor.bash
[0.475s] -- Up-to-date: /mnt/nas/projects/robot/pika_ros/install/sensor_tools/share/sensor_tools//scripts/start_sensor_gripper.bash
[0.475s] -- Up-to-date: /mnt/nas/projects/robot/pika_ros/install/sensor_tools/share/sensor_tools//scripts/start_single_gripper.bash
[0.476s] -- Up-to-date: /mnt/nas/projects/robot/pika_ros/install/sensor_tools/share/sensor_tools//scripts/start_single_sensor.bash
[0.476s] -- Up-to-date: /mnt/nas/projects/robot/pika_ros/install/sensor_tools/share/sensor_tools//scripts/usb_camera.py
[0.477s] -- Up-to-date: /mnt/nas/projects/robot/pika_ros/install/sensor_tools/share/sensor_tools//scripts/81-vive.rules
[0.477s] -- Up-to-date: /mnt/nas/projects/robot/pika_ros/install/sensor_tools/share/sensor_tools//scripts/calibration.bash
[0.489s] -- Up-to-date: /mnt/nas/projects/robot/pika_ros/install/sensor_tools/lib/sensor_tools/serial_gripper_imu
[0.490s] -- Up-to-date: /mnt/nas/projects/robot/pika_ros/install/sensor_tools/include
[0.491s] -- Up-to-date: /mnt/nas/projects/robot/pika_ros/install/sensor_tools/include/.keep
[0.491s] -- Up-to-date: /mnt/nas/projects/robot/pika_ros/install/sensor_tools/lib/sensor_tools/usb_camera.py
[0.491s] -- Up-to-date: /mnt/nas/projects/robot/pika_ros/install/sensor_tools/share/ament_index/resource_index/package_run_dependencies/sensor_tools
[0.492s] -- Up-to-date: /mnt/nas/projects/robot/pika_ros/install/sensor_tools/share/ament_index/resource_index/parent_prefix_path/sensor_tools
[0.492s] -- Up-to-date: /mnt/nas/projects/robot/pika_ros/install/sensor_tools/share/sensor_tools/environment/ament_prefix_path.sh
[0.493s] -- Up-to-date: /mnt/nas/projects/robot/pika_ros/install/sensor_tools/share/sensor_tools/environment/ament_prefix_path.dsv
[0.493s] -- Up-to-date: /mnt/nas/projects/robot/pika_ros/install/sensor_tools/share/sensor_tools/environment/path.sh
[0.493s] -- Up-to-date: /mnt/nas/projects/robot/pika_ros/install/sensor_tools/share/sensor_tools/environment/path.dsv
[0.494s] -- Up-to-date: /mnt/nas/projects/robot/pika_ros/install/sensor_tools/share/sensor_tools/local_setup.bash
[0.494s] -- Up-to-date: /mnt/nas/projects/robot/pika_ros/install/sensor_tools/share/sensor_tools/local_setup.sh
[0.495s] -- Up-to-date: /mnt/nas/projects/robot/pika_ros/install/sensor_tools/share/sensor_tools/local_setup.zsh
[0.495s] -- Up-to-date: /mnt/nas/projects/robot/pika_ros/install/sensor_tools/share/sensor_tools/local_setup.dsv
[0.495s] -- Installing: /mnt/nas/projects/robot/pika_ros/install/sensor_tools/share/sensor_tools/package.dsv
[0.506s] -- Up-to-date: /mnt/nas/projects/robot/pika_ros/install/sensor_tools/share/ament_index/resource_index/packages/sensor_tools
[0.507s] -- Up-to-date: /mnt/nas/projects/robot/pika_ros/install/sensor_tools/share/sensor_tools/cmake/ament_cmake_export_include_directories-extras.cmake
[0.507s] -- Up-to-date: /mnt/nas/projects/robot/pika_ros/install/sensor_tools/share/sensor_tools/cmake/sensor_toolsConfig.cmake
[0.508s] -- Up-to-date: /mnt/nas/projects/robot/pika_ros/install/sensor_tools/share/sensor_tools/cmake/sensor_toolsConfig-version.cmake
[0.508s] -- Up-to-date: /mnt/nas/projects/robot/pika_ros/install/sensor_tools/share/sensor_tools/package.xml
[0.512s] Invoked command in '/mnt/nas/projects/robot/pika_ros/build/sensor_tools' returned '0': CMAKE_PREFIX_PATH=${CMAKE_PREFIX_PATH}:/mnt/nas/projects/robot/pika_ros/install/piper:/mnt/nas/projects/robot/pika_ros/install/pika_remote_diana:/opt/ros/humble CONDA_PROMPT_MODIFIER=(base) /usr/bin/cmake --install /mnt/nas/projects/robot/pika_ros/build/sensor_tools
