[0.022s] Invoking command in '/mnt/nas/projects/robot/pika_ros/build/data_tools': CMAKE_PREFIX_PATH=${CMAKE_PREFIX_PATH}:/mnt/nas/projects/robot/pika_ros/install/piper:/mnt/nas/projects/robot/pika_ros/install/pika_remote_diana:/opt/ros/humble CONDA_PROMPT_MODIFIER=(base) /usr/bin/cmake --build /mnt/nas/projects/robot/pika_ros/build/data_tools -- -j128 -l128
[0.129s] [ 50%] Built target data_tools_dataPublish
[0.130s] [ 66%] Built target data_tools_dataSync
[0.141s] [35m[1mConsolidate compiler generated dependencies of target data_tools_dataCapture[0m
[0.234s] gmake[2]: 警告：文件“data_tools_dataCapture”的修改时间在未来 345 秒后
[0.252s] [ 83%] [32mBuilding CXX object CMakeFiles/data_tools_dataCapture.dir/src/dataCapture.cpp.o[0m
[6.726s] [01m[K/mnt/nas/projects/robot/pika_ros/src/data_tools/src/dataCapture.cpp:[m[K In member function ‘[01m[Kvoid DataCapture::cameraPointCloudSaving(int)[m[K’:
[6.726s] [01m[K/mnt/nas/projects/robot/pika_ros/src/data_tools/src/dataCapture.cpp:925:49:[m[K [01;35m[Kwarning: [m[K‘[01m[Kvoid pcl::PassThrough<PointT>::setFilterLimitsNegative(bool) [with PointT = pcl::PointXYZRGB][m[K’ is deprecated: use inherited FilterIndices::setNegative() instead (It will be removed in PCL 1.13) [[01;35m[K]8;;https://gcc.gnu.org/onlinedocs/gcc/Warning-Options.html#index-Wdeprecated-declarations-Wdeprecated-declarations]8;;[m[K]
[6.726s]   925 | [01;35m[Ktive(false)[m[K;
[6.727s]       | [01;35m[K~~~~^~~~~~~[m[K
[6.727s] 
[6.727s] In file included from [01m[K/mnt/nas/projects/robot/pika_ros/src/data_tools/src/dataCapture.cpp:22[m[K:
[6.727s] [01m[K/usr/include/pcl-1.12/pcl/filters/passthrough.h:156:7:[m[K [01;36m[Knote: [m[Kdeclared here
[6.728s]   156 |  [01;36m[KsetFilterLimitsNegative[m[K (const bool limit_negative)
[6.728s]       |  [01;36m[K^~~~~~~~~~~~~~~~~~~~~~~[m[K
[6.728s] 
[16.195s] [01m[K/mnt/nas/projects/robot/pika_ros/src/data_tools/src/dataCapture.cpp:[m[K In member function ‘[01m[Kvoid DataCapture::monitoring()[m[K’:
[16.195s] [01m[K/mnt/nas/projects/robot/pika_ros/src/data_tools/src/dataCapture.cpp:1392:19:[m[K [01;35m[Kwarning: [m[Kignoring return value of ‘[01m[Kint system(const char*)[m[K’ declared with attribute ‘[01m[Kwarn_unused_result[m[K’ [[01;35m[K]8;;https://gcc.gnu.org/onlinedocs/gcc/Warning-Options.html#index-Wunused-result-Wunused-result]8;;[m[K]
[16.196s]  1392 | [01;35m[Kem("clear")[m[K;
[16.196s]       | [01;35m[K~~^~~~~~~~~[m[K
[16.196s] 
[50.628s] [100%] [32m[1mLinking CXX executable data_tools_dataCapture[0m
[52.430s] gmake[2]: 警告：检测到时钟错误。您的构建版本可能是不完整的。
[52.445s] [100%] Built target data_tools_dataCapture
[52.462s] Invoked command in '/mnt/nas/projects/robot/pika_ros/build/data_tools' returned '0': CMAKE_PREFIX_PATH=${CMAKE_PREFIX_PATH}:/mnt/nas/projects/robot/pika_ros/install/piper:/mnt/nas/projects/robot/pika_ros/install/pika_remote_diana:/opt/ros/humble CONDA_PROMPT_MODIFIER=(base) /usr/bin/cmake --build /mnt/nas/projects/robot/pika_ros/build/data_tools -- -j128 -l128
[52.480s] Invoking command in '/mnt/nas/projects/robot/pika_ros/build/data_tools': CMAKE_PREFIX_PATH=${CMAKE_PREFIX_PATH}:/mnt/nas/projects/robot/pika_ros/install/piper:/mnt/nas/projects/robot/pika_ros/install/pika_remote_diana:/opt/ros/humble CONDA_PROMPT_MODIFIER=(base) /usr/bin/cmake --install /mnt/nas/projects/robot/pika_ros/build/data_tools
[52.490s] -- Install configuration: "Release"
[52.490s] -- Up-to-date: /mnt/nas/projects/robot/pika_ros/install/data_tools/share/data_tools//launch
[52.491s] -- Up-to-date: /mnt/nas/projects/robot/pika_ros/install/data_tools/share/data_tools//launch/run_aloha_data_capture_to_mcap.launch.py
[52.492s] -- Up-to-date: /mnt/nas/projects/robot/pika_ros/install/data_tools/share/data_tools//launch/run_compress_camera.launch.py
[52.492s] -- Up-to-date: /mnt/nas/projects/robot/pika_ros/install/data_tools/share/data_tools//launch/run_data_capture.launch.py
[52.493s] -- Up-to-date: /mnt/nas/projects/robot/pika_ros/install/data_tools/share/data_tools//launch/run_data_capture_to_mcap.launch.py
[52.493s] -- Up-to-date: /mnt/nas/projects/robot/pika_ros/install/data_tools/share/data_tools//launch/run_data_publish.launch.py
[52.494s] -- Up-to-date: /mnt/nas/projects/robot/pika_ros/install/data_tools/share/data_tools//launch/run_data_sync.launch.py
[52.494s] -- Up-to-date: /mnt/nas/projects/robot/pika_ros/install/data_tools/share/data_tools//launch/run_lift_data_capture_to_mcap.launch.py
[52.495s] -- Up-to-date: /mnt/nas/projects/robot/pika_ros/install/data_tools/share/data_tools//launch/run_multi_data_capture_to_mcap.launch.py
[52.495s] -- Up-to-date: /mnt/nas/projects/robot/pika_ros/install/data_tools/share/data_tools//config
[52.496s] -- Up-to-date: /mnt/nas/projects/robot/pika_ros/install/data_tools/share/data_tools//config/aloha_data_params.yaml
[52.496s] -- Up-to-date: /mnt/nas/projects/robot/pika_ros/install/data_tools/share/data_tools//config/lift_data_params.yaml
[52.497s] -- Up-to-date: /mnt/nas/projects/robot/pika_ros/install/data_tools/share/data_tools//config/multi_pika_data_params.yaml
[52.497s] -- Up-to-date: /mnt/nas/projects/robot/pika_ros/install/data_tools/share/data_tools//config/multi_pika_teleop_data_params.yaml
[52.498s] -- Up-to-date: /mnt/nas/projects/robot/pika_ros/install/data_tools/share/data_tools//config/single_pika_data_params.yaml
[52.498s] -- Up-to-date: /mnt/nas/projects/robot/pika_ros/install/data_tools/share/data_tools//config/single_pika_teleop_data_params.yaml
[52.499s] -- Up-to-date: /mnt/nas/projects/robot/pika_ros/install/data_tools/share/data_tools//config/single_pika_teleop_data_params_prior.yaml
[52.500s] -- Installing: /mnt/nas/projects/robot/pika_ros/install/data_tools/lib/data_tools/data_tools_dataCapture
[52.558s] -- Set runtime path of "/mnt/nas/projects/robot/pika_ros/install/data_tools/lib/data_tools/data_tools_dataCapture" to ""
[52.560s] -- Up-to-date: /mnt/nas/projects/robot/pika_ros/install/data_tools/lib/data_tools/data_tools_dataSync
[52.563s] -- Up-to-date: /mnt/nas/projects/robot/pika_ros/install/data_tools/lib/data_tools/data_tools_dataPublish
[52.565s] -- Up-to-date: /mnt/nas/projects/robot/pika_ros/install/data_tools/include
[52.565s] -- Up-to-date: /mnt/nas/projects/robot/pika_ros/install/data_tools/include/blockingDeque.h
[52.566s] -- Up-to-date: /mnt/nas/projects/robot/pika_ros/install/data_tools/include/dataUtility.h
[52.566s] -- Up-to-date: /mnt/nas/projects/robot/pika_ros/install/data_tools/lib/data_tools/aloha_data_to_mcap.py
[52.567s] -- Up-to-date: /mnt/nas/projects/robot/pika_ros/install/data_tools/lib/data_tools/camera_point_cloud_filter.py
[52.568s] -- Up-to-date: /mnt/nas/projects/robot/pika_ros/install/data_tools/lib/data_tools/compress_camera.py
[52.568s] -- Up-to-date: /mnt/nas/projects/robot/pika_ros/install/data_tools/lib/data_tools/data_publish.py
[52.569s] -- Up-to-date: /mnt/nas/projects/robot/pika_ros/install/data_tools/lib/data_tools/data_refacctoring_tar.py
[52.569s] -- Up-to-date: /mnt/nas/projects/robot/pika_ros/install/data_tools/lib/data_tools/data_sync.py
[52.570s] -- Up-to-date: /mnt/nas/projects/robot/pika_ros/install/data_tools/lib/data_tools/data_to_hdf5.py
[52.570s] -- Up-to-date: /mnt/nas/projects/robot/pika_ros/install/data_tools/lib/data_tools/hdf5_to_lerobot.py
[52.571s] -- Up-to-date: /mnt/nas/projects/robot/pika_ros/install/data_tools/lib/data_tools/hdf5_to_mcap.py
[52.571s] -- Up-to-date: /mnt/nas/projects/robot/pika_ros/install/data_tools/lib/data_tools/load_data_example.py
[52.572s] -- Up-to-date: /mnt/nas/projects/robot/pika_ros/install/data_tools/lib/data_tools/mcap_to_aloha_data.py
[52.572s] -- Up-to-date: /mnt/nas/projects/robot/pika_ros/install/data_tools/lib/data_tools/record_mcap.py
[52.574s] -- Up-to-date: /mnt/nas/projects/robot/pika_ros/install/data_tools/share/ament_index/resource_index/package_run_dependencies/data_tools
[52.574s] -- Up-to-date: /mnt/nas/projects/robot/pika_ros/install/data_tools/share/ament_index/resource_index/parent_prefix_path/data_tools
[52.575s] -- Up-to-date: /mnt/nas/projects/robot/pika_ros/install/data_tools/share/data_tools/environment/ament_prefix_path.sh
[52.576s] -- Up-to-date: /mnt/nas/projects/robot/pika_ros/install/data_tools/share/data_tools/environment/ament_prefix_path.dsv
[52.576s] -- Up-to-date: /mnt/nas/projects/robot/pika_ros/install/data_tools/share/data_tools/environment/path.sh
[52.577s] -- Up-to-date: /mnt/nas/projects/robot/pika_ros/install/data_tools/share/data_tools/environment/path.dsv
[52.577s] -- Up-to-date: /mnt/nas/projects/robot/pika_ros/install/data_tools/share/data_tools/local_setup.bash
[52.577s] -- Up-to-date: /mnt/nas/projects/robot/pika_ros/install/data_tools/share/data_tools/local_setup.sh
[52.578s] -- Up-to-date: /mnt/nas/projects/robot/pika_ros/install/data_tools/share/data_tools/local_setup.zsh
[52.578s] -- Up-to-date: /mnt/nas/projects/robot/pika_ros/install/data_tools/share/data_tools/local_setup.dsv
[52.579s] -- Installing: /mnt/nas/projects/robot/pika_ros/install/data_tools/share/data_tools/package.dsv
[52.581s] -- Up-to-date: /mnt/nas/projects/robot/pika_ros/install/data_tools/share/ament_index/resource_index/packages/data_tools
[52.581s] -- Up-to-date: /mnt/nas/projects/robot/pika_ros/install/data_tools/share/data_tools/cmake/ament_cmake_export_include_directories-extras.cmake
[52.582s] -- Up-to-date: /mnt/nas/projects/robot/pika_ros/install/data_tools/share/data_tools/cmake/data_toolsConfig.cmake
[52.582s] -- Up-to-date: /mnt/nas/projects/robot/pika_ros/install/data_tools/share/data_tools/cmake/data_toolsConfig-version.cmake
[52.583s] -- Up-to-date: /mnt/nas/projects/robot/pika_ros/install/data_tools/share/data_tools/package.xml
[52.588s] Invoked command in '/mnt/nas/projects/robot/pika_ros/build/data_tools' returned '0': CMAKE_PREFIX_PATH=${CMAKE_PREFIX_PATH}:/mnt/nas/projects/robot/pika_ros/install/piper:/mnt/nas/projects/robot/pika_ros/install/pika_remote_diana:/opt/ros/humble CONDA_PROMPT_MODIFIER=(base) /usr/bin/cmake --install /mnt/nas/projects/robot/pika_ros/build/data_tools
