-- The C compiler identification is GNU 11.4.0
-- The CXX compiler identification is GNU 11.4.0
-- Detecting C compiler ABI info
-- Detecting C compiler ABI info - done
-- Check for working C compiler: /usr/bin/cc - skipped
-- Detecting C compile features
-- Detecting C compile features - done
-- Detecting CXX compiler ABI info
-- Detecting CXX compiler ABI info - done
-- Check for working CXX compiler: /usr/bin/c++ - skipped
-- Detecting CXX compile features
-- Detecting CXX compile features - done
-- Found ament_cmake: 1.3.12 (/opt/ros/humble/share/ament_cmake/cmake)
-- Found Python3: /usr/bin/python3 (found version "3.10.12") found components: Interpreter 
-- Found CURL: /usr/lib/x86_64-linux-gnu/libcurl.so (found version "7.81.0")  
-- Found rclcpp: 16.0.16 (/opt/ros/humble/share/rclcpp/cmake)
-- Found rosidl_generator_c: 3.1.7 (/opt/ros/humble/share/rosidl_generator_c/cmake)
-- Found rosidl_adapter: 3.1.7 (/opt/ros/humble/share/rosidl_adapter/cmake)
-- Found rosidl_generator_cpp: 3.1.7 (/opt/ros/humble/share/rosidl_generator_cpp/cmake)
-- Using all available rosidl_typesupport_c: rosidl_typesupport_fastrtps_c;rosidl_typesupport_introspection_c
-- Using all available rosidl_typesupport_cpp: rosidl_typesupport_fastrtps_cpp;rosidl_typesupport_introspection_cpp
-- Found rmw_implementation_cmake: 6.1.2 (/opt/ros/humble/share/rmw_implementation_cmake/cmake)
-- Found rmw_fastrtps_cpp: 6.2.9 (/opt/ros/humble/share/rmw_fastrtps_cpp/cmake)
-- Found OpenSSL: /usr/lib/x86_64-linux-gnu/libcrypto.so (found version "3.0.2")  
-- Found FastRTPS: /opt/ros/humble/include  
-- Using RMW implementation 'rmw_fastrtps_cpp' as default
-- Looking for pthread.h
-- Looking for pthread.h - found
-- Performing Test CMAKE_HAVE_LIBC_PTHREAD
-- Performing Test CMAKE_HAVE_LIBC_PTHREAD - Success
-- Found Threads: TRUE  
-- Found rclpy: 3.3.19 (/opt/ros/humble/share/rclpy/cmake)
-- Found cv_bridge: 3.2.1 (/opt/ros/humble/share/cv_bridge/cmake)
-- Found nav_msgs: 4.9.0 (/opt/ros/humble/share/nav_msgs/cmake)
-- Found visualization_msgs: 4.9.0 (/opt/ros/humble/share/visualization_msgs/cmake)
-- Found pcl_conversions: 2.4.5 (/opt/ros/humble/share/pcl_conversions/cmake)
-- Checking for module 'eigen3'
--   Found eigen3, version 3.4.0
-- Found Eigen: /usr/include/eigen3 (Required is at least version "3.1") 
-- Eigen found (include: /usr/include/eigen3, version: 3.4.0)
-- Checking for module 'flann'
--   Found flann, version 1.9.1
-- Found FLANN: /usr/lib/x86_64-linux-gnu/libflann_cpp.so  
-- FLANN found (include: /usr/include, lib: /usr/lib/x86_64-linux-gnu/libflann_cpp.so)
-- Checking for module 'libusb-1.0'
--   Found libusb-1.0, version 1.0.25
-- Found libusb: /usr/lib/x86_64-linux-gnu/libusb-1.0.so  
-- OpenNI found (version: 1.5.4.0, include: /usr/include/ni, lib: /usr/lib/libOpenNI.so;libusb::libusb)
-- OpenNI2 found (version: 2.2.0.33, include: /usr/include/openni2, lib: /usr/lib/x86_64-linux-gnu/libOpenNI2.so;libusb::libusb)
-- Eigen found (include: /usr/include/eigen3, version: 3.4.0)
-- OpenNI found (version: 1.5.4.0, include: /usr/include/ni, lib: /usr/lib/libOpenNI.so;libusb::libusb)
-- OpenNI2 found (version: 2.2.0.33, include: /usr/include/openni2, lib: /usr/lib/x86_64-linux-gnu/libOpenNI2.so;libusb::libusb)
-- Found Qhull version 8.0.2
-- OpenNI found (version: 1.5.4.0, include: /usr/include/ni, lib: /usr/lib/libOpenNI.so;libusb::libusb)
-- Found PCL_COMMON: /usr/lib/x86_64-linux-gnu/libpcl_common.so  
-- Found PCL_KDTREE: /usr/lib/x86_64-linux-gnu/libpcl_kdtree.so  
-- Found PCL_OCTREE: /usr/lib/x86_64-linux-gnu/libpcl_octree.so  
-- Found PCL_SEARCH: /usr/lib/x86_64-linux-gnu/libpcl_search.so  
-- Found PCL_SAMPLE_CONSENSUS: /usr/lib/x86_64-linux-gnu/libpcl_sample_consensus.so  
-- Found PCL_FILTERS: /usr/lib/x86_64-linux-gnu/libpcl_filters.so  
-- Found PCL_2D: /usr/include/pcl-1.12  
-- Found PCL_GEOMETRY: /usr/include/pcl-1.12  
-- Found PCL_IO: /usr/lib/x86_64-linux-gnu/libpcl_io.so  
-- Found PCL_FEATURES: /usr/lib/x86_64-linux-gnu/libpcl_features.so  
-- Found PCL_ML: /usr/lib/x86_64-linux-gnu/libpcl_ml.so  
-- Found PCL_SEGMENTATION: /usr/lib/x86_64-linux-gnu/libpcl_segmentation.so  
-- Found PCL_VISUALIZATION: /usr/lib/x86_64-linux-gnu/libpcl_visualization.so  
-- Found PCL_SURFACE: /usr/lib/x86_64-linux-gnu/libpcl_surface.so  
-- Found PCL_REGISTRATION: /usr/lib/x86_64-linux-gnu/libpcl_registration.so  
-- Found PCL_KEYPOINTS: /usr/lib/x86_64-linux-gnu/libpcl_keypoints.so  
-- Found PCL_TRACKING: /usr/lib/x86_64-linux-gnu/libpcl_tracking.so  
-- Found PCL_RECOGNITION: /usr/lib/x86_64-linux-gnu/libpcl_recognition.so  
-- Found PCL_STEREO: /usr/lib/x86_64-linux-gnu/libpcl_stereo.so  
-- Found PCL_APPS: /usr/lib/x86_64-linux-gnu/libpcl_apps.so  
-- Found PCL_IN_HAND_SCANNER: /usr/include/pcl-1.12  
-- Found PCL_MODELER: /usr/include/pcl-1.12  
-- Found PCL_POINT_CLOUD_EDITOR: /usr/include/pcl-1.12  
-- Found PCL_OUTOFCORE: /usr/lib/x86_64-linux-gnu/libpcl_outofcore.so  
-- Found PCL_PEOPLE: /usr/lib/x86_64-linux-gnu/libpcl_people.so  
-- Found tf2: 0.25.17 (/opt/ros/humble/share/tf2/cmake)
-- Found tf2_geometry_msgs: 0.25.17 (/opt/ros/humble/share/tf2_geometry_msgs/cmake)
-- Found eigen3_cmake_module: 0.1.1 (/opt/ros/humble/share/eigen3_cmake_module/cmake)
-- Found Eigen3: TRUE (found version "3.4.0") 
-- Ensuring Eigen3 include directory is part of orocos-kdl CMake target
-- Found tf2_sensor_msgs: 0.25.17 (/opt/ros/humble/share/tf2_sensor_msgs/cmake)
-- Found tf2_eigen: 0.25.17 (/opt/ros/humble/share/tf2_eigen/cmake)
-- Found OpenMP_C: -fopenmp (found version "4.5") 
-- Found OpenMP_CXX: -fopenmp (found version "4.5") 
-- Found OpenMP: TRUE (found version "4.5")  
-- Found Boost: /usr/lib/x86_64-linux-gnu/cmake/Boost-1.74.0/BoostConfig.cmake (found version "1.74.0") found components: timer 
-- Found data_msgs: 0.0.0 (/mnt/nas/projects/robot/pika_ros/install/data_msgs/share/data_msgs/cmake)
-- Found ament_lint_auto: 0.12.14 (/opt/ros/humble/share/ament_lint_auto/cmake)
-- Added test 'copyright' to check source files copyright and LICENSE
-- Added test 'cppcheck' to perform static code analysis on C / C++ code
-- Configured cppcheck include dirs: /mnt/nas/projects/robot/pika_ros/src/data_tools/include
-- Configured cppcheck exclude dirs and/or files: 
-- Added test 'cpplint' to check C / C++ code against the Google style
-- Configured cpplint exclude dirs and/or files: 
-- Added test 'flake8' to check Python code syntax and style conventions
-- Added test 'lint_cmake' to check CMake code style
-- Added test 'pep257' to check Python code against some of the docstring style conventions in PEP 257
-- Added test 'uncrustify' to check C / C++ code style
-- Configured uncrustify additional arguments: 
-- Added test 'xmllint' to check XML markup files
-- Configuring done
-- Generating done
-- Build files have been written to: /mnt/nas/projects/robot/pika_ros/build/data_tools
[ 33%] [32mBuilding CXX object CMakeFiles/data_tools_dataPublish.dir/src/dataPublish.cpp.o[0m
[ 33%] [32mBuilding CXX object CMakeFiles/data_tools_dataCapture.dir/src/dataCapture.cpp.o[0m
[ 50%] [32mBuilding CXX object CMakeFiles/data_tools_dataSync.dir/src/dataSync.cpp.o[0m
[ 66%] [32m[1mLinking CXX executable data_tools_dataSync[0m
[ 66%] Built target data_tools_dataSync
[ 83%] [32m[1mLinking CXX executable data_tools_dataPublish[0m
[ 83%] Built target data_tools_dataPublish
[100%] [32m[1mLinking CXX executable data_tools_dataCapture[0m
[100%] Built target data_tools_dataCapture
-- Install configuration: "Release"
-- Up-to-date: /mnt/nas/projects/robot/pika_ros/install/data_tools/share/data_tools//launch
-- Installing: /mnt/nas/projects/robot/pika_ros/install/data_tools/share/data_tools//launch/run_aloha_data_capture_to_mcap.launch.py
-- Installing: /mnt/nas/projects/robot/pika_ros/install/data_tools/share/data_tools//launch/run_compress_camera.launch.py
-- Installing: /mnt/nas/projects/robot/pika_ros/install/data_tools/share/data_tools//launch/run_data_capture.launch.py
-- Installing: /mnt/nas/projects/robot/pika_ros/install/data_tools/share/data_tools//launch/run_data_capture_to_mcap.launch.py
-- Installing: /mnt/nas/projects/robot/pika_ros/install/data_tools/share/data_tools//launch/run_data_publish.launch.py
-- Installing: /mnt/nas/projects/robot/pika_ros/install/data_tools/share/data_tools//launch/run_data_sync.launch.py
-- Installing: /mnt/nas/projects/robot/pika_ros/install/data_tools/share/data_tools//launch/run_lift_data_capture_to_mcap.launch.py
-- Installing: /mnt/nas/projects/robot/pika_ros/install/data_tools/share/data_tools//launch/run_multi_data_capture_to_mcap.launch.py
-- Up-to-date: /mnt/nas/projects/robot/pika_ros/install/data_tools/share/data_tools//config
-- Installing: /mnt/nas/projects/robot/pika_ros/install/data_tools/share/data_tools//config/aloha_data_params.yaml
-- Installing: /mnt/nas/projects/robot/pika_ros/install/data_tools/share/data_tools//config/lift_data_params.yaml
-- Installing: /mnt/nas/projects/robot/pika_ros/install/data_tools/share/data_tools//config/multi_pika_data_params.yaml
-- Installing: /mnt/nas/projects/robot/pika_ros/install/data_tools/share/data_tools//config/multi_pika_teleop_data_params.yaml
-- Installing: /mnt/nas/projects/robot/pika_ros/install/data_tools/share/data_tools//config/single_pika_data_params.yaml
-- Installing: /mnt/nas/projects/robot/pika_ros/install/data_tools/share/data_tools//config/single_pika_teleop_data_params.yaml
-- Installing: /mnt/nas/projects/robot/pika_ros/install/data_tools/lib/data_tools/data_tools_dataCapture
-- Set runtime path of "/mnt/nas/projects/robot/pika_ros/install/data_tools/lib/data_tools/data_tools_dataCapture" to ""
-- Installing: /mnt/nas/projects/robot/pika_ros/install/data_tools/lib/data_tools/data_tools_dataSync
-- Set runtime path of "/mnt/nas/projects/robot/pika_ros/install/data_tools/lib/data_tools/data_tools_dataSync" to ""
-- Installing: /mnt/nas/projects/robot/pika_ros/install/data_tools/lib/data_tools/data_tools_dataPublish
-- Set runtime path of "/mnt/nas/projects/robot/pika_ros/install/data_tools/lib/data_tools/data_tools_dataPublish" to ""
-- Up-to-date: /mnt/nas/projects/robot/pika_ros/install/data_tools/include
-- Installing: /mnt/nas/projects/robot/pika_ros/install/data_tools/include/blockingDeque.h
-- Installing: /mnt/nas/projects/robot/pika_ros/install/data_tools/include/dataUtility.h
-- Installing: /mnt/nas/projects/robot/pika_ros/install/data_tools/lib/data_tools/aloha_data_to_mcap.py
-- Installing: /mnt/nas/projects/robot/pika_ros/install/data_tools/lib/data_tools/camera_point_cloud_filter.py
-- Installing: /mnt/nas/projects/robot/pika_ros/install/data_tools/lib/data_tools/compress_camera.py
-- Installing: /mnt/nas/projects/robot/pika_ros/install/data_tools/lib/data_tools/data_publish.py
-- Installing: /mnt/nas/projects/robot/pika_ros/install/data_tools/lib/data_tools/data_refacctoring_tar.py
-- Installing: /mnt/nas/projects/robot/pika_ros/install/data_tools/lib/data_tools/data_sync.py
-- Installing: /mnt/nas/projects/robot/pika_ros/install/data_tools/lib/data_tools/data_to_hdf5.py
-- Installing: /mnt/nas/projects/robot/pika_ros/install/data_tools/lib/data_tools/hdf5_to_lerobot.py
-- Installing: /mnt/nas/projects/robot/pika_ros/install/data_tools/lib/data_tools/hdf5_to_mcap.py
-- Installing: /mnt/nas/projects/robot/pika_ros/install/data_tools/lib/data_tools/load_data_example.py
-- Installing: /mnt/nas/projects/robot/pika_ros/install/data_tools/lib/data_tools/mcap_to_aloha_data.py
-- Installing: /mnt/nas/projects/robot/pika_ros/install/data_tools/lib/data_tools/record_mcap.py
-- Installing: /mnt/nas/projects/robot/pika_ros/install/data_tools/share/ament_index/resource_index/package_run_dependencies/data_tools
-- Installing: /mnt/nas/projects/robot/pika_ros/install/data_tools/share/ament_index/resource_index/parent_prefix_path/data_tools
-- Installing: /mnt/nas/projects/robot/pika_ros/install/data_tools/share/data_tools/environment/ament_prefix_path.sh
-- Installing: /mnt/nas/projects/robot/pika_ros/install/data_tools/share/data_tools/environment/ament_prefix_path.dsv
-- Installing: /mnt/nas/projects/robot/pika_ros/install/data_tools/share/data_tools/environment/path.sh
-- Installing: /mnt/nas/projects/robot/pika_ros/install/data_tools/share/data_tools/environment/path.dsv
-- Installing: /mnt/nas/projects/robot/pika_ros/install/data_tools/share/data_tools/local_setup.bash
-- Installing: /mnt/nas/projects/robot/pika_ros/install/data_tools/share/data_tools/local_setup.sh
-- Installing: /mnt/nas/projects/robot/pika_ros/install/data_tools/share/data_tools/local_setup.zsh
-- Installing: /mnt/nas/projects/robot/pika_ros/install/data_tools/share/data_tools/local_setup.dsv
-- Installing: /mnt/nas/projects/robot/pika_ros/install/data_tools/share/data_tools/package.dsv
-- Installing: /mnt/nas/projects/robot/pika_ros/install/data_tools/share/ament_index/resource_index/packages/data_tools
-- Installing: /mnt/nas/projects/robot/pika_ros/install/data_tools/share/data_tools/cmake/ament_cmake_export_include_directories-extras.cmake
-- Installing: /mnt/nas/projects/robot/pika_ros/install/data_tools/share/data_tools/cmake/data_toolsConfig.cmake
-- Installing: /mnt/nas/projects/robot/pika_ros/install/data_tools/share/data_tools/cmake/data_toolsConfig-version.cmake
-- Installing: /mnt/nas/projects/robot/pika_ros/install/data_tools/share/data_tools/package.xml
