[0.056s] Invoking command in '/mnt/nas/projects/robot/pika_ros/build/realsense2_camera_msgs': CMAKE_PREFIX_PATH=${CMAKE_PREFIX_PATH}:/mnt/nas/projects/robot/pika_ros/install/pika_remote_diana:/mnt/nas/projects/robot/pika_ros/install/piper:/opt/ros/humble /usr/bin/cmake /mnt/nas/projects/robot/pika_ros/src/realsense-ros/realsense2_camera_msgs -DCMAKE_INSTALL_PREFIX=/mnt/nas/projects/robot/pika_ros/install/realsense2_camera_msgs
[0.619s] -- The C compiler identification is GNU 11.4.0
[0.620s] -- The CXX compiler identification is GNU 11.4.0
[0.620s] -- Detecting C compiler ABI info
[0.620s] -- Detecting C compiler ABI info - done
[0.620s] -- Check for working C compiler: /usr/bin/cc - skipped
[0.620s] -- Detecting C compile features
[0.620s] -- Detecting C compile features - done
[0.620s] -- Detecting CXX compiler ABI info
[0.621s] -- Detecting CXX compiler ABI info - done
[0.621s] -- Check for working CXX compiler: /usr/bin/c++ - skipped
[0.621s] -- Detecting CXX compile features
[0.621s] -- Detecting CXX compile features - done
[0.621s] -- Found ament_cmake: 1.3.12 (/opt/ros/humble/share/ament_cmake/cmake)
[0.861s] -- Found Python3: /usr/bin/python3 (found version "3.10.12") found components: Interpreter 
[1.549s] -- Found rosidl_default_generators: 1.2.0 (/opt/ros/humble/share/rosidl_default_generators/cmake)
[1.571s] -- Using all available rosidl_typesupport_c: rosidl_typesupport_fastrtps_c;rosidl_typesupport_introspection_c
[1.618s] -- Found rosidl_adapter: 3.1.7 (/opt/ros/humble/share/rosidl_adapter/cmake)
[1.784s] -- Using all available rosidl_typesupport_cpp: rosidl_typesupport_fastrtps_cpp;rosidl_typesupport_introspection_cpp
[1.929s] -- Found builtin_interfaces: 1.2.2 (/opt/ros/humble/share/builtin_interfaces/cmake)
[1.987s] -- Found std_msgs: 4.9.0 (/opt/ros/humble/share/std_msgs/cmake)
[2.022s] -- Found sensor_msgs: 4.9.0 (/opt/ros/humble/share/sensor_msgs/cmake)
[2.637s] -- Found ament_cmake_cppcheck: 0.12.14 (/opt/ros/humble/share/ament_cmake_cppcheck/cmake)
[2.661s] -- Found ament_cmake_cpplint: 0.12.14 (/opt/ros/humble/share/ament_cmake_cpplint/cmake)
[2.685s] -- Found ament_cmake_uncrustify: 0.12.14 (/opt/ros/humble/share/ament_cmake_uncrustify/cmake)
[2.707s] -- Found ament_cmake_ros: 0.10.0 (/opt/ros/humble/share/ament_cmake_ros/cmake)
[3.353s] -- Using all available rosidl_typesupport_c: rosidl_typesupport_fastrtps_c;rosidl_typesupport_introspection_c
[4.152s] -- Using all available rosidl_typesupport_cpp: rosidl_typesupport_fastrtps_cpp;rosidl_typesupport_introspection_cpp
[4.187s] -- Found PythonInterp: /usr/bin/python3 (found suitable version "3.10.12", minimum required is "3.6") 
[4.201s] -- Found python_cmake_module: 0.10.0 (/opt/ros/humble/share/python_cmake_module/cmake)
[4.253s] -- Found PythonLibs: /usr/lib/x86_64-linux-gnu/libpython3.10.so (found suitable version "3.10.12", minimum required is "3.5") 
[4.253s] -- Using PYTHON_EXECUTABLE: /usr/bin/python3
[4.253s] -- Using PYTHON_INCLUDE_DIRS: /usr/include/python3.10
[4.253s] -- Using PYTHON_LIBRARIES: /usr/lib/x86_64-linux-gnu/libpython3.10.so
[4.285s] -- Found PythonExtra: .so  
[4.568s] -- Found ament_cmake_flake8: 0.12.14 (/opt/ros/humble/share/ament_cmake_flake8/cmake)
[4.592s] -- Found ament_cmake_pep257: 0.12.14 (/opt/ros/humble/share/ament_cmake_pep257/cmake)
[4.650s] -- Configuring done
[4.912s] -- Generating done
[5.001s] -- Build files have been written to: /mnt/nas/projects/robot/pika_ros/build/realsense2_camera_msgs
[5.014s] Invoked command in '/mnt/nas/projects/robot/pika_ros/build/realsense2_camera_msgs' returned '0': CMAKE_PREFIX_PATH=${CMAKE_PREFIX_PATH}:/mnt/nas/projects/robot/pika_ros/install/pika_remote_diana:/mnt/nas/projects/robot/pika_ros/install/piper:/opt/ros/humble /usr/bin/cmake /mnt/nas/projects/robot/pika_ros/src/realsense-ros/realsense2_camera_msgs -DCMAKE_INSTALL_PREFIX=/mnt/nas/projects/robot/pika_ros/install/realsense2_camera_msgs
[5.016s] Invoking command in '/mnt/nas/projects/robot/pika_ros/build/realsense2_camera_msgs': CMAKE_PREFIX_PATH=${CMAKE_PREFIX_PATH}:/mnt/nas/projects/robot/pika_ros/install/pika_remote_diana:/mnt/nas/projects/robot/pika_ros/install/piper:/opt/ros/humble /usr/bin/cmake --build /mnt/nas/projects/robot/pika_ros/build/realsense2_camera_msgs -- -j128 -l128
[5.036s] gmake: 警告：文件“Makefile”的修改时间在未来 168 秒后
[5.073s] gmake[1]: 警告：文件“CMakeFiles/Makefile2”的修改时间在未来 168 秒后
[5.078s] gmake[2]: 警告：文件“CMakeFiles/realsense2_camera_msgs__cpp.dir/progress.make”的修改时间在未来 168 秒后
[5.078s] gmake[2]: 警告：文件“CMakeFiles/ament_cmake_python_copy_realsense2_camera_msgs.dir/progress.make”的修改时间在未来 168 秒后
[5.079s] gmake[2]: 警告：文件“CMakeFiles/realsense2_camera_msgs__rosidl_generator_c.dir/flags.make”的修改时间在未来 168 秒后
[5.092s] gmake[2]: 警告：检测到时钟错误。您的构建版本可能是不完整的。
[5.092s] gmake[2]: 警告：检测到时钟错误。您的构建版本可能是不完整的。
[5.094s] [  1%] [34m[1mGenerating C code for ROS interfaces[0m
[5.097s] gmake[2]: 警告：文件“CMakeFiles/realsense2_camera_msgs__cpp.dir/progress.make”的修改时间在未来 168 秒后
[5.097s] gmake[2]: 警告：文件“CMakeFiles/ament_cmake_python_copy_realsense2_camera_msgs.dir/progress.make”的修改时间在未来 168 秒后
[5.111s] gmake[2]: 警告：检测到时钟错误。您的构建版本可能是不完整的。
[5.112s] [  3%] [34m[1mGenerating C++ code for ROS interfaces[0m
[5.123s] [  3%] Built target ament_cmake_python_copy_realsense2_camera_msgs
[5.126s] gmake[2]: 警告：文件“CMakeFiles/ament_cmake_python_build_realsense2_camera_msgs_egg.dir/progress.make”的修改时间在未来 168 秒后
[5.141s] gmake[2]: 警告：检测到时钟错误。您的构建版本可能是不完整的。
[5.145s] gmake[2]: 警告：文件“CMakeFiles/ament_cmake_python_build_realsense2_camera_msgs_egg.dir/progress.make”的修改时间在未来 168 秒后
[5.349s] running egg_info
[5.350s] creating realsense2_camera_msgs.egg-info
[5.350s] writing realsense2_camera_msgs.egg-info/PKG-INFO
[5.351s] writing dependency_links to realsense2_camera_msgs.egg-info/dependency_links.txt
[5.352s] writing top-level names to realsense2_camera_msgs.egg-info/top_level.txt
[5.353s] writing manifest file 'realsense2_camera_msgs.egg-info/SOURCES.txt'
[5.356s] reading manifest file 'realsense2_camera_msgs.egg-info/SOURCES.txt'
[5.357s] writing manifest file 'realsense2_camera_msgs.egg-info/SOURCES.txt'
[5.374s] gmake[2]: 警告：检测到时钟错误。您的构建版本可能是不完整的。
[5.386s] [  3%] Built target ament_cmake_python_build_realsense2_camera_msgs_egg
[5.753s] gmake[2]: 警告：检测到时钟错误。您的构建版本可能是不完整的。
[5.762s] gmake[2]: 警告：文件“CMakeFiles/realsense2_camera_msgs__rosidl_generator_c.dir/flags.make”的修改时间在未来 167 秒后
[5.784s] gmake[2]: 警告：检测到时钟错误。您的构建版本可能是不完整的。
[6.212s] [  9%] [32mBuilding C object CMakeFiles/realsense2_camera_msgs__rosidl_generator_c.dir/rosidl_generator_c/realsense2_camera_msgs/msg/detail/metadata__functions.c.o[0m
[6.247s] [ 11%] [32mBuilding C object CMakeFiles/realsense2_camera_msgs__rosidl_generator_c.dir/rosidl_generator_c/realsense2_camera_msgs/msg/detail/imu_info__functions.c.o[0m
[6.247s] [ 11%] [32mBuilding C object CMakeFiles/realsense2_camera_msgs__rosidl_generator_c.dir/rosidl_generator_c/realsense2_camera_msgs/msg/detail/rgbd__functions.c.o[0m
[6.248s] [ 11%] Built target realsense2_camera_msgs__cpp
[6.248s] [ 11%] [32mBuilding C object CMakeFiles/realsense2_camera_msgs__rosidl_generator_c.dir/rosidl_generator_c/realsense2_camera_msgs/msg/detail/extrinsics__functions.c.o[0m
[6.283s] [ 11%] [32mBuilding C object CMakeFiles/realsense2_camera_msgs__rosidl_generator_c.dir/rosidl_generator_c/realsense2_camera_msgs/srv/detail/device_info__functions.c.o[0m
[6.602s] gmake[2]: 警告：文件“CMakeFiles/realsense2_camera_msgs__rosidl_typesupport_cpp.dir/flags.make”的修改时间在未来 166 秒后
[6.603s] gmake[2]: 警告：文件“CMakeFiles/realsense2_camera_msgs__rosidl_typesupport_fastrtps_cpp.dir/flags.make”的修改时间在未来 166 秒后
[6.603s] gmake[2]: 警告：文件“CMakeFiles/realsense2_camera_msgs__rosidl_typesupport_introspection_cpp.dir/flags.make”的修改时间在未来 166 秒后
[6.875s] [ 15%] [34m[1mGenerating C++ introspection for ROS interfaces[0m
[6.875s] [ 15%] [34m[1mGenerating C++ type support dispatch for ROS interfaces[0m
[6.902s] [ 15%] [34m[1mGenerating C++ type support for eProsima Fast-RTPS[0m
[7.212s] [ 17%] [32m[1mLinking C shared library librealsense2_camera_msgs__rosidl_generator_c.so[0m
[7.257s] gmake[2]: 警告：检测到时钟错误。您的构建版本可能是不完整的。
[8.351s] [ 17%] Built target realsense2_camera_msgs__rosidl_generator_c
[8.661s] gmake[2]: 警告：文件“CMakeFiles/realsense2_camera_msgs__rosidl_typesupport_introspection_c.dir/flags.make”的修改时间在未来 164 秒后
[8.662s] gmake[2]: 警告：文件“CMakeFiles/realsense2_camera_msgs__rosidl_typesupport_c.dir/flags.make”的修改时间在未来 164 秒后
[8.662s] gmake[2]: 警告：文件“CMakeFiles/realsense2_camera_msgs__rosidl_typesupport_fastrtps_c.dir/flags.make”的修改时间在未来 164 秒后
[8.674s] [ 19%] [34m[1mGenerating C introspection for ROS interfaces[0m
[8.676s] [ 20%] [34m[1mGenerating C type support dispatch for ROS interfaces[0m
[8.677s] [ 22%] [34m[1mGenerating C type support for eProsima Fast-RTPS[0m
[8.709s] gmake[2]: 警告：检测到时钟错误。您的构建版本可能是不完整的。
[8.715s] gmake[2]: 警告：文件“CMakeFiles/realsense2_camera_msgs__rosidl_typesupport_cpp.dir/flags.make”的修改时间在未来 164 秒后
[8.728s] [ 25%] [32mBuilding CXX object CMakeFiles/realsense2_camera_msgs__rosidl_typesupport_cpp.dir/rosidl_typesupport_cpp/realsense2_camera_msgs/msg/extrinsics__type_support.cpp.o[0m
[8.728s] [ 26%] [32mBuilding CXX object CMakeFiles/realsense2_camera_msgs__rosidl_typesupport_cpp.dir/rosidl_typesupport_cpp/realsense2_camera_msgs/msg/rgbd__type_support.cpp.o[0m
[8.729s] [ 26%] [32mBuilding CXX object CMakeFiles/realsense2_camera_msgs__rosidl_typesupport_cpp.dir/rosidl_typesupport_cpp/realsense2_camera_msgs/msg/metadata__type_support.cpp.o[0m
[8.730s] [ 28%] [32mBuilding CXX object CMakeFiles/realsense2_camera_msgs__rosidl_typesupport_cpp.dir/rosidl_typesupport_cpp/realsense2_camera_msgs/msg/imu_info__type_support.cpp.o[0m
[8.733s] [ 30%] [32mBuilding CXX object CMakeFiles/realsense2_camera_msgs__rosidl_typesupport_cpp.dir/rosidl_typesupport_cpp/realsense2_camera_msgs/srv/device_info__type_support.cpp.o[0m
[8.801s] gmake[2]: 警告：检测到时钟错误。您的构建版本可能是不完整的。
[8.806s] gmake[2]: 警告：文件“CMakeFiles/realsense2_camera_msgs__rosidl_typesupport_fastrtps_cpp.dir/flags.make”的修改时间在未来 164 秒后
[8.820s] [ 31%] [32mBuilding CXX object CMakeFiles/realsense2_camera_msgs__rosidl_typesupport_fastrtps_cpp.dir/rosidl_typesupport_fastrtps_cpp/realsense2_camera_msgs/msg/detail/dds_fastrtps/imu_info__type_support.cpp.o[0m
[8.822s] [ 36%] [32mBuilding CXX object CMakeFiles/realsense2_camera_msgs__rosidl_typesupport_fastrtps_cpp.dir/rosidl_typesupport_fastrtps_cpp/realsense2_camera_msgs/msg/detail/dds_fastrtps/extrinsics__type_support.cpp.o[0m
[8.822s] [ 36%] [32mBuilding CXX object CMakeFiles/realsense2_camera_msgs__rosidl_typesupport_fastrtps_cpp.dir/rosidl_typesupport_fastrtps_cpp/realsense2_camera_msgs/msg/detail/dds_fastrtps/metadata__type_support.cpp.o[0m
[8.822s] [ 36%] [32mBuilding CXX object CMakeFiles/realsense2_camera_msgs__rosidl_typesupport_fastrtps_cpp.dir/rosidl_typesupport_fastrtps_cpp/realsense2_camera_msgs/srv/detail/dds_fastrtps/device_info__type_support.cpp.o[0m
[8.824s] [ 38%] [32mBuilding CXX object CMakeFiles/realsense2_camera_msgs__rosidl_typesupport_fastrtps_cpp.dir/rosidl_typesupport_fastrtps_cpp/realsense2_camera_msgs/msg/detail/dds_fastrtps/rgbd__type_support.cpp.o[0m
[8.862s] gmake[2]: 警告：检测到时钟错误。您的构建版本可能是不完整的。
[8.867s] gmake[2]: 警告：文件“CMakeFiles/realsense2_camera_msgs__rosidl_typesupport_introspection_cpp.dir/flags.make”的修改时间在未来 164 秒后
[8.879s] [ 39%] [32mBuilding CXX object CMakeFiles/realsense2_camera_msgs__rosidl_typesupport_introspection_cpp.dir/rosidl_typesupport_introspection_cpp/realsense2_camera_msgs/msg/detail/extrinsics__type_support.cpp.o[0m
[8.881s] [ 41%] [32mBuilding CXX object CMakeFiles/realsense2_camera_msgs__rosidl_typesupport_introspection_cpp.dir/rosidl_typesupport_introspection_cpp/realsense2_camera_msgs/msg/detail/imu_info__type_support.cpp.o[0m
[8.882s] [ 42%] [32mBuilding CXX object CMakeFiles/realsense2_camera_msgs__rosidl_typesupport_introspection_cpp.dir/rosidl_typesupport_introspection_cpp/realsense2_camera_msgs/srv/detail/device_info__type_support.cpp.o[0m
[8.883s] [ 46%] [32mBuilding CXX object CMakeFiles/realsense2_camera_msgs__rosidl_typesupport_introspection_cpp.dir/rosidl_typesupport_introspection_cpp/realsense2_camera_msgs/msg/detail/rgbd__type_support.cpp.o[0m
[8.884s] [ 46%] [32mBuilding CXX object CMakeFiles/realsense2_camera_msgs__rosidl_typesupport_introspection_cpp.dir/rosidl_typesupport_introspection_cpp/realsense2_camera_msgs/msg/detail/metadata__type_support.cpp.o[0m
[9.058s] [ 47%] [32m[1mLinking CXX shared library librealsense2_camera_msgs__rosidl_typesupport_cpp.so[0m
[9.110s] gmake[2]: 警告：检测到时钟错误。您的构建版本可能是不完整的。
[9.113s] gmake[2]: 警告：检测到时钟错误。您的构建版本可能是不完整的。
[9.118s] gmake[2]: 警告：文件“CMakeFiles/realsense2_camera_msgs__rosidl_typesupport_c.dir/flags.make”的修改时间在未来 164 秒后
[9.126s] [ 47%] Built target realsense2_camera_msgs__rosidl_typesupport_cpp
[9.132s] [ 49%] [32mBuilding CXX object CMakeFiles/realsense2_camera_msgs__rosidl_typesupport_c.dir/rosidl_typesupport_c/realsense2_camera_msgs/msg/imu_info__type_support.cpp.o[0m
[9.135s] [ 55%] [32mBuilding CXX object CMakeFiles/realsense2_camera_msgs__rosidl_typesupport_c.dir/rosidl_typesupport_c/realsense2_camera_msgs/msg/extrinsics__type_support.cpp.o[0m
[9.136s] [ 55%] [32mBuilding CXX object CMakeFiles/realsense2_camera_msgs__rosidl_typesupport_c.dir/rosidl_typesupport_c/realsense2_camera_msgs/msg/metadata__type_support.cpp.o[0m
[9.136s] [ 55%] [32mBuilding CXX object CMakeFiles/realsense2_camera_msgs__rosidl_typesupport_c.dir/rosidl_typesupport_c/realsense2_camera_msgs/srv/device_info__type_support.cpp.o[0m
[9.136s] [ 55%] [32mBuilding CXX object CMakeFiles/realsense2_camera_msgs__rosidl_typesupport_c.dir/rosidl_typesupport_c/realsense2_camera_msgs/msg/rgbd__type_support.cpp.o[0m
[9.180s] [ 57%] [32m[1mLinking CXX shared library librealsense2_camera_msgs__rosidl_typesupport_c.so[0m
[9.182s] gmake[2]: 警告：检测到时钟错误。您的构建版本可能是不完整的。
[9.187s] gmake[2]: 警告：文件“CMakeFiles/realsense2_camera_msgs__rosidl_typesupport_introspection_c.dir/flags.make”的修改时间在未来 164 秒后
[9.199s] [ 60%] [32mBuilding C object CMakeFiles/realsense2_camera_msgs__rosidl_typesupport_introspection_c.dir/rosidl_typesupport_introspection_c/realsense2_camera_msgs/msg/detail/imu_info__type_support.c.o[0m
[9.199s] [ 60%] [32mBuilding C object CMakeFiles/realsense2_camera_msgs__rosidl_typesupport_introspection_c.dir/rosidl_typesupport_introspection_c/realsense2_camera_msgs/msg/detail/extrinsics__type_support.c.o[0m
[9.201s] [ 61%] [32mBuilding C object CMakeFiles/realsense2_camera_msgs__rosidl_typesupport_introspection_c.dir/rosidl_typesupport_introspection_c/realsense2_camera_msgs/msg/detail/rgbd__type_support.c.o[0m
[9.202s] [ 65%] [32mBuilding C object CMakeFiles/realsense2_camera_msgs__rosidl_typesupport_introspection_c.dir/rosidl_typesupport_introspection_c/realsense2_camera_msgs/srv/detail/device_info__type_support.c.o[0m
[9.203s] [ 65%] [32mBuilding C object CMakeFiles/realsense2_camera_msgs__rosidl_typesupport_introspection_c.dir/rosidl_typesupport_introspection_c/realsense2_camera_msgs/msg/detail/metadata__type_support.c.o[0m
[9.205s] gmake[2]: 警告：检测到时钟错误。您的构建版本可能是不完整的。
[9.210s] gmake[2]: 警告：文件“CMakeFiles/realsense2_camera_msgs__rosidl_typesupport_fastrtps_c.dir/flags.make”的修改时间在未来 164 秒后
[9.225s] [ 68%] [32mBuilding CXX object CMakeFiles/realsense2_camera_msgs__rosidl_typesupport_fastrtps_c.dir/rosidl_typesupport_fastrtps_c/realsense2_camera_msgs/msg/detail/metadata__type_support_c.cpp.o[0m
[9.225s] [ 71%] [32mBuilding CXX object CMakeFiles/realsense2_camera_msgs__rosidl_typesupport_fastrtps_c.dir/rosidl_typesupport_fastrtps_c/realsense2_camera_msgs/srv/detail/device_info__type_support_c.cpp.o[0m
[9.226s] [ 73%] [32mBuilding CXX object CMakeFiles/realsense2_camera_msgs__rosidl_typesupport_fastrtps_c.dir/rosidl_typesupport_fastrtps_c/realsense2_camera_msgs/msg/detail/imu_info__type_support_c.cpp.o[0m
[9.226s] [ 73%] [32mBuilding CXX object CMakeFiles/realsense2_camera_msgs__rosidl_typesupport_fastrtps_c.dir/rosidl_typesupport_fastrtps_c/realsense2_camera_msgs/msg/detail/extrinsics__type_support_c.cpp.o[0m
[9.227s] [ 73%] [32mBuilding CXX object CMakeFiles/realsense2_camera_msgs__rosidl_typesupport_fastrtps_c.dir/rosidl_typesupport_fastrtps_c/realsense2_camera_msgs/msg/detail/rgbd__type_support_c.cpp.o[0m
[9.227s] gmake[2]: 警告：检测到时钟错误。您的构建版本可能是不完整的。
[9.246s] [ 73%] Built target realsense2_camera_msgs__rosidl_typesupport_c
[9.252s] [ 74%] [32m[1mLinking CXX shared library librealsense2_camera_msgs__rosidl_typesupport_fastrtps_cpp.so[0m
[9.263s] [ 76%] [32m[1mLinking C shared library librealsense2_camera_msgs__rosidl_typesupport_introspection_c.so[0m
[9.294s] [ 77%] [32m[1mLinking CXX shared library librealsense2_camera_msgs__rosidl_typesupport_introspection_cpp.so[0m
[9.304s] gmake[2]: 警告：检测到时钟错误。您的构建版本可能是不完整的。
[9.317s] [ 77%] Built target realsense2_camera_msgs__rosidl_typesupport_introspection_c
[9.510s] gmake[2]: 警告：检测到时钟错误。您的构建版本可能是不完整的。
[9.511s] gmake[2]: 警告：检测到时钟错误。您的构建版本可能是不完整的。
[9.526s] [ 77%] Built target realsense2_camera_msgs__rosidl_typesupport_fastrtps_cpp
[9.601s] [ 77%] Built target realsense2_camera_msgs__rosidl_typesupport_introspection_cpp
[9.629s] [ 79%] [32m[1mLinking CXX shared library librealsense2_camera_msgs__rosidl_typesupport_fastrtps_c.so[0m
[9.721s] gmake[2]: 警告：检测到时钟错误。您的构建版本可能是不完整的。
[9.735s] [ 79%] Built target realsense2_camera_msgs__rosidl_typesupport_fastrtps_c
[9.741s] gmake[2]: 警告：文件“CMakeFiles/realsense2_camera_msgs.dir/progress.make”的修改时间在未来 163 秒后
[9.758s] gmake[2]: 警告：检测到时钟错误。您的构建版本可能是不完整的。
[9.761s] gmake[2]: 警告：文件“CMakeFiles/realsense2_camera_msgs.dir/progress.make”的修改时间在未来 163 秒后
[9.762s] gmake[2]: 警告：检测到时钟错误。您的构建版本可能是不完整的。
[9.775s] [ 79%] Built target realsense2_camera_msgs
[9.782s] gmake[2]: 警告：文件“realsense2_camera_msgs__py/CMakeFiles/realsense2_camera_msgs__py.dir/progress.make”的修改时间在未来 163 秒后
[9.795s] gmake[2]: 警告：检测到时钟错误。您的构建版本可能是不完整的。
[9.799s] gmake[2]: 警告：文件“realsense2_camera_msgs__py/CMakeFiles/realsense2_camera_msgs__py.dir/progress.make”的修改时间在未来 163 秒后
[9.812s] [ 80%] [34m[1mGenerating Python code for ROS interfaces[0m
[10.692s] gmake[2]: 警告：检测到时钟错误。您的构建版本可能是不完整的。
[10.703s] [ 80%] Built target realsense2_camera_msgs__py
[10.707s] gmake[2]: 警告：文件“CMakeFiles/realsense2_camera_msgs__rosidl_generator_py.dir/flags.make”的修改时间在未来 162 秒后
[10.721s] gmake[2]: 警告：检测到时钟错误。您的构建版本可能是不完整的。
[10.725s] gmake[2]: 警告：文件“CMakeFiles/realsense2_camera_msgs__rosidl_generator_py.dir/flags.make”的修改时间在未来 162 秒后
[10.760s] [ 82%] [32mBuilding C object CMakeFiles/realsense2_camera_msgs__rosidl_generator_py.dir/rosidl_generator_py/realsense2_camera_msgs/msg/_imu_info_s.c.o[0m
[10.761s] [ 85%] [32mBuilding C object CMakeFiles/realsense2_camera_msgs__rosidl_generator_py.dir/rosidl_generator_py/realsense2_camera_msgs/msg/_extrinsics_s.c.o[0m
[10.761s] [ 85%] [32mBuilding C object CMakeFiles/realsense2_camera_msgs__rosidl_generator_py.dir/rosidl_generator_py/realsense2_camera_msgs/msg/_metadata_s.c.o[0m
[10.762s] [ 87%] [32mBuilding C object CMakeFiles/realsense2_camera_msgs__rosidl_generator_py.dir/rosidl_generator_py/realsense2_camera_msgs/msg/_rgbd_s.c.o[0m
[10.763s] [ 88%] [32mBuilding C object CMakeFiles/realsense2_camera_msgs__rosidl_generator_py.dir/rosidl_generator_py/realsense2_camera_msgs/srv/_device_info_s.c.o[0m
[10.899s] [ 90%] [32m[1mLinking C shared library rosidl_generator_py/realsense2_camera_msgs/librealsense2_camera_msgs__rosidl_generator_py.so[0m
[10.953s] gmake[2]: 警告：检测到时钟错误。您的构建版本可能是不完整的。
[10.968s] [ 90%] Built target realsense2_camera_msgs__rosidl_generator_py
[10.975s] gmake[2]: 警告：文件“CMakeFiles/realsense2_camera_msgs__rosidl_typesupport_fastrtps_c__pyext.dir/flags.make”的修改时间在未来 162 秒后
[10.975s] gmake[2]: 警告：文件“CMakeFiles/realsense2_camera_msgs__rosidl_typesupport_introspection_c__pyext.dir/flags.make”的修改时间在未来 162 秒后
[10.975s] gmake[2]: 警告：文件“CMakeFiles/realsense2_camera_msgs__rosidl_typesupport_c__pyext.dir/flags.make”的修改时间在未来 162 秒后
[10.987s] gmake[2]: 警告：检测到时钟错误。您的构建版本可能是不完整的。
[10.987s] gmake[2]: 警告：检测到时钟错误。您的构建版本可能是不完整的。
[10.991s] gmake[2]: 警告：检测到时钟错误。您的构建版本可能是不完整的。
[10.992s] gmake[2]: 警告：文件“CMakeFiles/realsense2_camera_msgs__rosidl_typesupport_fastrtps_c__pyext.dir/flags.make”的修改时间在未来 162 秒后
[10.993s] gmake[2]: 警告：文件“CMakeFiles/realsense2_camera_msgs__rosidl_typesupport_c__pyext.dir/flags.make”的修改时间在未来 162 秒后
[10.996s] gmake[2]: 警告：文件“CMakeFiles/realsense2_camera_msgs__rosidl_typesupport_introspection_c__pyext.dir/flags.make”的修改时间在未来 162 秒后
[11.006s] [ 92%] [32mBuilding C object CMakeFiles/realsense2_camera_msgs__rosidl_typesupport_fastrtps_c__pyext.dir/rosidl_generator_py/realsense2_camera_msgs/_realsense2_camera_msgs_s.ep.rosidl_typesupport_fastrtps_c.c.o[0m
[11.007s] [ 93%] [32mBuilding C object CMakeFiles/realsense2_camera_msgs__rosidl_typesupport_c__pyext.dir/rosidl_generator_py/realsense2_camera_msgs/_realsense2_camera_msgs_s.ep.rosidl_typesupport_c.c.o[0m
[11.011s] [ 95%] [32mBuilding C object CMakeFiles/realsense2_camera_msgs__rosidl_typesupport_introspection_c__pyext.dir/rosidl_generator_py/realsense2_camera_msgs/_realsense2_camera_msgs_s.ep.rosidl_typesupport_introspection_c.c.o[0m
[11.144s] [ 96%] [32m[1mLinking C shared library rosidl_generator_py/realsense2_camera_msgs/realsense2_camera_msgs_s__rosidl_typesupport_c.cpython-310-x86_64-linux-gnu.so[0m
[11.145s] [ 98%] [32m[1mLinking C shared library rosidl_generator_py/realsense2_camera_msgs/realsense2_camera_msgs_s__rosidl_typesupport_fastrtps_c.cpython-310-x86_64-linux-gnu.so[0m
[11.148s] [100%] [32m[1mLinking C shared library rosidl_generator_py/realsense2_camera_msgs/realsense2_camera_msgs_s__rosidl_typesupport_introspection_c.cpython-310-x86_64-linux-gnu.so[0m
[11.196s] gmake[2]: 警告：检测到时钟错误。您的构建版本可能是不完整的。
[11.196s] gmake[2]: 警告：检测到时钟错误。您的构建版本可能是不完整的。
[11.200s] gmake[2]: 警告：检测到时钟错误。您的构建版本可能是不完整的。
[11.207s] [100%] Built target realsense2_camera_msgs__rosidl_typesupport_fastrtps_c__pyext
[11.207s] [100%] Built target realsense2_camera_msgs__rosidl_typesupport_c__pyext
[11.212s] [100%] Built target realsense2_camera_msgs__rosidl_typesupport_introspection_c__pyext
[11.213s] gmake[1]: 警告：检测到时钟错误。您的构建版本可能是不完整的。
[11.232s] gmake: 警告：检测到时钟错误。您的构建版本可能是不完整的。
[11.238s] Invoked command in '/mnt/nas/projects/robot/pika_ros/build/realsense2_camera_msgs' returned '0': CMAKE_PREFIX_PATH=${CMAKE_PREFIX_PATH}:/mnt/nas/projects/robot/pika_ros/install/pika_remote_diana:/mnt/nas/projects/robot/pika_ros/install/piper:/opt/ros/humble /usr/bin/cmake --build /mnt/nas/projects/robot/pika_ros/build/realsense2_camera_msgs -- -j128 -l128
[11.256s] Invoking command in '/mnt/nas/projects/robot/pika_ros/build/realsense2_camera_msgs': CMAKE_PREFIX_PATH=${CMAKE_PREFIX_PATH}:/mnt/nas/projects/robot/pika_ros/install/pika_remote_diana:/mnt/nas/projects/robot/pika_ros/install/piper:/opt/ros/humble /usr/bin/cmake --install /mnt/nas/projects/robot/pika_ros/build/realsense2_camera_msgs
[11.266s] -- Install configuration: ""
[11.267s] -- Installing: /mnt/nas/projects/robot/pika_ros/install/realsense2_camera_msgs/share/ament_index/resource_index/rosidl_interfaces/realsense2_camera_msgs
[11.268s] -- Up-to-date: /mnt/nas/projects/robot/pika_ros/install/realsense2_camera_msgs/include/realsense2_camera_msgs/realsense2_camera_msgs
[11.269s] -- Up-to-date: /mnt/nas/projects/robot/pika_ros/install/realsense2_camera_msgs/include/realsense2_camera_msgs/realsense2_camera_msgs/msg
[11.269s] -- Installing: /mnt/nas/projects/robot/pika_ros/install/realsense2_camera_msgs/include/realsense2_camera_msgs/realsense2_camera_msgs/msg/imu_info.h
[11.271s] -- Up-to-date: /mnt/nas/projects/robot/pika_ros/install/realsense2_camera_msgs/include/realsense2_camera_msgs/realsense2_camera_msgs/msg/detail
[11.271s] -- Installing: /mnt/nas/projects/robot/pika_ros/install/realsense2_camera_msgs/include/realsense2_camera_msgs/realsense2_camera_msgs/msg/detail/imu_info__functions.c
[11.273s] -- Installing: /mnt/nas/projects/robot/pika_ros/install/realsense2_camera_msgs/include/realsense2_camera_msgs/realsense2_camera_msgs/msg/detail/imu_info__functions.h
[11.274s] -- Installing: /mnt/nas/projects/robot/pika_ros/install/realsense2_camera_msgs/include/realsense2_camera_msgs/realsense2_camera_msgs/msg/detail/imu_info__struct.h
[11.276s] -- Installing: /mnt/nas/projects/robot/pika_ros/install/realsense2_camera_msgs/include/realsense2_camera_msgs/realsense2_camera_msgs/msg/detail/imu_info__type_support.h
[11.278s] -- Installing: /mnt/nas/projects/robot/pika_ros/install/realsense2_camera_msgs/include/realsense2_camera_msgs/realsense2_camera_msgs/msg/detail/extrinsics__functions.c
[11.279s] -- Installing: /mnt/nas/projects/robot/pika_ros/install/realsense2_camera_msgs/include/realsense2_camera_msgs/realsense2_camera_msgs/msg/detail/extrinsics__functions.h
[11.281s] -- Installing: /mnt/nas/projects/robot/pika_ros/install/realsense2_camera_msgs/include/realsense2_camera_msgs/realsense2_camera_msgs/msg/detail/extrinsics__struct.h
[11.282s] -- Installing: /mnt/nas/projects/robot/pika_ros/install/realsense2_camera_msgs/include/realsense2_camera_msgs/realsense2_camera_msgs/msg/detail/extrinsics__type_support.h
[11.283s] -- Installing: /mnt/nas/projects/robot/pika_ros/install/realsense2_camera_msgs/include/realsense2_camera_msgs/realsense2_camera_msgs/msg/detail/metadata__functions.c
[11.285s] -- Installing: /mnt/nas/projects/robot/pika_ros/install/realsense2_camera_msgs/include/realsense2_camera_msgs/realsense2_camera_msgs/msg/detail/metadata__functions.h
[11.286s] -- Installing: /mnt/nas/projects/robot/pika_ros/install/realsense2_camera_msgs/include/realsense2_camera_msgs/realsense2_camera_msgs/msg/detail/metadata__struct.h
[11.288s] -- Installing: /mnt/nas/projects/robot/pika_ros/install/realsense2_camera_msgs/include/realsense2_camera_msgs/realsense2_camera_msgs/msg/detail/metadata__type_support.h
[11.289s] -- Installing: /mnt/nas/projects/robot/pika_ros/install/realsense2_camera_msgs/include/realsense2_camera_msgs/realsense2_camera_msgs/msg/detail/rgbd__functions.c
[11.290s] -- Installing: /mnt/nas/projects/robot/pika_ros/install/realsense2_camera_msgs/include/realsense2_camera_msgs/realsense2_camera_msgs/msg/detail/rgbd__functions.h
[11.292s] -- Installing: /mnt/nas/projects/robot/pika_ros/install/realsense2_camera_msgs/include/realsense2_camera_msgs/realsense2_camera_msgs/msg/detail/rgbd__struct.h
[11.293s] -- Installing: /mnt/nas/projects/robot/pika_ros/install/realsense2_camera_msgs/include/realsense2_camera_msgs/realsense2_camera_msgs/msg/detail/rgbd__type_support.h
[11.294s] -- Installing: /mnt/nas/projects/robot/pika_ros/install/realsense2_camera_msgs/include/realsense2_camera_msgs/realsense2_camera_msgs/msg/rgbd.h
[11.295s] -- Installing: /mnt/nas/projects/robot/pika_ros/install/realsense2_camera_msgs/include/realsense2_camera_msgs/realsense2_camera_msgs/msg/rosidl_generator_c__visibility_control.h
[11.297s] -- Installing: /mnt/nas/projects/robot/pika_ros/install/realsense2_camera_msgs/include/realsense2_camera_msgs/realsense2_camera_msgs/msg/extrinsics.h
[11.298s] -- Installing: /mnt/nas/projects/robot/pika_ros/install/realsense2_camera_msgs/include/realsense2_camera_msgs/realsense2_camera_msgs/msg/metadata.h
[11.300s] -- Up-to-date: /mnt/nas/projects/robot/pika_ros/install/realsense2_camera_msgs/include/realsense2_camera_msgs/realsense2_camera_msgs/srv
[11.300s] -- Installing: /mnt/nas/projects/robot/pika_ros/install/realsense2_camera_msgs/include/realsense2_camera_msgs/realsense2_camera_msgs/srv/device_info.h
[11.302s] -- Up-to-date: /mnt/nas/projects/robot/pika_ros/install/realsense2_camera_msgs/include/realsense2_camera_msgs/realsense2_camera_msgs/srv/detail
[11.302s] -- Installing: /mnt/nas/projects/robot/pika_ros/install/realsense2_camera_msgs/include/realsense2_camera_msgs/realsense2_camera_msgs/srv/detail/device_info__functions.c
[11.304s] -- Installing: /mnt/nas/projects/robot/pika_ros/install/realsense2_camera_msgs/include/realsense2_camera_msgs/realsense2_camera_msgs/srv/detail/device_info__functions.h
[11.306s] -- Installing: /mnt/nas/projects/robot/pika_ros/install/realsense2_camera_msgs/include/realsense2_camera_msgs/realsense2_camera_msgs/srv/detail/device_info__struct.h
[11.308s] -- Installing: /mnt/nas/projects/robot/pika_ros/install/realsense2_camera_msgs/include/realsense2_camera_msgs/realsense2_camera_msgs/srv/detail/device_info__type_support.h
[11.309s] -- Installing: /mnt/nas/projects/robot/pika_ros/install/realsense2_camera_msgs/share/realsense2_camera_msgs/environment/library_path.sh
[11.311s] -- Installing: /mnt/nas/projects/robot/pika_ros/install/realsense2_camera_msgs/share/realsense2_camera_msgs/environment/library_path.dsv
[11.313s] -- Installing: /mnt/nas/projects/robot/pika_ros/install/realsense2_camera_msgs/lib/librealsense2_camera_msgs__rosidl_generator_c.so
[11.318s] -- Set runtime path of "/mnt/nas/projects/robot/pika_ros/install/realsense2_camera_msgs/lib/librealsense2_camera_msgs__rosidl_generator_c.so" to ""
[11.318s] -- Up-to-date: /mnt/nas/projects/robot/pika_ros/install/realsense2_camera_msgs/include/realsense2_camera_msgs/realsense2_camera_msgs
[11.318s] -- Up-to-date: /mnt/nas/projects/robot/pika_ros/install/realsense2_camera_msgs/include/realsense2_camera_msgs/realsense2_camera_msgs/msg
[11.319s] -- Up-to-date: /mnt/nas/projects/robot/pika_ros/install/realsense2_camera_msgs/include/realsense2_camera_msgs/realsense2_camera_msgs/msg/detail
[11.319s] -- Installing: /mnt/nas/projects/robot/pika_ros/install/realsense2_camera_msgs/include/realsense2_camera_msgs/realsense2_camera_msgs/msg/detail/imu_info__rosidl_typesupport_fastrtps_c.h
[11.321s] -- Installing: /mnt/nas/projects/robot/pika_ros/install/realsense2_camera_msgs/include/realsense2_camera_msgs/realsense2_camera_msgs/msg/detail/extrinsics__rosidl_typesupport_fastrtps_c.h
[11.322s] -- Installing: /mnt/nas/projects/robot/pika_ros/install/realsense2_camera_msgs/include/realsense2_camera_msgs/realsense2_camera_msgs/msg/detail/metadata__rosidl_typesupport_fastrtps_c.h
[11.323s] -- Installing: /mnt/nas/projects/robot/pika_ros/install/realsense2_camera_msgs/include/realsense2_camera_msgs/realsense2_camera_msgs/msg/detail/rgbd__rosidl_typesupport_fastrtps_c.h
[11.324s] -- Installing: /mnt/nas/projects/robot/pika_ros/install/realsense2_camera_msgs/include/realsense2_camera_msgs/realsense2_camera_msgs/msg/rosidl_typesupport_fastrtps_c__visibility_control.h
[11.326s] -- Up-to-date: /mnt/nas/projects/robot/pika_ros/install/realsense2_camera_msgs/include/realsense2_camera_msgs/realsense2_camera_msgs/srv
[11.326s] -- Up-to-date: /mnt/nas/projects/robot/pika_ros/install/realsense2_camera_msgs/include/realsense2_camera_msgs/realsense2_camera_msgs/srv/detail
[11.327s] -- Installing: /mnt/nas/projects/robot/pika_ros/install/realsense2_camera_msgs/include/realsense2_camera_msgs/realsense2_camera_msgs/srv/detail/device_info__rosidl_typesupport_fastrtps_c.h
[11.330s] -- Installing: /mnt/nas/projects/robot/pika_ros/install/realsense2_camera_msgs/lib/librealsense2_camera_msgs__rosidl_typesupport_fastrtps_c.so
[11.335s] -- Set runtime path of "/mnt/nas/projects/robot/pika_ros/install/realsense2_camera_msgs/lib/librealsense2_camera_msgs__rosidl_typesupport_fastrtps_c.so" to ""
[11.335s] -- Up-to-date: /mnt/nas/projects/robot/pika_ros/install/realsense2_camera_msgs/include/realsense2_camera_msgs/realsense2_camera_msgs
[11.336s] -- Up-to-date: /mnt/nas/projects/robot/pika_ros/install/realsense2_camera_msgs/include/realsense2_camera_msgs/realsense2_camera_msgs/msg
[11.336s] -- Up-to-date: /mnt/nas/projects/robot/pika_ros/install/realsense2_camera_msgs/include/realsense2_camera_msgs/realsense2_camera_msgs/msg/detail
[11.337s] -- Installing: /mnt/nas/projects/robot/pika_ros/install/realsense2_camera_msgs/include/realsense2_camera_msgs/realsense2_camera_msgs/msg/detail/imu_info__rosidl_typesupport_introspection_c.h
[11.338s] -- Installing: /mnt/nas/projects/robot/pika_ros/install/realsense2_camera_msgs/include/realsense2_camera_msgs/realsense2_camera_msgs/msg/detail/imu_info__type_support.c
[11.340s] -- Installing: /mnt/nas/projects/robot/pika_ros/install/realsense2_camera_msgs/include/realsense2_camera_msgs/realsense2_camera_msgs/msg/detail/extrinsics__rosidl_typesupport_introspection_c.h
[11.341s] -- Installing: /mnt/nas/projects/robot/pika_ros/install/realsense2_camera_msgs/include/realsense2_camera_msgs/realsense2_camera_msgs/msg/detail/extrinsics__type_support.c
[11.343s] -- Installing: /mnt/nas/projects/robot/pika_ros/install/realsense2_camera_msgs/include/realsense2_camera_msgs/realsense2_camera_msgs/msg/detail/metadata__rosidl_typesupport_introspection_c.h
[11.344s] -- Installing: /mnt/nas/projects/robot/pika_ros/install/realsense2_camera_msgs/include/realsense2_camera_msgs/realsense2_camera_msgs/msg/detail/metadata__type_support.c
[11.346s] -- Installing: /mnt/nas/projects/robot/pika_ros/install/realsense2_camera_msgs/include/realsense2_camera_msgs/realsense2_camera_msgs/msg/detail/rgbd__rosidl_typesupport_introspection_c.h
[11.347s] -- Installing: /mnt/nas/projects/robot/pika_ros/install/realsense2_camera_msgs/include/realsense2_camera_msgs/realsense2_camera_msgs/msg/detail/rgbd__type_support.c
[11.349s] -- Installing: /mnt/nas/projects/robot/pika_ros/install/realsense2_camera_msgs/include/realsense2_camera_msgs/realsense2_camera_msgs/msg/rosidl_typesupport_introspection_c__visibility_control.h
[11.351s] -- Up-to-date: /mnt/nas/projects/robot/pika_ros/install/realsense2_camera_msgs/include/realsense2_camera_msgs/realsense2_camera_msgs/srv
[11.351s] -- Up-to-date: /mnt/nas/projects/robot/pika_ros/install/realsense2_camera_msgs/include/realsense2_camera_msgs/realsense2_camera_msgs/srv/detail
[11.352s] -- Installing: /mnt/nas/projects/robot/pika_ros/install/realsense2_camera_msgs/include/realsense2_camera_msgs/realsense2_camera_msgs/srv/detail/device_info__rosidl_typesupport_introspection_c.h
[11.353s] -- Installing: /mnt/nas/projects/robot/pika_ros/install/realsense2_camera_msgs/include/realsense2_camera_msgs/realsense2_camera_msgs/srv/detail/device_info__type_support.c
[11.357s] -- Installing: /mnt/nas/projects/robot/pika_ros/install/realsense2_camera_msgs/lib/librealsense2_camera_msgs__rosidl_typesupport_introspection_c.so
[11.362s] -- Set runtime path of "/mnt/nas/projects/robot/pika_ros/install/realsense2_camera_msgs/lib/librealsense2_camera_msgs__rosidl_typesupport_introspection_c.so" to ""
[11.364s] -- Installing: /mnt/nas/projects/robot/pika_ros/install/realsense2_camera_msgs/lib/librealsense2_camera_msgs__rosidl_typesupport_c.so
[11.368s] -- Set runtime path of "/mnt/nas/projects/robot/pika_ros/install/realsense2_camera_msgs/lib/librealsense2_camera_msgs__rosidl_typesupport_c.so" to ""
[11.368s] -- Up-to-date: /mnt/nas/projects/robot/pika_ros/install/realsense2_camera_msgs/include/realsense2_camera_msgs/realsense2_camera_msgs
[11.369s] -- Up-to-date: /mnt/nas/projects/robot/pika_ros/install/realsense2_camera_msgs/include/realsense2_camera_msgs/realsense2_camera_msgs/msg
[11.369s] -- Installing: /mnt/nas/projects/robot/pika_ros/install/realsense2_camera_msgs/include/realsense2_camera_msgs/realsense2_camera_msgs/msg/imu_info.hpp
[11.371s] -- Up-to-date: /mnt/nas/projects/robot/pika_ros/install/realsense2_camera_msgs/include/realsense2_camera_msgs/realsense2_camera_msgs/msg/detail
[11.371s] -- Installing: /mnt/nas/projects/robot/pika_ros/install/realsense2_camera_msgs/include/realsense2_camera_msgs/realsense2_camera_msgs/msg/detail/imu_info__builder.hpp
[11.374s] -- Installing: /mnt/nas/projects/robot/pika_ros/install/realsense2_camera_msgs/include/realsense2_camera_msgs/realsense2_camera_msgs/msg/detail/imu_info__struct.hpp
[11.377s] -- Installing: /mnt/nas/projects/robot/pika_ros/install/realsense2_camera_msgs/include/realsense2_camera_msgs/realsense2_camera_msgs/msg/detail/imu_info__traits.hpp
[11.379s] -- Installing: /mnt/nas/projects/robot/pika_ros/install/realsense2_camera_msgs/include/realsense2_camera_msgs/realsense2_camera_msgs/msg/detail/imu_info__type_support.hpp
[11.380s] -- Installing: /mnt/nas/projects/robot/pika_ros/install/realsense2_camera_msgs/include/realsense2_camera_msgs/realsense2_camera_msgs/msg/detail/extrinsics__builder.hpp
[11.383s] -- Installing: /mnt/nas/projects/robot/pika_ros/install/realsense2_camera_msgs/include/realsense2_camera_msgs/realsense2_camera_msgs/msg/detail/extrinsics__struct.hpp
[11.384s] -- Installing: /mnt/nas/projects/robot/pika_ros/install/realsense2_camera_msgs/include/realsense2_camera_msgs/realsense2_camera_msgs/msg/detail/extrinsics__traits.hpp
[11.386s] -- Installing: /mnt/nas/projects/robot/pika_ros/install/realsense2_camera_msgs/include/realsense2_camera_msgs/realsense2_camera_msgs/msg/detail/extrinsics__type_support.hpp
[11.388s] -- Installing: /mnt/nas/projects/robot/pika_ros/install/realsense2_camera_msgs/include/realsense2_camera_msgs/realsense2_camera_msgs/msg/detail/metadata__builder.hpp
[11.389s] -- Installing: /mnt/nas/projects/robot/pika_ros/install/realsense2_camera_msgs/include/realsense2_camera_msgs/realsense2_camera_msgs/msg/detail/metadata__struct.hpp
[11.391s] -- Installing: /mnt/nas/projects/robot/pika_ros/install/realsense2_camera_msgs/include/realsense2_camera_msgs/realsense2_camera_msgs/msg/detail/metadata__traits.hpp
[11.392s] -- Installing: /mnt/nas/projects/robot/pika_ros/install/realsense2_camera_msgs/include/realsense2_camera_msgs/realsense2_camera_msgs/msg/detail/metadata__type_support.hpp
[11.394s] -- Installing: /mnt/nas/projects/robot/pika_ros/install/realsense2_camera_msgs/include/realsense2_camera_msgs/realsense2_camera_msgs/msg/detail/rgbd__builder.hpp
[11.396s] -- Installing: /mnt/nas/projects/robot/pika_ros/install/realsense2_camera_msgs/include/realsense2_camera_msgs/realsense2_camera_msgs/msg/detail/rgbd__struct.hpp
[11.397s] -- Installing: /mnt/nas/projects/robot/pika_ros/install/realsense2_camera_msgs/include/realsense2_camera_msgs/realsense2_camera_msgs/msg/detail/rgbd__traits.hpp
[11.399s] -- Installing: /mnt/nas/projects/robot/pika_ros/install/realsense2_camera_msgs/include/realsense2_camera_msgs/realsense2_camera_msgs/msg/detail/rgbd__type_support.hpp
[11.400s] -- Installing: /mnt/nas/projects/robot/pika_ros/install/realsense2_camera_msgs/include/realsense2_camera_msgs/realsense2_camera_msgs/msg/metadata.hpp
[11.401s] -- Installing: /mnt/nas/projects/robot/pika_ros/install/realsense2_camera_msgs/include/realsense2_camera_msgs/realsense2_camera_msgs/msg/rosidl_generator_cpp__visibility_control.hpp
[11.403s] -- Installing: /mnt/nas/projects/robot/pika_ros/install/realsense2_camera_msgs/include/realsense2_camera_msgs/realsense2_camera_msgs/msg/extrinsics.hpp
[11.404s] -- Installing: /mnt/nas/projects/robot/pika_ros/install/realsense2_camera_msgs/include/realsense2_camera_msgs/realsense2_camera_msgs/msg/rgbd.hpp
[11.405s] -- Up-to-date: /mnt/nas/projects/robot/pika_ros/install/realsense2_camera_msgs/include/realsense2_camera_msgs/realsense2_camera_msgs/srv
[11.406s] -- Installing: /mnt/nas/projects/robot/pika_ros/install/realsense2_camera_msgs/include/realsense2_camera_msgs/realsense2_camera_msgs/srv/device_info.hpp
[11.407s] -- Up-to-date: /mnt/nas/projects/robot/pika_ros/install/realsense2_camera_msgs/include/realsense2_camera_msgs/realsense2_camera_msgs/srv/detail
[11.407s] -- Installing: /mnt/nas/projects/robot/pika_ros/install/realsense2_camera_msgs/include/realsense2_camera_msgs/realsense2_camera_msgs/srv/detail/device_info__builder.hpp
[11.409s] -- Installing: /mnt/nas/projects/robot/pika_ros/install/realsense2_camera_msgs/include/realsense2_camera_msgs/realsense2_camera_msgs/srv/detail/device_info__struct.hpp
[11.411s] -- Installing: /mnt/nas/projects/robot/pika_ros/install/realsense2_camera_msgs/include/realsense2_camera_msgs/realsense2_camera_msgs/srv/detail/device_info__traits.hpp
[11.413s] -- Installing: /mnt/nas/projects/robot/pika_ros/install/realsense2_camera_msgs/include/realsense2_camera_msgs/realsense2_camera_msgs/srv/detail/device_info__type_support.hpp
[11.414s] -- Up-to-date: /mnt/nas/projects/robot/pika_ros/install/realsense2_camera_msgs/include/realsense2_camera_msgs/realsense2_camera_msgs
[11.415s] -- Up-to-date: /mnt/nas/projects/robot/pika_ros/install/realsense2_camera_msgs/include/realsense2_camera_msgs/realsense2_camera_msgs/msg
[11.415s] -- Up-to-date: /mnt/nas/projects/robot/pika_ros/install/realsense2_camera_msgs/include/realsense2_camera_msgs/realsense2_camera_msgs/msg/detail
[11.416s] -- Installing: /mnt/nas/projects/robot/pika_ros/install/realsense2_camera_msgs/include/realsense2_camera_msgs/realsense2_camera_msgs/msg/detail/imu_info__rosidl_typesupport_fastrtps_cpp.hpp
[11.417s] -- Up-to-date: /mnt/nas/projects/robot/pika_ros/install/realsense2_camera_msgs/include/realsense2_camera_msgs/realsense2_camera_msgs/msg/detail/dds_fastrtps
[11.418s] -- Installing: /mnt/nas/projects/robot/pika_ros/install/realsense2_camera_msgs/include/realsense2_camera_msgs/realsense2_camera_msgs/msg/detail/extrinsics__rosidl_typesupport_fastrtps_cpp.hpp
[11.419s] -- Installing: /mnt/nas/projects/robot/pika_ros/install/realsense2_camera_msgs/include/realsense2_camera_msgs/realsense2_camera_msgs/msg/detail/metadata__rosidl_typesupport_fastrtps_cpp.hpp
[11.421s] -- Installing: /mnt/nas/projects/robot/pika_ros/install/realsense2_camera_msgs/include/realsense2_camera_msgs/realsense2_camera_msgs/msg/detail/rgbd__rosidl_typesupport_fastrtps_cpp.hpp
[11.422s] -- Installing: /mnt/nas/projects/robot/pika_ros/install/realsense2_camera_msgs/include/realsense2_camera_msgs/realsense2_camera_msgs/msg/rosidl_typesupport_fastrtps_cpp__visibility_control.h
[11.423s] -- Up-to-date: /mnt/nas/projects/robot/pika_ros/install/realsense2_camera_msgs/include/realsense2_camera_msgs/realsense2_camera_msgs/srv
[11.424s] -- Up-to-date: /mnt/nas/projects/robot/pika_ros/install/realsense2_camera_msgs/include/realsense2_camera_msgs/realsense2_camera_msgs/srv/detail
[11.424s] -- Installing: /mnt/nas/projects/robot/pika_ros/install/realsense2_camera_msgs/include/realsense2_camera_msgs/realsense2_camera_msgs/srv/detail/device_info__rosidl_typesupport_fastrtps_cpp.hpp
[11.426s] -- Up-to-date: /mnt/nas/projects/robot/pika_ros/install/realsense2_camera_msgs/include/realsense2_camera_msgs/realsense2_camera_msgs/srv/detail/dds_fastrtps
[11.428s] -- Installing: /mnt/nas/projects/robot/pika_ros/install/realsense2_camera_msgs/lib/librealsense2_camera_msgs__rosidl_typesupport_fastrtps_cpp.so
[11.434s] -- Set runtime path of "/mnt/nas/projects/robot/pika_ros/install/realsense2_camera_msgs/lib/librealsense2_camera_msgs__rosidl_typesupport_fastrtps_cpp.so" to ""
[11.434s] -- Up-to-date: /mnt/nas/projects/robot/pika_ros/install/realsense2_camera_msgs/include/realsense2_camera_msgs/realsense2_camera_msgs
[11.435s] -- Up-to-date: /mnt/nas/projects/robot/pika_ros/install/realsense2_camera_msgs/include/realsense2_camera_msgs/realsense2_camera_msgs/msg
[11.435s] -- Up-to-date: /mnt/nas/projects/robot/pika_ros/install/realsense2_camera_msgs/include/realsense2_camera_msgs/realsense2_camera_msgs/msg/detail
[11.436s] -- Installing: /mnt/nas/projects/robot/pika_ros/install/realsense2_camera_msgs/include/realsense2_camera_msgs/realsense2_camera_msgs/msg/detail/imu_info__rosidl_typesupport_introspection_cpp.hpp
[11.437s] -- Installing: /mnt/nas/projects/robot/pika_ros/install/realsense2_camera_msgs/include/realsense2_camera_msgs/realsense2_camera_msgs/msg/detail/imu_info__type_support.cpp
[11.439s] -- Installing: /mnt/nas/projects/robot/pika_ros/install/realsense2_camera_msgs/include/realsense2_camera_msgs/realsense2_camera_msgs/msg/detail/extrinsics__rosidl_typesupport_introspection_cpp.hpp
[11.440s] -- Installing: /mnt/nas/projects/robot/pika_ros/install/realsense2_camera_msgs/include/realsense2_camera_msgs/realsense2_camera_msgs/msg/detail/extrinsics__type_support.cpp
[11.442s] -- Installing: /mnt/nas/projects/robot/pika_ros/install/realsense2_camera_msgs/include/realsense2_camera_msgs/realsense2_camera_msgs/msg/detail/metadata__rosidl_typesupport_introspection_cpp.hpp
[11.443s] -- Installing: /mnt/nas/projects/robot/pika_ros/install/realsense2_camera_msgs/include/realsense2_camera_msgs/realsense2_camera_msgs/msg/detail/metadata__type_support.cpp
[11.445s] -- Installing: /mnt/nas/projects/robot/pika_ros/install/realsense2_camera_msgs/include/realsense2_camera_msgs/realsense2_camera_msgs/msg/detail/rgbd__rosidl_typesupport_introspection_cpp.hpp
[11.446s] -- Installing: /mnt/nas/projects/robot/pika_ros/install/realsense2_camera_msgs/include/realsense2_camera_msgs/realsense2_camera_msgs/msg/detail/rgbd__type_support.cpp
[11.448s] -- Up-to-date: /mnt/nas/projects/robot/pika_ros/install/realsense2_camera_msgs/include/realsense2_camera_msgs/realsense2_camera_msgs/srv
[11.448s] -- Up-to-date: /mnt/nas/projects/robot/pika_ros/install/realsense2_camera_msgs/include/realsense2_camera_msgs/realsense2_camera_msgs/srv/detail
[11.449s] -- Installing: /mnt/nas/projects/robot/pika_ros/install/realsense2_camera_msgs/include/realsense2_camera_msgs/realsense2_camera_msgs/srv/detail/device_info__rosidl_typesupport_introspection_cpp.hpp
[11.450s] -- Installing: /mnt/nas/projects/robot/pika_ros/install/realsense2_camera_msgs/include/realsense2_camera_msgs/realsense2_camera_msgs/srv/detail/device_info__type_support.cpp
[11.454s] -- Installing: /mnt/nas/projects/robot/pika_ros/install/realsense2_camera_msgs/lib/librealsense2_camera_msgs__rosidl_typesupport_introspection_cpp.so
[11.460s] -- Set runtime path of "/mnt/nas/projects/robot/pika_ros/install/realsense2_camera_msgs/lib/librealsense2_camera_msgs__rosidl_typesupport_introspection_cpp.so" to ""
[11.461s] -- Installing: /mnt/nas/projects/robot/pika_ros/install/realsense2_camera_msgs/lib/librealsense2_camera_msgs__rosidl_typesupport_cpp.so
[11.466s] -- Set runtime path of "/mnt/nas/projects/robot/pika_ros/install/realsense2_camera_msgs/lib/librealsense2_camera_msgs__rosidl_typesupport_cpp.so" to ""
[11.466s] -- Installing: /mnt/nas/projects/robot/pika_ros/install/realsense2_camera_msgs/share/realsense2_camera_msgs/environment/pythonpath.sh
[11.467s] -- Installing: /mnt/nas/projects/robot/pika_ros/install/realsense2_camera_msgs/share/realsense2_camera_msgs/environment/pythonpath.dsv
[11.469s] -- Up-to-date: /mnt/nas/projects/robot/pika_ros/install/realsense2_camera_msgs/local/lib/python3.10/dist-packages/realsense2_camera_msgs-4.55.1-py3.10.egg-info
[11.469s] -- Installing: /mnt/nas/projects/robot/pika_ros/install/realsense2_camera_msgs/local/lib/python3.10/dist-packages/realsense2_camera_msgs-4.55.1-py3.10.egg-info/PKG-INFO
[11.470s] -- Installing: /mnt/nas/projects/robot/pika_ros/install/realsense2_camera_msgs/local/lib/python3.10/dist-packages/realsense2_camera_msgs-4.55.1-py3.10.egg-info/dependency_links.txt
[11.472s] -- Installing: /mnt/nas/projects/robot/pika_ros/install/realsense2_camera_msgs/local/lib/python3.10/dist-packages/realsense2_camera_msgs-4.55.1-py3.10.egg-info/top_level.txt
[11.473s] -- Installing: /mnt/nas/projects/robot/pika_ros/install/realsense2_camera_msgs/local/lib/python3.10/dist-packages/realsense2_camera_msgs-4.55.1-py3.10.egg-info/SOURCES.txt
[11.475s] -- Up-to-date: /mnt/nas/projects/robot/pika_ros/install/realsense2_camera_msgs/local/lib/python3.10/dist-packages/realsense2_camera_msgs
[11.475s] -- Installing: /mnt/nas/projects/robot/pika_ros/install/realsense2_camera_msgs/local/lib/python3.10/dist-packages/realsense2_camera_msgs/__init__.py
[11.476s] -- Up-to-date: /mnt/nas/projects/robot/pika_ros/install/realsense2_camera_msgs/local/lib/python3.10/dist-packages/realsense2_camera_msgs/msg
[11.477s] -- Installing: /mnt/nas/projects/robot/pika_ros/install/realsense2_camera_msgs/local/lib/python3.10/dist-packages/realsense2_camera_msgs/msg/_imu_info.py
[11.479s] -- Installing: /mnt/nas/projects/robot/pika_ros/install/realsense2_camera_msgs/local/lib/python3.10/dist-packages/realsense2_camera_msgs/msg/_imu_info_s.c
[11.480s] -- Installing: /mnt/nas/projects/robot/pika_ros/install/realsense2_camera_msgs/local/lib/python3.10/dist-packages/realsense2_camera_msgs/msg/_extrinsics.py
[11.482s] -- Installing: /mnt/nas/projects/robot/pika_ros/install/realsense2_camera_msgs/local/lib/python3.10/dist-packages/realsense2_camera_msgs/msg/_extrinsics_s.c
[11.484s] -- Installing: /mnt/nas/projects/robot/pika_ros/install/realsense2_camera_msgs/local/lib/python3.10/dist-packages/realsense2_camera_msgs/msg/_metadata.py
[11.486s] -- Installing: /mnt/nas/projects/robot/pika_ros/install/realsense2_camera_msgs/local/lib/python3.10/dist-packages/realsense2_camera_msgs/msg/_metadata_s.c
[11.487s] -- Installing: /mnt/nas/projects/robot/pika_ros/install/realsense2_camera_msgs/local/lib/python3.10/dist-packages/realsense2_camera_msgs/msg/_rgbd.py
[11.489s] -- Installing: /mnt/nas/projects/robot/pika_ros/install/realsense2_camera_msgs/local/lib/python3.10/dist-packages/realsense2_camera_msgs/msg/_rgbd_s.c
[11.491s] -- Installing: /mnt/nas/projects/robot/pika_ros/install/realsense2_camera_msgs/local/lib/python3.10/dist-packages/realsense2_camera_msgs/msg/__init__.py
[11.492s] -- Up-to-date: /mnt/nas/projects/robot/pika_ros/install/realsense2_camera_msgs/local/lib/python3.10/dist-packages/realsense2_camera_msgs/srv
[11.493s] -- Installing: /mnt/nas/projects/robot/pika_ros/install/realsense2_camera_msgs/local/lib/python3.10/dist-packages/realsense2_camera_msgs/srv/_device_info.py
[11.495s] -- Installing: /mnt/nas/projects/robot/pika_ros/install/realsense2_camera_msgs/local/lib/python3.10/dist-packages/realsense2_camera_msgs/srv/_device_info_s.c
[11.496s] -- Installing: /mnt/nas/projects/robot/pika_ros/install/realsense2_camera_msgs/local/lib/python3.10/dist-packages/realsense2_camera_msgs/srv/__init__.py
[11.498s] -- Installing: /mnt/nas/projects/robot/pika_ros/install/realsense2_camera_msgs/local/lib/python3.10/dist-packages/realsense2_camera_msgs/_realsense2_camera_msgs_s.ep.rosidl_typesupport_fastrtps_c.c
[11.499s] -- Installing: /mnt/nas/projects/robot/pika_ros/install/realsense2_camera_msgs/local/lib/python3.10/dist-packages/realsense2_camera_msgs/_realsense2_camera_msgs_s.ep.rosidl_typesupport_introspection_c.c
[11.501s] -- Installing: /mnt/nas/projects/robot/pika_ros/install/realsense2_camera_msgs/local/lib/python3.10/dist-packages/realsense2_camera_msgs/_realsense2_camera_msgs_s.ep.rosidl_typesupport_c.c
[11.503s] -- Installing: /mnt/nas/projects/robot/pika_ros/install/realsense2_camera_msgs/local/lib/python3.10/dist-packages/realsense2_camera_msgs/librealsense2_camera_msgs__rosidl_generator_py.so
[11.505s] -- Installing: /mnt/nas/projects/robot/pika_ros/install/realsense2_camera_msgs/local/lib/python3.10/dist-packages/realsense2_camera_msgs/realsense2_camera_msgs_s__rosidl_typesupport_fastrtps_c.cpython-310-x86_64-linux-gnu.so
[11.508s] -- Installing: /mnt/nas/projects/robot/pika_ros/install/realsense2_camera_msgs/local/lib/python3.10/dist-packages/realsense2_camera_msgs/realsense2_camera_msgs_s__rosidl_typesupport_c.cpython-310-x86_64-linux-gnu.so
[11.510s] -- Installing: /mnt/nas/projects/robot/pika_ros/install/realsense2_camera_msgs/local/lib/python3.10/dist-packages/realsense2_camera_msgs/realsense2_camera_msgs_s__rosidl_typesupport_introspection_c.cpython-310-x86_64-linux-gnu.so
[11.582s] Listing '/mnt/nas/projects/robot/pika_ros/install/realsense2_camera_msgs/local/lib/python3.10/dist-packages/realsense2_camera_msgs'...
[11.582s] Compiling '/mnt/nas/projects/robot/pika_ros/install/realsense2_camera_msgs/local/lib/python3.10/dist-packages/realsense2_camera_msgs/__init__.py'...
[11.582s] Listing '/mnt/nas/projects/robot/pika_ros/install/realsense2_camera_msgs/local/lib/python3.10/dist-packages/realsense2_camera_msgs/msg'...
[11.582s] Compiling '/mnt/nas/projects/robot/pika_ros/install/realsense2_camera_msgs/local/lib/python3.10/dist-packages/realsense2_camera_msgs/msg/__init__.py'...
[11.582s] Compiling '/mnt/nas/projects/robot/pika_ros/install/realsense2_camera_msgs/local/lib/python3.10/dist-packages/realsense2_camera_msgs/msg/_extrinsics.py'...
[11.583s] Compiling '/mnt/nas/projects/robot/pika_ros/install/realsense2_camera_msgs/local/lib/python3.10/dist-packages/realsense2_camera_msgs/msg/_imu_info.py'...
[11.583s] Compiling '/mnt/nas/projects/robot/pika_ros/install/realsense2_camera_msgs/local/lib/python3.10/dist-packages/realsense2_camera_msgs/msg/_metadata.py'...
[11.583s] Compiling '/mnt/nas/projects/robot/pika_ros/install/realsense2_camera_msgs/local/lib/python3.10/dist-packages/realsense2_camera_msgs/msg/_rgbd.py'...
[11.583s] Listing '/mnt/nas/projects/robot/pika_ros/install/realsense2_camera_msgs/local/lib/python3.10/dist-packages/realsense2_camera_msgs/srv'...
[11.583s] Compiling '/mnt/nas/projects/robot/pika_ros/install/realsense2_camera_msgs/local/lib/python3.10/dist-packages/realsense2_camera_msgs/srv/__init__.py'...
[11.583s] Compiling '/mnt/nas/projects/robot/pika_ros/install/realsense2_camera_msgs/local/lib/python3.10/dist-packages/realsense2_camera_msgs/srv/_device_info.py'...
[11.588s] -- Installing: /mnt/nas/projects/robot/pika_ros/install/realsense2_camera_msgs/local/lib/python3.10/dist-packages/realsense2_camera_msgs/realsense2_camera_msgs_s__rosidl_typesupport_fastrtps_c.cpython-310-x86_64-linux-gnu.so
[11.592s] -- Set runtime path of "/mnt/nas/projects/robot/pika_ros/install/realsense2_camera_msgs/local/lib/python3.10/dist-packages/realsense2_camera_msgs/realsense2_camera_msgs_s__rosidl_typesupport_fastrtps_c.cpython-310-x86_64-linux-gnu.so" to ""
[11.594s] -- Installing: /mnt/nas/projects/robot/pika_ros/install/realsense2_camera_msgs/local/lib/python3.10/dist-packages/realsense2_camera_msgs/realsense2_camera_msgs_s__rosidl_typesupport_introspection_c.cpython-310-x86_64-linux-gnu.so
[11.599s] -- Set runtime path of "/mnt/nas/projects/robot/pika_ros/install/realsense2_camera_msgs/local/lib/python3.10/dist-packages/realsense2_camera_msgs/realsense2_camera_msgs_s__rosidl_typesupport_introspection_c.cpython-310-x86_64-linux-gnu.so" to ""
[11.600s] -- Installing: /mnt/nas/projects/robot/pika_ros/install/realsense2_camera_msgs/local/lib/python3.10/dist-packages/realsense2_camera_msgs/realsense2_camera_msgs_s__rosidl_typesupport_c.cpython-310-x86_64-linux-gnu.so
[11.604s] -- Set runtime path of "/mnt/nas/projects/robot/pika_ros/install/realsense2_camera_msgs/local/lib/python3.10/dist-packages/realsense2_camera_msgs/realsense2_camera_msgs_s__rosidl_typesupport_c.cpython-310-x86_64-linux-gnu.so" to ""
[11.606s] -- Installing: /mnt/nas/projects/robot/pika_ros/install/realsense2_camera_msgs/lib/librealsense2_camera_msgs__rosidl_generator_py.so
[11.611s] -- Set runtime path of "/mnt/nas/projects/robot/pika_ros/install/realsense2_camera_msgs/lib/librealsense2_camera_msgs__rosidl_generator_py.so" to ""
[11.612s] -- Installing: /mnt/nas/projects/robot/pika_ros/install/realsense2_camera_msgs/share/realsense2_camera_msgs/msg/IMUInfo.idl
[11.613s] -- Installing: /mnt/nas/projects/robot/pika_ros/install/realsense2_camera_msgs/share/realsense2_camera_msgs/msg/Extrinsics.idl
[11.615s] -- Installing: /mnt/nas/projects/robot/pika_ros/install/realsense2_camera_msgs/share/realsense2_camera_msgs/msg/Metadata.idl
[11.616s] -- Installing: /mnt/nas/projects/robot/pika_ros/install/realsense2_camera_msgs/share/realsense2_camera_msgs/msg/RGBD.idl
[11.618s] -- Installing: /mnt/nas/projects/robot/pika_ros/install/realsense2_camera_msgs/share/realsense2_camera_msgs/srv/DeviceInfo.idl
[11.619s] -- Installing: /mnt/nas/projects/robot/pika_ros/install/realsense2_camera_msgs/share/realsense2_camera_msgs/msg/IMUInfo.msg
[11.620s] -- Installing: /mnt/nas/projects/robot/pika_ros/install/realsense2_camera_msgs/share/realsense2_camera_msgs/msg/Extrinsics.msg
[11.621s] -- Installing: /mnt/nas/projects/robot/pika_ros/install/realsense2_camera_msgs/share/realsense2_camera_msgs/msg/Metadata.msg
[11.622s] -- Installing: /mnt/nas/projects/robot/pika_ros/install/realsense2_camera_msgs/share/realsense2_camera_msgs/msg/RGBD.msg
[11.624s] -- Installing: /mnt/nas/projects/robot/pika_ros/install/realsense2_camera_msgs/share/realsense2_camera_msgs/srv/DeviceInfo.srv
[11.625s] -- Installing: /mnt/nas/projects/robot/pika_ros/install/realsense2_camera_msgs/share/realsense2_camera_msgs/srv/DeviceInfo_Request.msg
[11.626s] -- Installing: /mnt/nas/projects/robot/pika_ros/install/realsense2_camera_msgs/share/realsense2_camera_msgs/srv/DeviceInfo_Response.msg
[11.627s] -- Installing: /mnt/nas/projects/robot/pika_ros/install/realsense2_camera_msgs/share/ament_index/resource_index/package_run_dependencies/realsense2_camera_msgs
[11.629s] -- Installing: /mnt/nas/projects/robot/pika_ros/install/realsense2_camera_msgs/share/ament_index/resource_index/parent_prefix_path/realsense2_camera_msgs
[11.630s] -- Installing: /mnt/nas/projects/robot/pika_ros/install/realsense2_camera_msgs/share/realsense2_camera_msgs/environment/ament_prefix_path.sh
[11.631s] -- Installing: /mnt/nas/projects/robot/pika_ros/install/realsense2_camera_msgs/share/realsense2_camera_msgs/environment/ament_prefix_path.dsv
[11.632s] -- Installing: /mnt/nas/projects/robot/pika_ros/install/realsense2_camera_msgs/share/realsense2_camera_msgs/environment/path.sh
[11.634s] -- Installing: /mnt/nas/projects/robot/pika_ros/install/realsense2_camera_msgs/share/realsense2_camera_msgs/environment/path.dsv
[11.635s] -- Installing: /mnt/nas/projects/robot/pika_ros/install/realsense2_camera_msgs/share/realsense2_camera_msgs/local_setup.bash
[11.637s] -- Installing: /mnt/nas/projects/robot/pika_ros/install/realsense2_camera_msgs/share/realsense2_camera_msgs/local_setup.sh
[11.639s] -- Installing: /mnt/nas/projects/robot/pika_ros/install/realsense2_camera_msgs/share/realsense2_camera_msgs/local_setup.zsh
[11.641s] -- Installing: /mnt/nas/projects/robot/pika_ros/install/realsense2_camera_msgs/share/realsense2_camera_msgs/local_setup.dsv
[11.642s] -- Installing: /mnt/nas/projects/robot/pika_ros/install/realsense2_camera_msgs/share/realsense2_camera_msgs/package.dsv
[11.643s] -- Installing: /mnt/nas/projects/robot/pika_ros/install/realsense2_camera_msgs/share/ament_index/resource_index/packages/realsense2_camera_msgs
[11.645s] -- Installing: /mnt/nas/projects/robot/pika_ros/install/realsense2_camera_msgs/share/realsense2_camera_msgs/cmake/export_realsense2_camera_msgs__rosidl_generator_cExport.cmake
[11.647s] -- Installing: /mnt/nas/projects/robot/pika_ros/install/realsense2_camera_msgs/share/realsense2_camera_msgs/cmake/export_realsense2_camera_msgs__rosidl_generator_cExport-noconfig.cmake
[11.649s] -- Installing: /mnt/nas/projects/robot/pika_ros/install/realsense2_camera_msgs/share/realsense2_camera_msgs/cmake/export_realsense2_camera_msgs__rosidl_typesupport_fastrtps_cExport.cmake
[11.651s] -- Installing: /mnt/nas/projects/robot/pika_ros/install/realsense2_camera_msgs/share/realsense2_camera_msgs/cmake/export_realsense2_camera_msgs__rosidl_typesupport_fastrtps_cExport-noconfig.cmake
[11.653s] -- Installing: /mnt/nas/projects/robot/pika_ros/install/realsense2_camera_msgs/share/realsense2_camera_msgs/cmake/realsense2_camera_msgs__rosidl_typesupport_introspection_cExport.cmake
[11.656s] -- Installing: /mnt/nas/projects/robot/pika_ros/install/realsense2_camera_msgs/share/realsense2_camera_msgs/cmake/realsense2_camera_msgs__rosidl_typesupport_introspection_cExport-noconfig.cmake
[11.658s] -- Installing: /mnt/nas/projects/robot/pika_ros/install/realsense2_camera_msgs/share/realsense2_camera_msgs/cmake/realsense2_camera_msgs__rosidl_typesupport_cExport.cmake
[11.660s] -- Installing: /mnt/nas/projects/robot/pika_ros/install/realsense2_camera_msgs/share/realsense2_camera_msgs/cmake/realsense2_camera_msgs__rosidl_typesupport_cExport-noconfig.cmake
[11.662s] -- Installing: /mnt/nas/projects/robot/pika_ros/install/realsense2_camera_msgs/share/realsense2_camera_msgs/cmake/export_realsense2_camera_msgs__rosidl_generator_cppExport.cmake
[11.666s] -- Installing: /mnt/nas/projects/robot/pika_ros/install/realsense2_camera_msgs/share/realsense2_camera_msgs/cmake/export_realsense2_camera_msgs__rosidl_typesupport_fastrtps_cppExport.cmake
[11.668s] -- Installing: /mnt/nas/projects/robot/pika_ros/install/realsense2_camera_msgs/share/realsense2_camera_msgs/cmake/export_realsense2_camera_msgs__rosidl_typesupport_fastrtps_cppExport-noconfig.cmake
[11.671s] -- Installing: /mnt/nas/projects/robot/pika_ros/install/realsense2_camera_msgs/share/realsense2_camera_msgs/cmake/realsense2_camera_msgs__rosidl_typesupport_introspection_cppExport.cmake
[11.673s] -- Installing: /mnt/nas/projects/robot/pika_ros/install/realsense2_camera_msgs/share/realsense2_camera_msgs/cmake/realsense2_camera_msgs__rosidl_typesupport_introspection_cppExport-noconfig.cmake
[11.676s] -- Installing: /mnt/nas/projects/robot/pika_ros/install/realsense2_camera_msgs/share/realsense2_camera_msgs/cmake/realsense2_camera_msgs__rosidl_typesupport_cppExport.cmake
[11.678s] -- Installing: /mnt/nas/projects/robot/pika_ros/install/realsense2_camera_msgs/share/realsense2_camera_msgs/cmake/realsense2_camera_msgs__rosidl_typesupport_cppExport-noconfig.cmake
[11.681s] -- Installing: /mnt/nas/projects/robot/pika_ros/install/realsense2_camera_msgs/share/realsense2_camera_msgs/cmake/export_realsense2_camera_msgs__rosidl_generator_pyExport.cmake
[11.683s] -- Installing: /mnt/nas/projects/robot/pika_ros/install/realsense2_camera_msgs/share/realsense2_camera_msgs/cmake/export_realsense2_camera_msgs__rosidl_generator_pyExport-noconfig.cmake
[11.685s] -- Installing: /mnt/nas/projects/robot/pika_ros/install/realsense2_camera_msgs/share/realsense2_camera_msgs/cmake/rosidl_cmake-extras.cmake
[11.686s] -- Installing: /mnt/nas/projects/robot/pika_ros/install/realsense2_camera_msgs/share/realsense2_camera_msgs/cmake/ament_cmake_export_dependencies-extras.cmake
[11.688s] -- Installing: /mnt/nas/projects/robot/pika_ros/install/realsense2_camera_msgs/share/realsense2_camera_msgs/cmake/ament_cmake_export_include_directories-extras.cmake
[11.689s] -- Installing: /mnt/nas/projects/robot/pika_ros/install/realsense2_camera_msgs/share/realsense2_camera_msgs/cmake/ament_cmake_export_libraries-extras.cmake
[11.691s] -- Installing: /mnt/nas/projects/robot/pika_ros/install/realsense2_camera_msgs/share/realsense2_camera_msgs/cmake/ament_cmake_export_targets-extras.cmake
[11.692s] -- Installing: /mnt/nas/projects/robot/pika_ros/install/realsense2_camera_msgs/share/realsense2_camera_msgs/cmake/rosidl_cmake_export_typesupport_targets-extras.cmake
[11.693s] -- Installing: /mnt/nas/projects/robot/pika_ros/install/realsense2_camera_msgs/share/realsense2_camera_msgs/cmake/rosidl_cmake_export_typesupport_libraries-extras.cmake
[11.694s] -- Installing: /mnt/nas/projects/robot/pika_ros/install/realsense2_camera_msgs/share/realsense2_camera_msgs/cmake/realsense2_camera_msgsConfig.cmake
[11.696s] -- Installing: /mnt/nas/projects/robot/pika_ros/install/realsense2_camera_msgs/share/realsense2_camera_msgs/cmake/realsense2_camera_msgsConfig-version.cmake
[11.697s] -- Installing: /mnt/nas/projects/robot/pika_ros/install/realsense2_camera_msgs/share/realsense2_camera_msgs/package.xml
[11.703s] Invoked command in '/mnt/nas/projects/robot/pika_ros/build/realsense2_camera_msgs' returned '0': CMAKE_PREFIX_PATH=${CMAKE_PREFIX_PATH}:/mnt/nas/projects/robot/pika_ros/install/pika_remote_diana:/mnt/nas/projects/robot/pika_ros/install/piper:/opt/ros/humble /usr/bin/cmake --install /mnt/nas/projects/robot/pika_ros/build/realsense2_camera_msgs
