gmake: 警告：文件“Makefile”的修改时间在未来 168 秒后
gmake[1]: 警告：文件“CMakeFiles/Makefile2”的修改时间在未来 168 秒后
gmake[2]: 警告：文件“CMakeFiles/realsense2_camera_node.dir/flags.make”的修改时间在未来 168 秒后
gmake[2]: 警告：文件“gtest/CMakeFiles/gtest.dir/flags.make”的修改时间在未来 168 秒后
gmake[2]: 警告：文件“gtest/CMakeFiles/gtest_main.dir/flags.make”的修改时间在未来 168 秒后
gmake[2]: 警告：文件“CMakeFiles/realsense2_camera.dir/flags.make”的修改时间在未来 168 秒后
gmake[2]: 警告：检测到时钟错误。您的构建版本可能是不完整的。
gmake[2]: 警告：检测到时钟错误。您的构建版本可能是不完整的。
gmake[2]: 警告：检测到时钟错误。您的构建版本可能是不完整的。
gmake[2]: 警告：检测到时钟错误。您的构建版本可能是不完整的。
gmake[2]: 警告：文件“gtest/CMakeFiles/gtest_main.dir/flags.make”的修改时间在未来 168 秒后
gmake[2]: 警告：文件“CMakeFiles/realsense2_camera_node.dir/flags.make”的修改时间在未来 168 秒后
gmake[2]: 警告：文件“gtest/CMakeFiles/gtest.dir/flags.make”的修改时间在未来 168 秒后
gmake[2]: 警告：文件“CMakeFiles/realsense2_camera.dir/flags.make”的修改时间在未来 168 秒后
gmake[2]: 警告：检测到时钟错误。您的构建版本可能是不完整的。
gmake[2]: 警告：检测到时钟错误。您的构建版本可能是不完整的。
gmake[2]: 警告：检测到时钟错误。您的构建版本可能是不完整的。
gmake[2]: 警告：文件“CMakeFiles/gtest_template.dir/flags.make”的修改时间在未来 160 秒后
gmake[2]: 警告：检测到时钟错误。您的构建版本可能是不完整的。
gmake[2]: 警告：文件“CMakeFiles/gtest_template.dir/flags.make”的修改时间在未来 160 秒后
gmake[2]: 警告：检测到时钟错误。您的构建版本可能是不完整的。
gmake[2]: 警告：检测到时钟错误。您的构建版本可能是不完整的。
gmake[1]: 警告：检测到时钟错误。您的构建版本可能是不完整的。
gmake: 警告：检测到时钟错误。您的构建版本可能是不完整的。
