-- The C compiler identification is GNU 11.4.0
-- The CXX compiler identification is GNU 11.4.0
-- Detecting C compiler ABI info
-- Detecting C compiler ABI info - done
-- Check for working C compiler: /usr/bin/cc - skipped
-- Detecting C compile features
-- Detecting C compile features - done
-- Detecting CXX compiler ABI info
-- Detecting CXX compiler ABI info - done
-- Check for working CXX compiler: /usr/bin/c++ - skipped
-- Detecting CXX compile features
-- Detecting CXX compile features - done
-- Create Release Build.
-- Found ament_cmake: 1.3.12 (/opt/ros/humble/share/ament_cmake/cmake)
-- Found Python3: /usr/bin/python3 (found version "3.10.12") found components: Interpreter 
-- Found builtin_interfaces: 1.2.2 (/opt/ros/humble/share/builtin_interfaces/cmake)
-- Found rosidl_generator_c: 3.1.7 (/opt/ros/humble/share/rosidl_generator_c/cmake)
-- Found rosidl_adapter: 3.1.7 (/opt/ros/humble/share/rosidl_adapter/cmake)
-- Found rosidl_generator_cpp: 3.1.7 (/opt/ros/humble/share/rosidl_generator_cpp/cmake)
-- Using all available rosidl_typesupport_c: rosidl_typesupport_fastrtps_c;rosidl_typesupport_introspection_c
-- Using all available rosidl_typesupport_cpp: rosidl_typesupport_fastrtps_cpp;rosidl_typesupport_introspection_cpp
-- Found cv_bridge: 3.2.1 (/opt/ros/humble/share/cv_bridge/cmake)
-- Found image_transport: 3.1.12 (/opt/ros/humble/share/image_transport/cmake)
-- Found rmw_implementation_cmake: 6.1.2 (/opt/ros/humble/share/rmw_implementation_cmake/cmake)
-- Found rmw_fastrtps_cpp: 6.2.9 (/opt/ros/humble/share/rmw_fastrtps_cpp/cmake)
-- Found OpenSSL: /usr/lib/x86_64-linux-gnu/libcrypto.so (found version "3.0.2")  
-- Found FastRTPS: /opt/ros/humble/include  
-- Using RMW implementation 'rmw_fastrtps_cpp' as default
-- Looking for pthread.h
-- Looking for pthread.h - found
-- Performing Test CMAKE_HAVE_LIBC_PTHREAD
-- Performing Test CMAKE_HAVE_LIBC_PTHREAD - Success
-- Found Threads: TRUE  
-- Found rclcpp_components: 16.0.16 (/opt/ros/humble/share/rclcpp_components/cmake)
-- Found realsense2_camera_msgs: 4.55.1 (/mnt/nas/projects/robot/pika_ros/install/realsense2_camera_msgs/share/realsense2_camera_msgs/cmake)
-- Found nav_msgs: 4.9.0 (/opt/ros/humble/share/nav_msgs/cmake)
-- Found tf2_ros: 0.25.17 (/opt/ros/humble/share/tf2_ros/cmake)
-- Found diagnostic_updater: 4.0.6 (/opt/ros/humble/share/diagnostic_updater/cmake)
-- Found OpenCV: /usr (found version "4.5.4") found components: core 
-- Build for ROS2 Humble
-- Found ament_cmake_gtest: 1.3.12 (/opt/ros/humble/share/ament_cmake_gtest/cmake)
-- Found gtest sources under '/opt/ros/humble/src/gtest_vendor': C++ tests using 'Google Test' will be built
-- Found ament_cmake_pytest: 1.3.12 (/opt/ros/humble/share/ament_cmake_pytest/cmake)
-- rs_device_info:
-- Device Name                   Serial Number       Firmware Version
Intel RealSense D405          315122271439        5.12.14.100
Intel RealSense D405          230422273090        5.12.14.100

-- Configuring done
-- Generating done
-- Build files have been written to: /mnt/nas/projects/robot/pika_ros/build/realsense2_camera
gmake: 警告：文件“Makefile”的修改时间在未来 168 秒后
gmake[1]: 警告：文件“CMakeFiles/Makefile2”的修改时间在未来 168 秒后
gmake[2]: 警告：文件“CMakeFiles/realsense2_camera_node.dir/flags.make”的修改时间在未来 168 秒后
gmake[2]: 警告：文件“gtest/CMakeFiles/gtest.dir/flags.make”的修改时间在未来 168 秒后
gmake[2]: 警告：文件“gtest/CMakeFiles/gtest_main.dir/flags.make”的修改时间在未来 168 秒后
gmake[2]: 警告：文件“CMakeFiles/realsense2_camera.dir/flags.make”的修改时间在未来 168 秒后
gmake[2]: 警告：检测到时钟错误。您的构建版本可能是不完整的。
gmake[2]: 警告：检测到时钟错误。您的构建版本可能是不完整的。
gmake[2]: 警告：检测到时钟错误。您的构建版本可能是不完整的。
gmake[2]: 警告：检测到时钟错误。您的构建版本可能是不完整的。
gmake[2]: 警告：文件“gtest/CMakeFiles/gtest_main.dir/flags.make”的修改时间在未来 168 秒后
gmake[2]: 警告：文件“CMakeFiles/realsense2_camera_node.dir/flags.make”的修改时间在未来 168 秒后
gmake[2]: 警告：文件“gtest/CMakeFiles/gtest.dir/flags.make”的修改时间在未来 168 秒后
gmake[2]: 警告：文件“CMakeFiles/realsense2_camera.dir/flags.make”的修改时间在未来 168 秒后
[  4%] [32mBuilding CXX object CMakeFiles/realsense2_camera_node.dir/rclcpp_components/node_main_realsense2_camera_node.cpp.o[0m
[ 13%] [32mBuilding CXX object gtest/CMakeFiles/gtest.dir/src/gtest-all.cc.o[0m
[ 18%] [32mBuilding CXX object gtest/CMakeFiles/gtest_main.dir/src/gtest_main.cc.o[0m
[ 18%] [32mBuilding CXX object CMakeFiles/realsense2_camera.dir/src/parameters.cpp.o[0m
[ 22%] [32mBuilding CXX object CMakeFiles/realsense2_camera.dir/src/base_realsense_node.cpp.o[0m
[ 27%] [32mBuilding CXX object CMakeFiles/realsense2_camera.dir/src/realsense_node_factory.cpp.o[0m
[ 36%] [32mBuilding CXX object CMakeFiles/realsense2_camera.dir/src/rs_node_setup.cpp.o[0m
[ 36%] [32mBuilding CXX object CMakeFiles/realsense2_camera.dir/src/ros_sensor.cpp.o[0m
[ 40%] [32mBuilding CXX object CMakeFiles/realsense2_camera.dir/src/dynamic_params.cpp.o[0m
[ 50%] [32mBuilding CXX object CMakeFiles/realsense2_camera.dir/src/named_filter.cpp.o[0m
[ 54%] [32mBuilding CXX object CMakeFiles/realsense2_camera.dir/src/ros_utils.cpp.o[0m
[ 63%] [32mBuilding CXX object CMakeFiles/realsense2_camera.dir/src/sensor_params.cpp.o[0m
[ 68%] [32mBuilding CXX object CMakeFiles/realsense2_camera.dir/src/profile_manager.cpp.o[0m
[ 68%] [32mBuilding CXX object CMakeFiles/realsense2_camera.dir/src/image_publisher.cpp.o[0m
[ 68%] [32mBuilding CXX object CMakeFiles/realsense2_camera.dir/src/tfs.cpp.o[0m
[ 72%] [32mBuilding CXX object CMakeFiles/realsense2_camera.dir/src/ros_param_backend.cpp.o[0m
[ 77%] [32m[1mLinking CXX static library libgtest_main.a[0m
gmake[2]: 警告：检测到时钟错误。您的构建版本可能是不完整的。
[ 77%] Built target gtest_main
[ 81%] [32m[1mLinking CXX executable realsense2_camera_node[0m
gmake[2]: 警告：检测到时钟错误。您的构建版本可能是不完整的。
[ 81%] Built target realsense2_camera_node
[ 86%] [32m[1mLinking CXX static library libgtest.a[0m
gmake[2]: 警告：检测到时钟错误。您的构建版本可能是不完整的。
[ 86%] Built target gtest
gmake[2]: 警告：文件“CMakeFiles/gtest_template.dir/flags.make”的修改时间在未来 160 秒后
gmake[2]: 警告：检测到时钟错误。您的构建版本可能是不完整的。
gmake[2]: 警告：文件“CMakeFiles/gtest_template.dir/flags.make”的修改时间在未来 160 秒后
[ 90%] [32mBuilding CXX object CMakeFiles/gtest_template.dir/test/gtest_template.cpp.o[0m
[ 95%] [32m[1mLinking CXX executable gtest_template[0m
gmake[2]: 警告：检测到时钟错误。您的构建版本可能是不完整的。
[ 95%] Built target gtest_template
[100%] [32m[1mLinking CXX shared library librealsense2_camera.so[0m
gmake[2]: 警告：检测到时钟错误。您的构建版本可能是不完整的。
[100%] Built target realsense2_camera
gmake[1]: 警告：检测到时钟错误。您的构建版本可能是不完整的。
gmake: 警告：检测到时钟错误。您的构建版本可能是不完整的。
-- Install configuration: "Release"
-- Installing: /mnt/nas/projects/robot/pika_ros/install/realsense2_camera/lib/realsense2_camera/realsense2_camera_node
-- Set runtime path of "/mnt/nas/projects/robot/pika_ros/install/realsense2_camera/lib/realsense2_camera/realsense2_camera_node" to ""
-- Installing: /mnt/nas/projects/robot/pika_ros/install/realsense2_camera/lib/librealsense2_camera.so
-- Set runtime path of "/mnt/nas/projects/robot/pika_ros/install/realsense2_camera/lib/librealsense2_camera.so" to ""
-- Up-to-date: /mnt/nas/projects/robot/pika_ros/install/realsense2_camera/include
-- Installing: /mnt/nas/projects/robot/pika_ros/install/realsense2_camera/include/base_realsense_node.h
-- Installing: /mnt/nas/projects/robot/pika_ros/install/realsense2_camera/include/constants.h
-- Installing: /mnt/nas/projects/robot/pika_ros/install/realsense2_camera/include/dynamic_params.h
-- Installing: /mnt/nas/projects/robot/pika_ros/install/realsense2_camera/include/gl_window.h
-- Installing: /mnt/nas/projects/robot/pika_ros/install/realsense2_camera/include/image_publisher.h
-- Installing: /mnt/nas/projects/robot/pika_ros/install/realsense2_camera/include/named_filter.h
-- Installing: /mnt/nas/projects/robot/pika_ros/install/realsense2_camera/include/profile_manager.h
-- Installing: /mnt/nas/projects/robot/pika_ros/install/realsense2_camera/include/realsense_node_factory.h
-- Installing: /mnt/nas/projects/robot/pika_ros/install/realsense2_camera/include/ros_param_backend.h
-- Installing: /mnt/nas/projects/robot/pika_ros/install/realsense2_camera/include/ros_sensor.h
-- Installing: /mnt/nas/projects/robot/pika_ros/install/realsense2_camera/include/ros_utils.h
-- Installing: /mnt/nas/projects/robot/pika_ros/install/realsense2_camera/include/sensor_params.h
-- Up-to-date: /mnt/nas/projects/robot/pika_ros/install/realsense2_camera/share/realsense2_camera/launch
-- Installing: /mnt/nas/projects/robot/pika_ros/install/realsense2_camera/share/realsense2_camera/launch/default.rviz
-- Installing: /mnt/nas/projects/robot/pika_ros/install/realsense2_camera/share/realsense2_camera/launch/rs_intra_process_demo_launch.py
-- Installing: /mnt/nas/projects/robot/pika_ros/install/realsense2_camera/share/realsense2_camera/launch/rs_launch.py
-- Installing: /mnt/nas/projects/robot/pika_ros/install/realsense2_camera/share/realsense2_camera/launch/rs_multi_camera_launch.py
-- Up-to-date: /mnt/nas/projects/robot/pika_ros/install/realsense2_camera/share/realsense2_camera/examples
-- Up-to-date: /mnt/nas/projects/robot/pika_ros/install/realsense2_camera/share/realsense2_camera/examples/align_depth
-- Installing: /mnt/nas/projects/robot/pika_ros/install/realsense2_camera/share/realsense2_camera/examples/align_depth/README.md
-- Installing: /mnt/nas/projects/robot/pika_ros/install/realsense2_camera/share/realsense2_camera/examples/align_depth/rs_align_depth_launch.py
-- Up-to-date: /mnt/nas/projects/robot/pika_ros/install/realsense2_camera/share/realsense2_camera/examples/dual_camera
-- Installing: /mnt/nas/projects/robot/pika_ros/install/realsense2_camera/share/realsense2_camera/examples/dual_camera/README.md
-- Installing: /mnt/nas/projects/robot/pika_ros/install/realsense2_camera/share/realsense2_camera/examples/dual_camera/rs_multi_camera_launch2.py
-- Installing: /mnt/nas/projects/robot/pika_ros/install/realsense2_camera/share/realsense2_camera/examples/dual_camera/rs_multi_camera_launch3.py
-- Up-to-date: /mnt/nas/projects/robot/pika_ros/install/realsense2_camera/share/realsense2_camera/examples/dual_camera/rviz
-- Installing: /mnt/nas/projects/robot/pika_ros/install/realsense2_camera/share/realsense2_camera/examples/dual_camera/rviz/dual_camera_pointcloud.rviz
-- Up-to-date: /mnt/nas/projects/robot/pika_ros/install/realsense2_camera/share/realsense2_camera/examples/launch_from_rosbag
-- Installing: /mnt/nas/projects/robot/pika_ros/install/realsense2_camera/share/realsense2_camera/examples/launch_from_rosbag/README.md
-- Installing: /mnt/nas/projects/robot/pika_ros/install/realsense2_camera/share/realsense2_camera/examples/launch_from_rosbag/rs_launch_from_rosbag.py
-- Up-to-date: /mnt/nas/projects/robot/pika_ros/install/realsense2_camera/share/realsense2_camera/examples/launch_params_from_file
-- Installing: /mnt/nas/projects/robot/pika_ros/install/realsense2_camera/share/realsense2_camera/examples/launch_params_from_file/README.md
-- Up-to-date: /mnt/nas/projects/robot/pika_ros/install/realsense2_camera/share/realsense2_camera/examples/launch_params_from_file/config
-- Installing: /mnt/nas/projects/robot/pika_ros/install/realsense2_camera/share/realsense2_camera/examples/launch_params_from_file/config/config.yaml
-- Installing: /mnt/nas/projects/robot/pika_ros/install/realsense2_camera/share/realsense2_camera/examples/launch_params_from_file/rs_launch_get_params_from_yaml.py
-- Up-to-date: /mnt/nas/projects/robot/pika_ros/install/realsense2_camera/share/realsense2_camera/examples/pointcloud
-- Installing: /mnt/nas/projects/robot/pika_ros/install/realsense2_camera/share/realsense2_camera/examples/pointcloud/README.md
-- Installing: /mnt/nas/projects/robot/pika_ros/install/realsense2_camera/share/realsense2_camera/examples/pointcloud/rs_d405_pointcloud_launch.py
-- Installing: /mnt/nas/projects/robot/pika_ros/install/realsense2_camera/share/realsense2_camera/examples/pointcloud/rs_d455_pointcloud_launch.py
-- Installing: /mnt/nas/projects/robot/pika_ros/install/realsense2_camera/share/realsense2_camera/examples/pointcloud/rs_pointcloud_launch.py
-- Up-to-date: /mnt/nas/projects/robot/pika_ros/install/realsense2_camera/share/realsense2_camera/examples/pointcloud/rviz
-- Installing: /mnt/nas/projects/robot/pika_ros/install/realsense2_camera/share/realsense2_camera/examples/pointcloud/rviz/pointcloud.rviz
-- Installing: /mnt/nas/projects/robot/pika_ros/install/realsense2_camera/share/realsense2_camera/examples/pointcloud/rviz/urdf_pointcloud.rviz
-- Installing: /mnt/nas/projects/robot/pika_ros/install/realsense2_camera/share/realsense2_camera/environment/library_path.sh
-- Installing: /mnt/nas/projects/robot/pika_ros/install/realsense2_camera/share/realsense2_camera/environment/library_path.dsv
-- Installing: /mnt/nas/projects/robot/pika_ros/install/realsense2_camera/share/ament_index/resource_index/package_run_dependencies/realsense2_camera
-- Installing: /mnt/nas/projects/robot/pika_ros/install/realsense2_camera/share/ament_index/resource_index/parent_prefix_path/realsense2_camera
-- Installing: /mnt/nas/projects/robot/pika_ros/install/realsense2_camera/share/realsense2_camera/environment/ament_prefix_path.sh
-- Installing: /mnt/nas/projects/robot/pika_ros/install/realsense2_camera/share/realsense2_camera/environment/ament_prefix_path.dsv
-- Installing: /mnt/nas/projects/robot/pika_ros/install/realsense2_camera/share/realsense2_camera/environment/path.sh
-- Installing: /mnt/nas/projects/robot/pika_ros/install/realsense2_camera/share/realsense2_camera/environment/path.dsv
-- Installing: /mnt/nas/projects/robot/pika_ros/install/realsense2_camera/share/realsense2_camera/local_setup.bash
-- Installing: /mnt/nas/projects/robot/pika_ros/install/realsense2_camera/share/realsense2_camera/local_setup.sh
-- Installing: /mnt/nas/projects/robot/pika_ros/install/realsense2_camera/share/realsense2_camera/local_setup.zsh
-- Installing: /mnt/nas/projects/robot/pika_ros/install/realsense2_camera/share/realsense2_camera/local_setup.dsv
-- Installing: /mnt/nas/projects/robot/pika_ros/install/realsense2_camera/share/realsense2_camera/package.dsv
-- Installing: /mnt/nas/projects/robot/pika_ros/install/realsense2_camera/share/ament_index/resource_index/packages/realsense2_camera
-- Installing: /mnt/nas/projects/robot/pika_ros/install/realsense2_camera/share/ament_index/resource_index/rclcpp_components/realsense2_camera
-- Installing: /mnt/nas/projects/robot/pika_ros/install/realsense2_camera/share/realsense2_camera/cmake/ament_cmake_export_include_directories-extras.cmake
-- Installing: /mnt/nas/projects/robot/pika_ros/install/realsense2_camera/share/realsense2_camera/cmake/ament_cmake_export_libraries-extras.cmake
-- Installing: /mnt/nas/projects/robot/pika_ros/install/realsense2_camera/share/realsense2_camera/cmake/ament_cmake_export_dependencies-extras.cmake
-- Installing: /mnt/nas/projects/robot/pika_ros/install/realsense2_camera/share/realsense2_camera/cmake/realsense2_cameraConfig.cmake
-- Installing: /mnt/nas/projects/robot/pika_ros/install/realsense2_camera/share/realsense2_camera/cmake/realsense2_cameraConfig-version.cmake
-- Installing: /mnt/nas/projects/robot/pika_ros/install/realsense2_camera/share/realsense2_camera/package.xml
