running egg_info
creating ../../../../build/diana_robot/diana_robot.egg-info
writing ../../../../build/diana_robot/diana_robot.egg-info/PKG-INFO
writing dependency_links to ../../../../build/diana_robot/diana_robot.egg-info/dependency_links.txt
writing top-level names to ../../../../build/diana_robot/diana_robot.egg-info/top_level.txt
writing manifest file '../../../../build/diana_robot/diana_robot.egg-info/SOURCES.txt'
reading manifest file '../../../../build/diana_robot/diana_robot.egg-info/SOURCES.txt'
writing manifest file '../../../../build/diana_robot/diana_robot.egg-info/SOURCES.txt'
running build
running build_py
creating /mnt/nas/projects/robot/pika_ros/build/diana_robot/build
creating /mnt/nas/projects/robot/pika_ros/build/diana_robot/build/lib
creating /mnt/nas/projects/robot/pika_ros/build/diana_robot/build/lib/diana_robot
copying diana_robot/__init__.py -> /mnt/nas/projects/robot/pika_ros/build/diana_robot/build/lib/diana_robot
copying diana_robot/DianaApi.py -> /mnt/nas/projects/robot/pika_ros/build/diana_robot/build/lib/diana_robot
copying diana_robot/DianaRobot.py -> /mnt/nas/projects/robot/pika_ros/build/diana_robot/build/lib/diana_robot
copying diana_robot/libBasicSdk.so -> /mnt/nas/projects/robot/pika_ros/build/diana_robot/build/lib/diana_robot
copying diana_robot/libDianaApi.so -> /mnt/nas/projects/robot/pika_ros/build/diana_robot/build/lib/diana_robot
copying diana_robot/libGenericAlgorithm.so -> /mnt/nas/projects/robot/pika_ros/build/diana_robot/build/lib/diana_robot
copying diana_robot/libToolSdk.so -> /mnt/nas/projects/robot/pika_ros/build/diana_robot/build/lib/diana_robot
copying diana_robot/libVersionApi.so -> /mnt/nas/projects/robot/pika_ros/build/diana_robot/build/lib/diana_robot
copying diana_robot/libxml2.so -> /mnt/nas/projects/robot/pika_ros/build/diana_robot/build/lib/diana_robot
running install
running install_lib
creating /mnt/nas/projects/robot/pika_ros/install/diana_robot/lib/python3.10/site-packages/diana_robot
copying /mnt/nas/projects/robot/pika_ros/build/diana_robot/build/lib/diana_robot/__init__.py -> /mnt/nas/projects/robot/pika_ros/install/diana_robot/lib/python3.10/site-packages/diana_robot
copying /mnt/nas/projects/robot/pika_ros/build/diana_robot/build/lib/diana_robot/DianaApi.py -> /mnt/nas/projects/robot/pika_ros/install/diana_robot/lib/python3.10/site-packages/diana_robot
copying /mnt/nas/projects/robot/pika_ros/build/diana_robot/build/lib/diana_robot/DianaRobot.py -> /mnt/nas/projects/robot/pika_ros/install/diana_robot/lib/python3.10/site-packages/diana_robot
copying /mnt/nas/projects/robot/pika_ros/build/diana_robot/build/lib/diana_robot/libBasicSdk.so -> /mnt/nas/projects/robot/pika_ros/install/diana_robot/lib/python3.10/site-packages/diana_robot
copying /mnt/nas/projects/robot/pika_ros/build/diana_robot/build/lib/diana_robot/libDianaApi.so -> /mnt/nas/projects/robot/pika_ros/install/diana_robot/lib/python3.10/site-packages/diana_robot
copying /mnt/nas/projects/robot/pika_ros/build/diana_robot/build/lib/diana_robot/libGenericAlgorithm.so -> /mnt/nas/projects/robot/pika_ros/install/diana_robot/lib/python3.10/site-packages/diana_robot
copying /mnt/nas/projects/robot/pika_ros/build/diana_robot/build/lib/diana_robot/libToolSdk.so -> /mnt/nas/projects/robot/pika_ros/install/diana_robot/lib/python3.10/site-packages/diana_robot
copying /mnt/nas/projects/robot/pika_ros/build/diana_robot/build/lib/diana_robot/libVersionApi.so -> /mnt/nas/projects/robot/pika_ros/install/diana_robot/lib/python3.10/site-packages/diana_robot
copying /mnt/nas/projects/robot/pika_ros/build/diana_robot/build/lib/diana_robot/libxml2.so -> /mnt/nas/projects/robot/pika_ros/install/diana_robot/lib/python3.10/site-packages/diana_robot
byte-compiling /mnt/nas/projects/robot/pika_ros/install/diana_robot/lib/python3.10/site-packages/diana_robot/__init__.py to __init__.cpython-310.pyc
byte-compiling /mnt/nas/projects/robot/pika_ros/install/diana_robot/lib/python3.10/site-packages/diana_robot/DianaApi.py to DianaApi.cpython-310.pyc
byte-compiling /mnt/nas/projects/robot/pika_ros/install/diana_robot/lib/python3.10/site-packages/diana_robot/DianaRobot.py to DianaRobot.cpython-310.pyc
running install_egg_info
Copying ../../../../build/diana_robot/diana_robot.egg-info to /mnt/nas/projects/robot/pika_ros/install/diana_robot/lib/python3.10/site-packages/diana_robot-1.0.0-py3.10.egg-info
running install_scripts
writing list of installed files to '/mnt/nas/projects/robot/pika_ros/build/diana_robot/install.log'
