[0.677s] Invoking command in '/mnt/nas/projects/robot/pika_ros/src/PikaAnyArm/diana/diana_sdk': CONDA_PROMPT_MODIFIER=(base) PYTHONPATH=/mnt/nas/projects/robot/pika_ros/build/diana_robot/prefix_override:/usr/lib/python3/dist-packages/colcon_core/task/python/colcon_distutils_commands:/mnt/nas/projects/robot/pika_ros/install/diana_robot/lib/python3.10/site-packages:${PYTHONPATH} /usr/bin/python3 -W ignore:setup.py install is deprecated -W ignore:easy_install command is deprecated setup.py egg_info --egg-base ../../../../build/diana_robot build --build-base /mnt/nas/projects/robot/pika_ros/build/diana_robot/build install --record /mnt/nas/projects/robot/pika_ros/build/diana_robot/install.log --single-version-externally-managed
[0.920s] running egg_info
[0.921s] writing ../../../../build/diana_robot/diana_robot.egg-info/PKG-INFO
[0.922s] writing dependency_links to ../../../../build/diana_robot/diana_robot.egg-info/dependency_links.txt
[0.922s] writing top-level names to ../../../../build/diana_robot/diana_robot.egg-info/top_level.txt
[0.927s] reading manifest file '../../../../build/diana_robot/diana_robot.egg-info/SOURCES.txt'
[0.929s] writing manifest file '../../../../build/diana_robot/diana_robot.egg-info/SOURCES.txt'
[0.929s] running build
[0.930s] running build_py
[0.933s] running install
[0.933s] running install_lib
[0.934s] creating /mnt/nas/projects/robot/pika_ros/install/diana_robot/lib/python3.10/site-packages/diana_robot
[0.935s] copying /mnt/nas/projects/robot/pika_ros/build/diana_robot/build/lib/diana_robot/__init__.py -> /mnt/nas/projects/robot/pika_ros/install/diana_robot/lib/python3.10/site-packages/diana_robot
[0.936s] copying /mnt/nas/projects/robot/pika_ros/build/diana_robot/build/lib/diana_robot/DianaApi.py -> /mnt/nas/projects/robot/pika_ros/install/diana_robot/lib/python3.10/site-packages/diana_robot
[0.939s] copying /mnt/nas/projects/robot/pika_ros/build/diana_robot/build/lib/diana_robot/DianaRobot.py -> /mnt/nas/projects/robot/pika_ros/install/diana_robot/lib/python3.10/site-packages/diana_robot
[0.941s] copying /mnt/nas/projects/robot/pika_ros/build/diana_robot/build/lib/diana_robot/libBasicSdk.so -> /mnt/nas/projects/robot/pika_ros/install/diana_robot/lib/python3.10/site-packages/diana_robot
[0.947s] copying /mnt/nas/projects/robot/pika_ros/build/diana_robot/build/lib/diana_robot/libDianaApi.so -> /mnt/nas/projects/robot/pika_ros/install/diana_robot/lib/python3.10/site-packages/diana_robot
[0.971s] copying /mnt/nas/projects/robot/pika_ros/build/diana_robot/build/lib/diana_robot/libGenericAlgorithm.so -> /mnt/nas/projects/robot/pika_ros/install/diana_robot/lib/python3.10/site-packages/diana_robot
[0.975s] copying /mnt/nas/projects/robot/pika_ros/build/diana_robot/build/lib/diana_robot/libToolSdk.so -> /mnt/nas/projects/robot/pika_ros/install/diana_robot/lib/python3.10/site-packages/diana_robot
[1.018s] copying /mnt/nas/projects/robot/pika_ros/build/diana_robot/build/lib/diana_robot/libVersionApi.so -> /mnt/nas/projects/robot/pika_ros/install/diana_robot/lib/python3.10/site-packages/diana_robot
[1.021s] copying /mnt/nas/projects/robot/pika_ros/build/diana_robot/build/lib/diana_robot/libxml2.so -> /mnt/nas/projects/robot/pika_ros/install/diana_robot/lib/python3.10/site-packages/diana_robot
[1.126s] byte-compiling /mnt/nas/projects/robot/pika_ros/install/diana_robot/lib/python3.10/site-packages/diana_robot/__init__.py to __init__.cpython-310.pyc
[1.128s] byte-compiling /mnt/nas/projects/robot/pika_ros/install/diana_robot/lib/python3.10/site-packages/diana_robot/DianaApi.py to DianaApi.cpython-310.pyc
[1.151s] byte-compiling /mnt/nas/projects/robot/pika_ros/install/diana_robot/lib/python3.10/site-packages/diana_robot/DianaRobot.py to DianaRobot.cpython-310.pyc
[1.154s] running install_egg_info
[1.156s] Copying ../../../../build/diana_robot/diana_robot.egg-info to /mnt/nas/projects/robot/pika_ros/install/diana_robot/lib/python3.10/site-packages/diana_robot-1.0.0-py3.10.egg-info
[1.162s] running install_scripts
[1.181s] writing list of installed files to '/mnt/nas/projects/robot/pika_ros/build/diana_robot/install.log'
[1.202s] Invoked command in '/mnt/nas/projects/robot/pika_ros/src/PikaAnyArm/diana/diana_sdk' returned '0': CONDA_PROMPT_MODIFIER=(base) PYTHONPATH=/mnt/nas/projects/robot/pika_ros/build/diana_robot/prefix_override:/usr/lib/python3/dist-packages/colcon_core/task/python/colcon_distutils_commands:/mnt/nas/projects/robot/pika_ros/install/diana_robot/lib/python3.10/site-packages:${PYTHONPATH} /usr/bin/python3 -W ignore:setup.py install is deprecated -W ignore:easy_install command is deprecated setup.py egg_info --egg-base ../../../../build/diana_robot build --build-base /mnt/nas/projects/robot/pika_ros/build/diana_robot/build install --record /mnt/nas/projects/robot/pika_ros/build/diana_robot/install.log --single-version-externally-managed
