/mnt/nas/projects/robot/pika_ros/install/pika_remote_diana/lib/python3.10/site-packages/pika_remote_diana/__init__.py
/mnt/nas/projects/robot/pika_ros/install/pika_remote_diana/lib/python3.10/site-packages/pika_remote_diana/teleop_diana.py
/mnt/nas/projects/robot/pika_ros/install/pika_remote_diana/lib/python3.10/site-packages/pika_remote_diana/tools.py
/mnt/nas/projects/robot/pika_ros/install/pika_remote_diana/lib/python3.10/site-packages/pika_remote_diana/transformations.py
/mnt/nas/projects/robot/pika_ros/install/pika_remote_diana/lib/python3.10/site-packages/pika_remote_diana/__pycache__/__init__.cpython-310.pyc
/mnt/nas/projects/robot/pika_ros/install/pika_remote_diana/lib/python3.10/site-packages/pika_remote_diana/__pycache__/teleop_diana.cpython-310.pyc
/mnt/nas/projects/robot/pika_ros/install/pika_remote_diana/lib/python3.10/site-packages/pika_remote_diana/__pycache__/tools.cpython-310.pyc
/mnt/nas/projects/robot/pika_ros/install/pika_remote_diana/lib/python3.10/site-packages/pika_remote_diana/__pycache__/transformations.cpython-310.pyc
/mnt/nas/projects/robot/pika_ros/install/pika_remote_diana/share/ament_index/resource_index/packages/pika_remote_diana
/mnt/nas/projects/robot/pika_ros/install/pika_remote_diana/share/pika_remote_diana/package.xml
/mnt/nas/projects/robot/pika_ros/install/pika_remote_diana/share/pika_remote_diana/launch/teleop_double_diana.launch.py
/mnt/nas/projects/robot/pika_ros/install/pika_remote_diana/share/pika_remote_diana/launch/teleop_single_diana.launch.py
/mnt/nas/projects/robot/pika_ros/install/pika_remote_diana/share/pika_remote_diana/config/left_params.yaml
/mnt/nas/projects/robot/pika_ros/install/pika_remote_diana/share/pika_remote_diana/config/right_params.yaml
/mnt/nas/projects/robot/pika_ros/install/pika_remote_diana/lib/python3.10/site-packages/pika_remote_diana-0.0.1-py3.10.egg-info/PKG-INFO
/mnt/nas/projects/robot/pika_ros/install/pika_remote_diana/lib/python3.10/site-packages/pika_remote_diana-0.0.1-py3.10.egg-info/zip-safe
/mnt/nas/projects/robot/pika_ros/install/pika_remote_diana/lib/python3.10/site-packages/pika_remote_diana-0.0.1-py3.10.egg-info/dependency_links.txt
/mnt/nas/projects/robot/pika_ros/install/pika_remote_diana/lib/python3.10/site-packages/pika_remote_diana-0.0.1-py3.10.egg-info/entry_points.txt
/mnt/nas/projects/robot/pika_ros/install/pika_remote_diana/lib/python3.10/site-packages/pika_remote_diana-0.0.1-py3.10.egg-info/requires.txt
/mnt/nas/projects/robot/pika_ros/install/pika_remote_diana/lib/python3.10/site-packages/pika_remote_diana-0.0.1-py3.10.egg-info/top_level.txt
/mnt/nas/projects/robot/pika_ros/install/pika_remote_diana/lib/python3.10/site-packages/pika_remote_diana-0.0.1-py3.10.egg-info/SOURCES.txt
/mnt/nas/projects/robot/pika_ros/install/pika_remote_diana/lib/pika_remote_diana/teleop_diana
